					Render 0:00:00:005
*** executable info
Timestamp:     	6a22b86d
Date:          	Fri Jun  5 07:52:13 2026
Command line:  	
Compiler:      	194435214, 142 (VS 2019) or newer


*** hardware info
CPU name      	Intel(R) Core(TM) i7-14700K
CPU MHz       	3418
CPU cores     	20/28
Phys. Memory   	65278 MBytes
Memory In Use  	26%
Disk Free      	759406 MBytes


*** OS info
OS:            	Windows 11
Version:       	10.0.26100 


*** Debug::Init()


					Render 0:00:00:061
Steam initialized (AppId 3215050, Beta branch ???)
					Render 0:00:00:064
Drive type for game installation: SSD, savegames: SSD
Language: English
					Render 0:00:01:358
*** graphics info
GPU                            	NVIDIA GeForce RTX 4080 Feature Level: 12.1 {  DoublePrecisionFloatShaderOps: 1 OutputMergerLogicOp: 1 MinPrecisionSupport: 2 TiledResourcesTier: 4 ResourceBindingTier: 3 PSSpecifiedStencilRefSupported: 0 TypedUAVLoadAdditionalFormats: 1 ROVsSupported: 1 ConservativeRasterizationTier: 3 MaxGPUVirtualAddressBitsPerResource: 40 StandardSwizzle64KBSupported: 0 CrossNodeSharingTier: 0 CrossAdapterRowMajorTextureSupported: 0 VPAndRTArrayIndexFromAnyShaderFeedingRasterizerSupportedWithoutGSEmulation: 1 ResourceHeapTier: 2 NotZeroedPools: 1 UMA: 0 UnalignedBlockTextures: 1}
API                            	d3d12
GPU Driver Version             	32.0.16.1074
GPU Driver Package Version     	610.74
GPU Dedicated Video Memory     	16048 MB
					Render 0:00:01:490

Libs: Network, Sequences, MouseTrackWin, DumbAI, MapGen, Paradox, TriggersAndEvents, Notifications, Research, Resources 

					Render 0:00:01:685

Platform: desktop, editor, goldmaster, paradox, pc, steam

					Render 0:00:02:331
*** audio info
Audio Endpoint                 	Speakers (Razer Leviathan V2)
						Lua 0:00:02:389
Lua revision: 396349
Assets revision: 31031
						Lua 0:00:02:390
Steam AppID: 3215050
Build version: 1.0.7.396349
Build branch:  Release
						Lua 0:00:14:689
Account storage loaded successfully in 1 ms
						Lua 0:00:14:691
[mod] Loaded mod def Community Fix Pack — Test Kit (id SMR_CommunityFixPackTestKit, v0.00-001) unpacked from appdata
[mod] Loaded mod def Community Fix Pack (id SMR_CommunityFixPack, v1.00-001) unpacked from appdata
						Lua 0:00:15:046
[mod] [SMRTest] console enable requested (flag-only, UI was not up) — press Enter (or Alt-Shift-C) once in a colony
[SMRTest] console enable requested (flag-only, UI was not up) — press Enter (or Alt-Shift-C) once in a colony
[mod] [SMRTest] no debug.getinfo (mod sandbox) — [install] probes will SKIP
[SMRTest] no debug.getinfo (mod sandbox) — [install] probes will SKIP
[mod] [SMRTest] test kit loaded — SMRTest.RunAll(), SMRTest.List(), SMRTest.<ProbeId>()
[SMRTest] test kit loaded — SMRTest.RunAll(), SMRTest.List(), SMRTest.<ProbeId>()
						Lua 0:00:15:051
[mod] [SMRTest][carry] fixture-carry dump available — run SMRTest.FixtureCarry()
						Lua 0:00:15:660
Reloading done in 961 ms
						Lua 0:00:15:981
[preset] Preset postprocess took 54 ms.
						Lua 0:00:16:028
479 / 479 particle streams loaded in 43 ms.
						Lua 0:00:16:272
[PdxSDK] Started up. Took 1572
						Lua 0:00:16:280
[mod] Loaded mod items for: SMR_CommunityFixPackTestKit
						Lua 0:00:16:727
[Braze] SessionStart error The server name or address could not be resolved

[Braze] Failed sending launcher ev The server name or address could not be resolved

[Braze] Failed to init
						Lua 0:00:16:815
[Braze] SessionStart error The server name or address could not be resolved

						Lua 0:00:16:816
[Braze] Failed sending launcher ev The server name or address could not be resolved

[Braze] Failed to init
						Lua 0:00:21:129
Load Game: 
	lua_revision: 396349 
	assets_revision: 31031 

	mods: SMR_CommunityFixPackTestKit, SMR_CommunityFixPack 
						Lua 0:00:21:136
*** Reloading assets from folder 'BinAssets/'
							IO Task 0:00:21:164
[ResManager Error] Cannot find file with base path: Animations/LawOfficeDoor_idle.hgacl
[ResManager Error] Cannot find file with base path: Animations/LawOfficeDoor_opening.hgacl
						Lua 0:00:22:880
*** Assets reloaded in 1.7 s, read 203.2 MB, read speed 116.5 MB/s, average read 4974 bytes.
						Lua 0:00:25:986
Unpersist missing permanent: Mod/SMR_CommunityFixPack | Fallback permanent: table: 00000172F0A7A608 [7]
						Lua 0:00:26:039
[mod] This savegame tries to load Mod Community Fix Pack (id SMR_CommunityFixPack, v1.00-001), which is present, but not loaded
						Lua 0:00:28:827
[mod] [SMRTest] console enable requested (clean) — press Enter (or Alt-Shift-C) once in a colony
[SMRTest] console enable requested (clean) — press Enter (or Alt-Shift-C) once in a colony
						Lua 0:00:28:872
game_settings:
    sponsor: NASA
    profile: rocketscientist
    founding_faction: ProsperityForMars
    rival_colonies: paradox, Japan
    mystery_random: 
    game_rules: (none)
more_game_settings: save_game_id: HdmSxGs6kyd0uz6-, mystery: none, coordinates: 0N107E, landing_spot: , logo: USA
map_conditions: altitude: -583, temperature: -1, cold_wave: 0, dust_devils: 66, dust_storm: 102, meteors: 109
map_resources: concrete: 146, metals: 146, precious_metals: 146, water: 176
						Lua 0:00:28:889
Game Loaded in 7761 ms
						Lua 0:00:28:923
[mod] [SMRTest] console enable requested (clean) — press Enter (or Alt-Shift-C) once in a colony
[SMRTest] console enable requested (clean) — press Enter (or Alt-Shift-C) once in a colony
						Lua 0:00:29:604
Game loaded on map BlankBigCanyonCMix_09 in 8576 ms
[mod] [CB2] LOAD OK #1 file=CB2UNINSTALL.savegame.sav — LoadGame returned no error
[CB2] LOAD OK #1 file=CB2UNINSTALL.savegame.sav — LoadGame returned no error
						Lua 0:00:31:906
[mod] [SMRTest] console enable requested (clean) — press Enter (or Alt-Shift-C) once in a colony
[SMRTest] console enable requested (clean) — press Enter (or Alt-Shift-C) once in a colony
						Lua 0:00:34:824
[mod] [CB2] CONDITIONS pack=0/0 active | map=BlankBigCanyonCMix_09 | speed=5 | loads_this_process=1 | note=leg T: after a full restart with the pack disabled
[CB2] CONDITIONS pack=0/0 active | map=BlankBigCanyonCMix_09 | speed=5 | loads_this_process=1 | note=leg T: after a full restart with the pack disabled
0 0
						Lua 0:00:45:128
[mod] [CB2] READ speed: SetGameSpeed(3) call=true | before=5 after=3
[CB2] READ speed: SetGameSpeed(3) call=true | before=5 after=3
						Lua 0:07:45:865


Stopping the game threads from the Lua side with exit code 0.

					Render 0:07:45:871


Stopping the game threads after receiving WM_QUIT.

					Render 0:07:46:243


*** Debug::Done()
Time (ms)	466243


