					Render 0:00:00:005
*** executable info
					Render 0:00:00:006
Timestamp:     	6a22b8b3
Date:          	Fri Jun  5 07:53:23 2026
Command line:  	
Compiler:      	194435214, 142 (VS 2019) or newer


*** hardware info
CPU name      	Intel(R) Core(TM) i7-14700K
CPU MHz       	3418
CPU cores     	20/28
Phys. Memory   	65278 MBytes
Memory In Use  	32%
Disk Free      	759036 MBytes


*** OS info
OS:            	Windows 11
Version:       	10.0.26100 


*** Debug::Init()


					Render 0:00:00:070
Steam initialized (AppId 3215050, Beta branch ???)
					Render 0:00:00:073
Drive type for game installation: SSD, savegames: SSD
Language: English
					Render 0:00:01:425
*** graphics info
GPU                            	NVIDIA GeForce RTX 4080 Feature Level: 12.1 {  DoublePrecisionFloatShaderOps: 1 OutputMergerLogicOp: 1 MinPrecisionSupport: 2 TiledResourcesTier: 4 ResourceBindingTier: 3 PSSpecifiedStencilRefSupported: 0 TypedUAVLoadAdditionalFormats: 1 ROVsSupported: 1 ConservativeRasterizationTier: 3 MaxGPUVirtualAddressBitsPerResource: 40 StandardSwizzle64KBSupported: 0 CrossNodeSharingTier: 0 CrossAdapterRowMajorTextureSupported: 0 VPAndRTArrayIndexFromAnyShaderFeedingRasterizerSupportedWithoutGSEmulation: 1 ResourceHeapTier: 2 NotZeroedPools: 1 UMA: 0 UnalignedBlockTextures: 1}
API                            	d3d12
GPU Driver Version             	32.0.16.1074
GPU Driver Package Version     	610.74
GPU Dedicated Video Memory     	16048 MB
					Render 0:00:01:564

Libs: Network, Sequences, MouseTrackWin, DumbAI, MapGen, Paradox, TriggersAndEvents, Notifications, Research, Resources, DevToolsPublic, DebugAdapter 

					Render 0:00:01:778

Platform: asserts, cheats, debug, desktop, editor, goldmaster, paradox, pc, steam

						Game Task 0:00:01:793

** Entity stats:
  entities: 2920
  unique state names: 335 / 1023
  unique spot names: 370
  unique spot transforms: 19621
  max surface radius: 47680 cm

					Render 0:00:02:460
*** audio info
Audio Endpoint                 	Speakers (Razer Leviathan V2)
							Lua 0:00:02:515
Lua revision: 396349
Assets revision: 31031
Steam AppID: 3215050
Build version: 1.0.7.396349
Build branch:  Release
							Lua 0:00:02:518
[DebugAdapter] Started at 127.0.0.1:8165
							Lua 0:00:17:514
Account storage loaded successfully in 2 ms
							Lua 0:00:17:517
[mod] Loaded mod def Community Fix Pack — Test Kit (id SMR_CommunityFixPackTestKit, v0.00-001) unpacked from appdata
[mod] Loaded mod def Community Fix Pack (id SMR_CommunityFixPack, v1.00-001) unpacked from appdata
							Lua 0:00:17:874
[mod] [SMRTest] console enable requested (flag-only, UI was not up) — press Enter (or Alt-Shift-C) once in a colony
[SMRTest] console enable requested (flag-only, UI was not up) — press Enter (or Alt-Shift-C) once in a colony
							Lua 0:00:17:875
[mod] [SMRTest] no debug.getinfo (mod sandbox) — [install] probes will SKIP
[SMRTest] no debug.getinfo (mod sandbox) — [install] probes will SKIP
[mod] [SMRTest] test kit loaded — SMRTest.RunAll(), SMRTest.List(), SMRTest.<ProbeId>()
[SMRTest] test kit loaded — SMRTest.RunAll(), SMRTest.List(), SMRTest.<ProbeId>()
							Lua 0:00:17:879
[mod] [SMRTest][carry] fixture-carry dump available — run SMRTest.FixtureCarry()
							Lua 0:00:17:880
[mod] [CommunityFixPack] CaveInsNoDisasters: applied
[mod] [CommunityFixPack] MeteorFrequency: applied
[mod] [CommunityFixPack] UpgradeModifierLeak: applied
[mod] [CommunityFixPack] NightShiftWork: applied
[mod] [CommunityFixPack] MilestoneCrash: applied
[mod] [CommunityFixPack] WispRewards: applied
[mod] [CommunityFixPack] TouristApplicants: applied
[mod] [CommunityFixPack] TrainsToVoid: applied
[mod] [CommunityFixPack] LanderEmptyLaunch: applied
							Lua 0:00:17:881
[mod] [CommunityFixPack] LanderCargoRatchet: applied
[mod] [CommunityFixPack] LanderReturnFuel: applied
[mod] [CommunityFixPack] ShelterReflex: applied
[mod] [CommunityFixPack] BrokenTrackSalvage: applied
[mod] [CommunityFixPack] TrackSalvageWipe: applied
[mod] [CommunityFixPack] LakeEntombment: applied
[mod] [CommunityFixPack] GhostFarmOxygen: applied
							Lua 0:00:17:882
[mod] [CommunityFixPack] RocketDroneChurn: applied
[mod] [CommunityFixPack] ShuttleTransportCache: applied
[mod] [CommunityFixPack] VacuumWalks: applied
[mod] [CommunityFixPack] ArrivalDeaths: applied
[mod] [CommunityFixPack] DroneUnreachableForever: applied
[mod] [CommunityFixPack] StaleReservations: applied
[mod] [CommunityFixPack] CrystalMysteryHang: applied
[mod] [CommunityFixPack] TouristSatisfaction: applied
[mod] [CommunityFixPack] TrainPlatformWedge: applied
							Lua 0:00:17:883
[mod] [CommunityFixPack] LowStorageWarning: applied
[mod] [CommunityFixPack] CommandCenterNumbers: applied
[mod] [CommunityFixPack] DomeOverviewHighlight: applied
[mod] [CommunityFixPack] TrainCargoDumping: applied
[mod] [CommunityFixPack] UniversityOvertraining: applied
[mod] [CommunityFixPack] DestroyedTunnels: applied
[mod] [CommunityFixPack] DustSicknessBiorobots: applied
[mod] [CommunityFixPack] DustSicknessDamage: applied
[mod] [CommunityFixPack] GeneForging: applied
[mod] [CommunityFixPack] MirrorSphereSite: applied
[mod] [CommunityFixPack] PayloadTemplateRefill: applied
							Lua 0:00:17:884
[mod] [CommunityFixPack] AsteroidLanderAvailable: applied
[mod] [CommunityFixPack] ShuttleHubOffAvailable: applied
[mod] [CommunityFixPack] FreedHousingNotice: applied
[mod] [CommunityFixPack] DomeFreeSpaceMismatch: applied
[mod] [CommunityFixPack] SmallLandscapeSites: applied
[mod] [CommunityFixPack] LandscapeUnitFilter: applied
							Lua 0:00:17:885
[mod] [CommunityFixPack] RocketInteractGuard: applied
[mod] [CommunityFixPack] TrackConnectorPingPong: applied
[mod] [CommunityFixPack] TrackTunnelPowerBridge: applied
[mod] [CommunityFixPack] GridGlobalStorage: applied
[mod] [CommunityFixPack] LastTransmissionStorage: applied
[mod] [CommunityFixPack] GraphConsumedCaption: applied
[mod] [CommunityFixPack] MoraleComfortTooltip: applied
[mod] [CommunityFixPack] TrainWaitTime: applied
[mod] [CommunityFixPack] FounderTraitNotification: applied
							Lua 0:00:17:886
[mod] [CommunityFixPack] StorageRateModifiers: applied
[mod] [CommunityFixPack] SequenceLatents: applied
[mod] [CommunityFixPack] IndependenceTerraforming: applied
[mod] [CommunityFixPack] TrackSalvageRefund: applied
[mod] [CommunityFixPack] LayoutTechLock: applied
[mod] [CommunityFixPack] TrainMinors: applied
[mod] [CommunityFixPack] DroneTransportMinors: applied
[mod] [CommunityFixPack] AnomalyCaveInMap: applied
[mod] [CommunityFixPack] TechDescriptionBuilding: applied
							Lua 0:00:17:887
[mod] [CommunityFixPack] BombardmentSpread: applied
[mod] [CommunityFixPack] ExtenderFlapChurn: applied
[mod] [CommunityFixPack] DisasterPredictionLeak: applied
[mod] [CommunityFixPack] MeteorStormWedge: applied
[mod] [CommunityFixPack] RainsDeadlock: applied
[mod] [CommunityFixPack] FirstAsteroidPrefabs: applied
[mod] [CommunityFixPack] SaintBlessing: applied
[mod] [CommunityFixPack] DustDevilsDescrMap: applied
[mod] [CommunityFixPack] AstrogeologistExtractors: applied
							Lua 0:00:17:888
[mod] [CommunityFixPack] SinkholeIndestructible: applied
[mod] [CommunityFixPack] DustStormUndergroundBreaks: applied
[mod] [CommunityFixPack] DustDevilSpawnGate: applied
[mod] [CommunityFixPack] SaveSanitizer: applied
[mod] [CommunityFixPack] ClassicRockets: applied
[mod] [CommunityFixPack] AcknowledgedWarnings: applied
[mod] [CommunityFixPack] ResidencyControl: applied
[mod] [CommunityFixPack] MultipleSuns: applied
							Lua 0:00:17:889
[mod] [CommunityFixPack] DroneOverhaul: applied
[mod] [CommunityFixPack] CohortHousing: applied
[mod] [CommunityFixPack] NoHomeless: self-check targets Community but Workforce declares HasFreeWorkplacesAround — authoring error, not a game update (FIX_POLICY §2)
[mod] [CommunityFixPack] NoHomeless: inactive (Community.HasFreeWorkplacesAround not found (game update changed the Workforce mixin?) — without it a flagged dome could never be staffed)
[mod] [CommunityFixPack] DroneStatDials: applied
							Lua 0:00:18:427
[mod] [CommunityFixPack] SaintBlessing: inactive (no dome-colonists trait presets)
[mod] [CommunityFixPack] SinkholeIndestructible: the St. Elmo's Fire sinkhole is now indestructible, like every other mystery set-piece
							Lua 0:00:18:502
Reloading done in 977 ms
							Lua 0:00:18:930
[preset] Preset postprocess took 77 ms.
							Lua 0:00:18:984
479 / 479 particle streams loaded in 49 ms.
							Lua 0:00:18:986
[mod] [CommunityFixPack] LastTransmissionStorage: 6 storage condition(s) made effective, 1 retargeted
[mod] [CommunityFixPack] IndependenceTerraforming: Independence_TerraformingProjects now discounts special projects by 20% as its param1 says
[mod] [CommunityFixPack] AstrogeologistExtractors: added 2 missing extractor entr(y/ies) to the astrogeologist profile (10 already present)
							Lua 0:00:18:987
[mod] [CommunityFixPack] MultipleSuns: BuildingTemplates.ArtificialSun not found — build limit NOT lifted (binding fix still active)
							Lua 0:00:19:284
[mod] [CommunityFixPack] SaintBlessing: corrected 1 dome-colonists trait modifier label(s) of 2
[mod] [CommunityFixPack] MultipleSuns: Artificial Sun build-once limit lifted
							Lua 0:00:19:475
[mod] [SMRAUTO] armed (flag file Code/96_AutoRunFlag.lua)
[SMRAUTO] armed (flag file Code/96_AutoRunFlag.lua)
[mod] [SMRAUTO] ShowStartGamePopup neutered for the unattended run
[SMRAUTO] ShowStartGamePopup neutered for the unattended run
							Lua 0:00:19:479
[PdxSDK] Started up. Took 1955
							Lua 0:00:19:595
[mod] Loaded mod items for: SMR_CommunityFixPackTestKit, SMR_CommunityFixPack
							Lua 0:00:19:596
[mod] [CommunityFixPack] NoHomeless: applied
							Lua 0:00:19:752
Received achievements from Steam.
							Lua 0:00:19:945
[Braze] SessionStart error The server name or address could not be resolved

[Braze] Failed sending launcher ev The server name or address could not be resolved

[Braze] Failed to init
							Lua 0:00:20:077
[Braze] SessionStart error The server name or address could not be resolved

[Braze] Failed sending launcher ev The server name or address could not be resolved

[Braze] Failed to init
							Lua 0:00:21:957
Game Seed:  Hf_2uu21 7914839055588257823 
							Lua 0:00:21:992
*** Reloading assets from folder 'BinAssets/'
								IO Task 0:00:22:020
[ResManager Error] Cannot find file with base path: Animations/LawOfficeDoor_idle.hgacl
[ResManager Error] Cannot find file with base path: Animations/LawOfficeDoor_opening.hgacl
							Lua 0:00:23:839
*** Assets reloaded in 1.8 s, read 202.1 MB, read speed 109.4 MB/s, average read 4949 bytes.
							Lua 0:00:25:501
Map::Init: 0.19000 ms
Map::Load: 66.22000 ms
CreateMap: 66.25000 ms
							Lua 0:00:25:688
Buildable grid ready: 3/118 valid zones.
							Lua 0:00:25:699
game_settings:
    sponsor: IMM
    profile: rocketscientist
    founding_faction: MarsDemocraticParty
    rival_colonies: NewArk, Roscosmos, BlueSun
    mystery_random: MarsgateMystery
    game_rules: (none)
more_game_settings: 							Lua 0:00:25:700
save_game_id: nil, mystery: random, coordinates: 13S65W, landing_spot: , logo: IMM
map_conditions: altitude: -6007, temperature: -1, cold_wave: 0, dust_devils: 19, dust_storm: 36, meteors: 36
map_resources: concrete: 73, metals: 109, precious_metals: 109, water: 182
							Lua 0:00:25:713
[mod] [SMRTest] console enable requested (clean) — press Enter (or Alt-Shift-C) once in a colony
[SMRTest] console enable requested (clean) — press Enter (or Alt-Shift-C) once in a colony
							Lua 0:00:25:714
[mod] [SMRTest] console enable requested (clean) — press Enter (or Alt-Shift-C) once in a colony
[SMRTest] console enable requested (clean) — press Enter (or Alt-Shift-C) once in a colony
							Lua 0:00:25:725
MapLoadRandom:  8434844419471612985 
							Lua 0:00:27:194
Map (slot 1) changed to "BlankBigCanyonCMix_05" in 5213 ms.
							Lua 0:00:29:158
Buildable grid ready: 13/1052 valid zones.
							Lua 0:00:30:637
[LUA ERROR] Lua/Flight.lua:479: attempt to index a boolean value (field 'objects_to_unmark')
  Lua/Flight.lua(479):  method Unmark
  Lua/UniversalRocket.lua(268):   <>
  [C](-1):  global sprocall
  CommonLua/Classes/CommandObject.lua(244):   <>
        --- end of stack
Locals:
	                self |   object Flight
	                 obj |   object UniversalZeusRocket at invalid pos on map 1
							Lua 0:01:25:638
Map::Init: 0.10000 ms
Map::Load: 82.15000 ms
CreateMap: 82.17000 ms
							Lua 0:01:25:693
Buildable grid ready: 1/2 valid zones.
							Lua 0:01:25:698
MapLoadRandom:  9164767722550985402 
							Lua 0:01:26:506
Map (slot 2) changed to "BlankUnderground_01" in 1396 ms.
							Lua 0:01:29:071
Buildable grid ready: 1/3 valid zones.
							Lua 0:01:30:333
[LUA ERROR] Lua/Flight.lua:465: attempt to index a boolean value (field 'objects_to_mark')
  Lua/Flight.lua(465):  method Mark
  Lua/Buildings/Building.lua(347):  method ApplyToGrids
  Lua/GridObject.lua(78):   <>
  [C](-1):  global procall
  CommonLua/Core/classes.lua(227):  method GameInit
  CommonLua/Classes/_object.lua(190):   <>
        --- end of stack
Locals:
	                self |   object FlightUnderground
	                 obj |   object CaveOfWonders at (290500, 276254) on map 2
	   Flight_IsMarkable | function 0x0000024D76F525C0
							Lua 0:01:35:141
starting sector selected: E6
							Lua 0:01:36:425
[mod] [SMRTest] console enable requested (clean) — press Enter (or Alt-Shift-C) once in a colony
[SMRTest] console enable requested (clean) — press Enter (or Alt-Shift-C) once in a colony
							Lua 0:01:37:425
[mod] [SMRTest] console enable requested (clean) — press Enter (or Alt-Shift-C) once in a colony
[SMRTest] console enable requested (clean) — press Enter (or Alt-Shift-C) once in a colony
							Lua 0:02:05:111
[mod] [SMRAUTO] SETUP-ONLY: colony ready. In the console (Enter): SMRTest.EnableIntrospection(debug) then SMRTest.RunAll()
[SMRAUTO] SETUP-ONLY: colony ready. In the console (Enter): SMRTest.EnableIntrospection(debug) then SMRTest.RunAll()
							Lua 0:02:25:204
true
							Lua 0:02:34:329
[mod] [SMRTest] ---- RunAll (all probes) ----
[SMRTest] ---- RunAll (all probes) ----
[mod] [SMRTest] fix pack present: 81/81 fixes active
[SMRTest] fix pack present: 81/81 fixes active
[mod] [SMRTest] PASS  CaveInsNoDisasters       [install] repeat FUNC wrapped by the fix pack
[SMRTest] PASS  CaveInsNoDisasters       [install] repeat FUNC wrapped by the fix pack
							Lua 0:02:34:330
[mod] [CommunityFixPack] MeteorFrequency: WATCHDOG — no meteor resolved for 99 game hours (thread ALIVE but stuck); restarting onto vanilla's body
[mod] [SMRTest] PASS  MeteorFrequency          [behavior] wrapper stretches only the Meteors thread's roll; body copy gone; watchdog restarts a stalled thread and spares a fresh one
[SMRTest] PASS  MeteorFrequency          [behavior] wrapper stretches only the Meteors thread's roll; body copy gone; watchdog restarts a stalled thread and spares a fresh one
[mod] [SMRTest] PASS  UpgradeModifierLeak      [behavior] modifier turned off
[SMRTest] PASS  UpgradeModifierLeak      [behavior] modifier turned off
[mod] [SMRTest] PASS  NightShiftWork           [behavior] hours 0 and 1 send shift-3 colonists to work
[SMRTest] PASS  NightShiftWork           [behavior] hours 0 and 1 send shift-3 colonists to work
[mod] [SMRTest] PASS  MilestoneCrash           [install] CompleteMilestone replaced (0 hidden uncompleted milestone(s) in this game = crash fuel)
[SMRTest] PASS  MilestoneCrash           [install] CompleteMilestone replaced (0 hidden uncompleted milestone(s) in this game = crash fuel)
[mod] [SMRTest] PASS  WispPower                [behavior] 3 wisps -> 3000 power units
[SMRTest] PASS  WispPower                [behavior] 3 wisps -> 3000 power units
[mod] [SMRTest] PASS  WispResearch             [behavior] no double grant; notification says 300 for 3 wisps
[SMRTest] PASS  WispResearch             [behavior] no double grant; notification says 300 for 3 wisps
							Lua 0:02:34:331
[mod] [SMRTest] PASS  TouristApplicants        [behavior] 1-star 153 < 2-star 315 over 400 rolls
[SMRTest] PASS  TouristApplicants        [behavior] 1-star 153 < 2-star 315 over 400 rolls
[mod] [SMRTest] PASS  FactionFundingCheck      [behavior] returned 0 (non-discriminating: engine tolerates pairs(nil) — not evidence)
[SMRTest] PASS  FactionFundingCheck      [behavior] returned 0 (non-discriminating: engine tolerates pairs(nil) — not evidence)
[mod] [SMRTest] PASS  TrainsToVoid             [install] Station:OnDemolish pre-hook installed (colony Train prefabs right now: 0)
[SMRTest] PASS  TrainsToVoid             [install] Station:OnDemolish pre-hook installed (colony Train prefabs right now: 0)
[mod] [SMRTest] PASS  LanderEmptyLaunch        [behavior] empty flight blocked, loaded flight still ready
[SMRTest] PASS  LanderEmptyLaunch        [behavior] empty flight blocked, loaded flight still ready
[mod] [SMRTest] PASS  LanderCargoRatchet       [behavior] request 300000 >= 300000 aboard
[SMRTest] PASS  LanderCargoRatchet       [behavior] request 300000 >= 300000 aboard
[mod] [SMRTest] PASS  LanderReturnFuel         [behavior] parked lander keeps 3500 fuel requested
[SMRTest] PASS  LanderReturnFuel         [behavior] parked lander keeps 3500 fuel requested
[mod] [SMRTest] PASS  ShelterReflex            [behavior] life-support blip tolerated; Idle carries the shelter branch
[SMRTest] PASS  ShelterReflex            [behavior] life-support blip tolerated; Idle carries the shelter branch
							Lua 0:02:34:332
[mod] [SMRTest] F45: 0 track repair site(s); 0 with a non-numeric node_idx (track unsalvageable)
[SMRTest] F45: 0 track repair site(s); 0 with a non-numeric node_idx (track unsalvageable)
[mod] [SMRTest] PASS  BrokenTrackSalvage       [install] BreakTrackElement stamps node_idx; 0 repair site(s) in this save all clean
[SMRTest] PASS  BrokenTrackSalvage       [install] BreakTrackElement stamps node_idx; 0 repair site(s) in this save all clean
							Lua 0:02:34:333
[mod] [SMRTest] PASS  TrackSalvageWipe         [install] DemolishAndSplitTrack replaced (0 track(s), 0 train(s) on the map right now)
[SMRTest] PASS  TrackSalvageWipe         [install] DemolishAndSplitTrack replaced (0 track(s), 0 train(s) on the map right now)
[mod] [SMRTest] PASS  LakeEntombment           [install] PlacePrefab sweeps for trapped units (0 unit(s) currently on impassable ground)
[SMRTest] PASS  LakeEntombment           [install] PlacePrefab sweeps for trapped units (0 unit(s) currently on impassable ground)
[mod] [SMRTest] PASS  GhostFarmOxygen          [install] SetDome clears the farm modifier; 0 dome(s) clean
[SMRTest] PASS  GhostFarmOxygen          [install] SetDome clears the farm modifier; 0 dome(s) clean
[mod] [SMRTest] PASS  RocketDroneChurn         [behavior] steady-state refresh keeps the drones; new requests still reconnect
[SMRTest] PASS  RocketDroneChurn         [behavior] steady-state refresh keeps the drones; new requests still reconnect
[mod] [SMRTest] PASS  ShuttleTransportCache    [behavior] verdict recomputed when shuttle availability flips, and still cached while it does not
[SMRTest] PASS  ShuttleTransportCache    [behavior] verdict recomputed when shuttle availability flips, and still cached while it does not
[mod] [SMRTest] PASS  VacuumWalks              [behavior] vacuum move uses the passage route; breathable maps unchanged
[SMRTest] PASS  VacuumWalks              [behavior] vacuum move uses the passage route; breathable maps unchanged
[mod] [SMRTest] PASS  ArrivalDeaths            [behavior] the impassable drop spot was snapped to a walkable one; Colonist.Arrive is vanilla's (0 colonist(s) currently walking between domes)
[SMRTest] PASS  ArrivalDeaths            [behavior] the impassable drop spot was snapped to a walkable one; Colonist.Arrive is vanilla's (0 colonist(s) currently walking between domes)
[mod] [SMRTest] PASS  DroneUnreachableForever  [behavior] failure normalised to now+0 ms; expires after 3600000 ms
[SMRTest] PASS  DroneUnreachableForever  [behavior] failure normalised to now+0 ms; expires after 3600000 ms
[mod] [SMRTest] F58: 0 residence(s) hold 0 reserved slot(s); 0 are clearly stale
[SMRTest] F58: 0 residence(s) hold 0 reserved slot(s); 0 are clearly stale
[mod] [SMRTest] PASS  StaleReservations        [behavior] reservation timestamped for the daily sweep (0 reserved slot(s) in this save, 0 clearly stale)
[SMRTest] PASS  StaleReservations        [behavior] reservation timestamped for the daily sweep (0 reserved slot(s) in this save, 0 clearly stale)
							Lua 0:02:34:334
[mod] [SMRTest] PASS  CrystalMysteryHang       [install] CrystalFlyAway handler registered (current mystery: MarsgateMystery)
[SMRTest] PASS  CrystalMysteryHang       [install] CrystalFlyAway handler registered (current mystery: MarsgateMystery)
[mod] [SMRTest] PASS  TouristSatisfaction      [behavior] 0->100 pays 40000, 100->0 charges -40000
[SMRTest] PASS  TouristSatisfaction      [behavior] 0->100 pays 40000, 100->0 charges -40000
[mod] [SMRTest] PASS  TrainPlatformWedge       [behavior] stale passenger removed and ticket discarded
[SMRTest] PASS  TrainPlatformWedge       [behavior] stale passenger removed and ticket discarded
[mod] [SMRTest] PASS  LowStorageWarning        [install] hourly update wrapped with the corrected supply window
[SMRTest] PASS  LowStorageWarning        [install] hourly update wrapped with the corrected supply window
[mod] [SMRTest] PASS  CommandCenterNumbers     [behavior] all 11 getters present
[SMRTest] PASS  CommandCenterNumbers     [behavior] all 11 getters present
[mod] [SMRTest] PASS  DomeOverviewHighlight    [behavior] low stat rendered as <red>20</red>
[SMRTest] PASS  DomeOverviewHighlight    [behavior] low stat rendered as <red>20</red>
[mod] [SMRTest] PASS  PayloadTemplateRefill    [behavior] template prefills a fresh payload (20) but never overrides a configured one
[SMRTest] PASS  PayloadTemplateRefill    [behavior] template prefills a fresh payload (20) but never overrides a configured one
[mod] [SMRTest] PASS  ClassicRockets           [behavior] a parked player rocket keeps 3500 fuel requested
[SMRTest] PASS  ClassicRockets           [behavior] a parked player rocket keeps 3500 fuel requested
[mod] [CommunityFixPack] SaveSanitizer: restored the Frictionless Composites buff on the WindTurbine label (+100% electricity_production)
[mod] [CommunityFixPack] SaveSanitizer: restored the Frictionless Composites buff on the WindTurbine_Large label (+100% electricity_production)
[mod] [SMRTest] PASS  SaveSanitizerTurbineBuff [behavior] all three turbine labels at 100%, unchanged by a second run
[SMRTest] PASS  SaveSanitizerTurbineBuff [behavior] all three turbine labels at 100%, unchanged by a second run
[mod] [CommunityFixPack] SaveSanitizer: removed 1 leaked upgrade modifier(s) from salvaged buildings
[mod] [SMRTest] PASS  SaveSanitizerUpgradeLeak [behavior] orphaned upgrade bonus removed; live building's and unrelated modifiers untouched
[SMRTest] PASS  SaveSanitizerUpgradeLeak [behavior] orphaned upgrade bonus removed; live building's and unrelated modifiers untouched
[mod] [SMRTest] PASS  LandscapeUnitFilter      [behavior] boarding unit skipped, ordinary unit reported exactly once
[SMRTest] PASS  LandscapeUnitFilter      [behavior] boarding unit skipped, ordinary unit reported exactly once
[mod] [SMRTest] PASS  SmallLandscapeSites      [behavior] two-hex site returns 2 destinations, nine-hex site still returns the closest 5
[SMRTest] PASS  SmallLandscapeSites      [behavior] two-hex site returns 2 destinations, nine-hex site still returns the closest 5
[mod] [SMRTest] PASS  DomeFreeSpaceMismatch    [behavior] tally follows the player's switch, matching ChooseResidence
[SMRTest] PASS  DomeFreeSpaceMismatch    [behavior] tally follows the player's switch, matching ChooseResidence
[mod] [SMRTest] PASS  FreedHousingNotice       [behavior] vacated home notifies the dome's homeless; a residence with no free slot does not
[SMRTest] PASS  FreedHousingNotice       [behavior] vacated home notifies the dome's homeless; a residence with no free slot does not
[mod] [SMRTest] PASS  ShuttleHubOffAvailable   [behavior] player-disabled hub not counted; working and self-lifting-suspended hubs still are
[SMRTest] PASS  ShuttleHubOffAvailable   [behavior] player-disabled hub not counted; working and self-lifting-suspended hubs still are
[mod] [SMRTest] PASS  AsteroidLanderAvailable  [behavior] busy-but-unassigned landers on the pad count; assigned and off-world ones do not
[SMRTest] PASS  AsteroidLanderAvailable  [behavior] busy-but-unassigned landers on the pad count; assigned and off-world ones do not
[mod] [SMRTest] PASS  AutoExportPriority       [behavior] the scarce hold goes to PreciousMinerals; with room to spare both are still requested
[SMRTest] PASS  AutoExportPriority       [behavior] the scarce hold goes to PreciousMinerals; with room to spare both are still requested
[mod] [SMRTest] PASS  MirrorSphereSite         [behavior] finished site locked out, unfinished site still workable
[SMRTest] PASS  MirrorSphereSite         [behavior] finished site locked out, unfinished site still workable
[mod] [SMRTest] PASS  GeneForging              [behavior] Gene Forging +50, Gene Selection +100, both +150
[SMRTest] PASS  GeneForging              [behavior] Gene Forging +50, Gene Selection +100, both +150
[mod] [SMRTest] PASS  DustSicknessDamage       [behavior] damage rolls 5..14 instead of a flat 10
[SMRTest] PASS  DustSicknessDamage       [behavior] damage rolls 5..14 instead of a flat 10
							Lua 0:02:34:335
[mod] [SMRTest] PASS  DustSicknessBiorobots    [behavior] all 4 infection effects filter Biorobots out
[SMRTest] PASS  DustSicknessBiorobots    [behavior] all 4 infection effects filter Biorobots out
[mod] [SMRTest] PASS  DestroyedTunnels         [behavior] ruined tunnels skipped, intact tunnel still registered
[SMRTest] PASS  DestroyedTunnels         [behavior] ruined tunnels skipped, intact tunnel still registered
[mod] [SMRTest] PASS  UniversityOvertraining   [behavior] automated extractor needs 0, manned extractor still needs 12
[SMRTest] PASS  UniversityOvertraining   [behavior] automated extractor needs 0, manned extractor still needs 12
[mod] [SMRTest] PASS  TrainCargoDumping        [behavior] switched-off station refused, accepting station served, undeliverable cargo still dropped
[SMRTest] PASS  TrainCargoDumping        [behavior] switched-off station refused, accepting station served, undeliverable cargo still dropped
[mod] [SMRTest] PASS  RocketInteractGuard      [behavior] load orders on a UniversalTradeRocket are refused; ordinary depots still accept them
[SMRTest] PASS  RocketInteractGuard      [behavior] load orders on a UniversalTradeRocket are refused; ordinary depots still accept them
[mod] [SMRTest] PASS  TrackConnectorPingPong   [behavior] a live neighbour keeps its connector hex; an abandoned element is still cleared; a dying building schedules its neighbours' reclaim
[SMRTest] PASS  TrackConnectorPingPong   [behavior] a live neighbour keeps its connector hex; an abandoned element is still cleared; a dying building schedules its neighbours' reclaim
[mod] [SMRTest] PASS  TrackTunnelPowerBridge   [behavior] bridges only the short track whose stations really are on different grids
[SMRTest] PASS  TrackTunnelPowerBridge   [behavior] bridges only the short track whose stations really are on different grids
[mod] [SMRTest] PASS  GridGlobalStorage        [behavior] 1h reserve reads 180000, empty reads 0, 100h reads 3000000 (2-sol mark is 1440000)
[SMRTest] PASS  GridGlobalStorage        [behavior] 1h reserve reads 180000, empty reads 0, 100h reads 3000000 (2-sol mark is 1440000)
[mod] [SMRTest] PASS  LastTransmissionStorage  [behavior] all 6 storage conditions are on Condition and read their own grid
[SMRTest] PASS  LastTransmissionStorage  [behavior] all 6 storage conditions are on Condition and read their own grid
[mod] [SMRTest] PASS  TrainWaitTime            [behavior] station keeps the 90000 wait; the travel clock restarts at boarding (0)
[SMRTest] PASS  TrainWaitTime            [behavior] station keeps the 90000 wait; the travel clock restarts at boarding (0)
[mod] [SMRTest] PASS  GraphConsumedCaption     [behavior] MachineParts caption reports 10, matching the plotted consumption+maintenance
[SMRTest] PASS  GraphConsumedCaption     [behavior] MachineParts caption reports 10, matching the plotted consumption+maintenance
[mod] [SMRTest] PASS  MoraleComfortTooltip     [behavior] Comfort reads 69 (below the 70 mark); other stats untouched
[SMRTest] PASS  MoraleComfortTooltip     [behavior] Comfort reads 69 (below the 70 mark); other stats untouched
[mod] [SMRTest] PASS  StorageRateModifiers     [behavior] rates reached the element (7777/8888), UpdateStorage ran 2 time(s)
[SMRTest] PASS  StorageRateModifiers     [behavior] rates reached the element (7777/8888), UpdateStorage ran 2 time(s)
							Lua 0:02:34:336
[LUA ERROR] Lua/GridObject.lua:77: attempt to call a nil value (method 'GetShapePoints')
  Lua/GridObject.lua(77):   <>
  [C](-1):  global procall
  CommonLua/Core/classes.lua(227):  field GameInit
  Mod/SMR_CommunityFixPackTestKit/Code/40_Probes_Wave4.lua(873):   <>
  [C](-1):  global pcall
  Mod/SMR_CommunityFixPackTestKit/Code/00_TestCore.lua(193):  upvalue with_globals
  Mod/SMR_CommunityFixPackTestKit/Code/00_TestCore.lua(201):  field WithGlobals
  Mod/SMR_CommunityFixPackTestKit/Code/40_Probes_Wave4.lua(870):   <>
  [C](-1):  global pcall
  Mod/SMR_CommunityFixPackTestKit/Code/00_TestCore.lua(251):  field Run
  Mod/SMR_CommunityFixPackTestKit/Code/00_TestCore.lua(293):  field RunAll
  [string "CreateRealTimeThread(function() SMRTest.RunAl..."](1):   <>
        --- end of stack
Locals:
	                self |   object SMRTestAlienDigger
							Lua 0:02:36:789
[mod] [SMRTest] PASS  SequenceLatents          [behavior] 2 of 2 latent sequence paths behave as written
[SMRTest] PASS  SequenceLatents          [behavior] 2 of 2 latent sequence paths behave as written
[mod] [SMRTest] PASS  FounderTraitNotification [behavior] Founder gaining Extrovert (Positive) raises the notification
[SMRTest] PASS  FounderTraitNotification [behavior] Founder gaining Extrovert (Positive) raises the notification
							Lua 0:02:36:790
[mod] [CommunityFixPack] IndependenceTerraforming: corrected the already-researched tech's stored discount from 10% to 20% (savegame sweep)
[mod] [SMRTest] PASS  IndependenceTerraforming [behavior] discount is 20%, matching param1; the savegame sweep replaces a stale stored modifier and leaves a correct one alone
[SMRTest] PASS  IndependenceTerraforming [behavior] discount is 20%, matching param1; the savegame sweep replaces a stale stored modifier and leaves a correct one alone
[mod] [SMRTest] PASS  TrackSalvageRefund       [behavior] three groups refund 300 Metals (was one group's 100); single-group and unstamped tracks unchanged; partial salvage returns the destroyed elements' share
[SMRTest] PASS  TrackSalvageRefund       [behavior] three groups refund 300 Metals (was one group's 100); single-group and unstamped tracks unchanged; partial salvage returns the destroyed elements' share
[mod] [SMRTest] PASS  LayoutTechLock           [behavior] locked entries drop; researched, prefab-package and owned-prefab entries and grid runs all survive
[SMRTest] PASS  LayoutTechLock           [behavior] locked entries drop; researched, prefab-package and owned-prefab entries and grid runs all survive
[mod] [SMRTest] PASS  TrainMinors              [behavior] train cap recomputed 4->1, 40->2, 0->0
[SMRTest] PASS  TrainMinors              [behavior] train cap recomputed 4->1, 40->2, 0->0
[LUA ERROR] CommonLua/Libs/DevToolsPublic/PathDebug.lua:344: attempt to call a nil value (method 'CreateRealTimeThread')
  CommonLua/Libs/DevToolsPublic/PathDebug.lua(344):   <>
  [C](-1):  global procall
  CommonLua/Core/cthreads.lua(20):   <>
  Mod/SMR_CommunityFixPackTestKit/Code/50_Probes_Wave5.lua(336):   <>
  [C](-1):  global pcall
  Mod/SMR_CommunityFixPackTestKit/Code/00_TestCore.lua(193):  upvalue with_globals
  Mod/SMR_CommunityFixPackTestKit/Code/00_TestCore.lua(201):  field WithGlobals
  Mod/SMR_CommunityFixPackTestKit/Code/50_Probes_Wave5.lua(331):   <>
  [C](-1):  global pcall
  Mod/SMR_CommunityFixPackTestKit/Code/00_TestCore.lua(251):  field Run
  Mod/SMR_CommunityFixPackTestKit/Code/00_TestCore.lua(293):  field RunAll
  [string "CreateRealTimeThread(function() SMRTest.RunAl..."](1):   <>
        --- end of stack
Locals:
	                 map |    table 0x0000024D7A68D3E0 #0
	                clip |      nil
							Lua 0:02:37:980
[mod] [SMRTest] PASS  DroneTransportMinors     [behavior] weak keys restored; count corrected 4 -> 2
[SMRTest] PASS  DroneTransportMinors     [behavior] weak keys restored; count corrected 4 -> 2
[LUA ERROR] Attempt to create a new global 'IsNearDome'
  Mod/SMR_CommunityFixPackTestKit/Code/00_TestCore.lua(172):  upvalue set_global
  Mod/SMR_CommunityFixPackTestKit/Code/00_TestCore.lua(192):   <>
  Mod/SMR_CommunityFixPackTestKit/Code/50_Probes_Wave5.lua(415):   <>
  [C](-1):  global pcall
  Mod/SMR_CommunityFixPackTestKit/Code/00_TestCore.lua(251):  field Run
  Mod/SMR_CommunityFixPackTestKit/Code/00_TestCore.lua(293):  field RunAll
  [string "CreateRealTimeThread(function() SMRTest.RunAl..."](1):   <>
        --- end of stack
Locals:
	                   k |   string IsNearDome
	                   v | function 0x0000024D736BF098
	        ENV_SPECIALS |    table 0x0000024D77E36A70 #0
	               defer | function 0x0000024D77E31CD8
							Lua 0:02:38:553
[LUA ERROR] Attempt to create a new global 'AddAreaRubble'
  Mod/SMR_CommunityFixPackTestKit/Code/00_TestCore.lua(172):  upvalue set_global
  Mod/SMR_CommunityFixPackTestKit/Code/00_TestCore.lua(192):   <>
  Mod/SMR_CommunityFixPackTestKit/Code/50_Probes_Wave5.lua(415):   <>
  [C](-1):  global pcall
  Mod/SMR_CommunityFixPackTestKit/Code/00_TestCore.lua(251):  field Run
  Mod/SMR_CommunityFixPackTestKit/Code/00_TestCore.lua(293):  field RunAll
  [string "CreateRealTimeThread(function() SMRTest.RunAl..."](1):   <>
        --- end of stack
Locals:
	                   k |   string AddAreaRubble
	                   v | function 0x0000024D736BF0C0
	        ENV_SPECIALS |    table 0x0000024D77E36A70 #0
	               defer | function 0x0000024D77E31CD8
							Lua 0:02:39:094
[mod] [SMRTest] PASS  AnomalyCaveInMap         [behavior] a false map is declined; a real map still reaches the shipped cave-in
[SMRTest] PASS  AnomalyCaveInMap         [behavior] a false map is declined; a real map still reaches the shipped cave-in
[mod] [SMRTest] PASS  TechDescriptionBuilding  [behavior] description names Underground Medium Dome and keeps its buildinginfo tag
[SMRTest] PASS  TechDescriptionBuilding  [behavior] description names Underground Medium Dome and keeps its buildinginfo tag
							Lua 0:02:39:095
[mod] [SMRTest] PASS  BombardmentSpread        [behavior] 20 of 20 per-missile directions deviate from the volley direction
[SMRTest] PASS  BombardmentSpread        [behavior] 20 of 20 per-missile directions deviate from the volley direction
[mod] [CommunityFixPack] DisasterPredictionLeak: cleared stranded prediction flag 'DisasterMeteorStorm' (no live notification behind it)
[mod] [SMRTest] PASS  DisasterPredictionLeak   [behavior] stranded flag cleared, notification-backed flag kept (1 cleared)
[SMRTest] PASS  DisasterPredictionLeak   [behavior] stranded flag cleared, notification-backed flag kept (1 cleared)
[mod] [SMRTest] PASS  MeteorStormWedge         [behavior] all four watchdog states correct: no-storm, live storm protected, signature arms, sustained heals
[SMRTest] PASS  MeteorStormWedge         [behavior] all four watchdog states correct: no-storm, live storm protected, signature arms, sustained heals
[mod] [CommunityFixPack] RainsDeadlock: stale-ACTIVE rain 'probe_legacy' (main_thread dead) — healing through vanilla FinishRainProcedure (C34)
[mod] [CommunityFixPack] RainsDeadlock: 'probe_legacy' rain loop migrated onto vanilla's body (settings 'Toxic_VeryLow', version 1.0.1)
[mod] [SMRTest] PASS  RainsDeadlock            [behavior] 1 loop(s) migrated and stamped, current-version entry untouched, stale-ACTIVE healed (no unique-type preset in the live group: id-less sub-check skipped)
[SMRTest] PASS  RainsDeadlock            [behavior] 1 loop(s) migrated and stamped, current-version entry untouched, stale-ACTIVE healed (no unique-type preset in the live group: id-less sub-check skipped)
[mod] [CommunityFixPack] FirstAsteroidPrefabs: First Asteroid prefabs recovered after a save/load (3 granted)
[mod] [SMRTest] PASS  FirstAsteroidPrefabs     [behavior] stranded save granted 1/1/1 and latched; already-healed and non-FirstAsteroid states granted nothing
[SMRTest] PASS  FirstAsteroidPrefabs     [behavior] stranded save granted 1/1/1 and latched; already-healed and non-FirstAsteroid states granted nothing
[mod] [SMRTest] PASS  UpdateReport             [behavior] healthy registry clean; 4 rot shapes flagged, 4 healthy shapes ignored
[SMRTest] PASS  UpdateReport             [behavior] healthy registry clean; 4 rot shapes flagged, 4 healthy shapes ignored
[mod] [SMRTest] PASS  TrackShellLeak           [behavior] mass salvage deletes the emptied track, and zero shells survive in the loaded save
[SMRTest] PASS  TrackShellLeak           [behavior] mass salvage deletes the emptied track, and zero shells survive in the loaded save
[mod] [SMRTest] PASS  SaintBlessing            [behavior] Saint's modifier now names TraitReligious (no Saint in a dome in this save, so the live half had nothing to read)							Lua 0:02:39:096

[SMRTest] PASS  SaintBlessing            [behavior] Saint's modifier now names TraitReligious (no Saint in a dome in this save, so the live half had nothing to read)
[mod] [SMRTest] PASS  DustDevilsDescrMap       [behavior] the descriptor follows MainMap in both directions, and MainMap's own disabled setting still wins
[SMRTest] PASS  DustDevilsDescrMap       [behavior] the descriptor follows MainMap in both directions, and MainMap's own disabled setting still wins
[mod] [SMRTest] PASS  AsteroidVisitPrecedence  [behavior] supply rockets no longer open the picker; landers and F72's unloading case still do
[SMRTest] PASS  AsteroidVisitPrecedence  [behavior] supply rockets no longer open the picker; landers and F72's unloading case still do
[mod] [SMRTest] PASS  AstrogeologistExtractors [behavior] all 12 buildable extractors are paid (12 Effect_ModifyLabel entries on the profile)
[SMRTest] PASS  AstrogeologistExtractors [behavior] all 12 buildable extractors are paid (12 Effect_ModifyLabel entries on the profile)
[mod] [SMRTest] PASS  SinkholeIndestructible   [behavior] Sinkhole is indestructible on the class and the template; 0 instance(s) inspected, none overriding
[SMRTest] PASS  SinkholeIndestructible   [behavior] Sinkhole is indestructible on the class and the template; 0 instance(s) inspected, none overriding
[mod] [SMRTest] PASS  DustStormBreakMapFilter  [behavior] merged fragments are filtered to MainMap connectors, single-map fragments pass straight through, and the persisted array is restored by identity in both cases
[SMRTest] PASS  DustStormBreakMapFilter  [behavior] merged fragments are filtered to MainMap connectors, single-map fragments pass straight through, and the persisted array is restored by identity in both cases
							Lua 0:02:39:097
[mod] [SMRTest] PASS  DustDevilSpawnGate       [behavior] the authored 6..8 range is reachable on a passed gate and the count is exactly 0 on a failed one, the shared preset is copied not mutated, class-default properties survive the copy, and full-chance presets, other disasters and nil all pass through untouched
[SMRTest] PASS  DustDevilSpawnGate       [behavior] the authored 6..8 range is reachable on a passed gate and the count is exactly 0 on a failed one, the shared preset is copied not mutated, class-default properties survive the copy, and full-chance presets, other disasters and nil all pass through untouched
[mod] [SMRTest] PASS  AcknowledgedWarnings     [behavior] dismissal stamps listed buildings, blocks their re-adds, skips the id-wide window; recovery re-arms
[SMRTest] PASS  AcknowledgedWarnings     [behavior] dismissal stamps listed buildings, blocks their re-adds, skips the id-wide window; recovery re-arms
[mod] [SMRTest] PASS  ResidencyControl         [behavior] closed dome refused to resettlers and arrivals; tourists and the safety fallback untouched
[SMRTest] PASS  ResidencyControl         [behavior] closed dome refused to resettlers and arrivals; tourists and the safety fallback untouched
[mod] [SMRTest] PASS  MultipleSuns             [behavior] build limit lifted; panel picks up whichever Artificial Sun is actually in range
[SMRTest] PASS  MultipleSuns             [behavior] build limit lifted; panel picks up whichever Artificial Sun is actually in range
[mod] [SMRTest] PASS  CohortHousing            [behavior] in-dome move + cross-dome tie-bypass work; employed/forced/no-slot/quarantine all left vanilla
[SMRTest] PASS  CohortHousing            [behavior] in-dome move + cross-dome tie-bypass work; employed/forced/no-slot/quarantine all left vanilla
[mod] [SMRTest] PASS  NoHomeless               [behavior] only the workforce-age UNEMPLOYED are pushed out, and only from a dome that has a Nursery or Retirement Home built and NO job opening they could take; employed/Senior/Child/tourist/housed/hotel-only/ping-pong/unsuitable/quarantine all left vanilla, the free-work door holds on BOTH sides so a flagged dome can still staff itself, and a shipped answer is never overridden except for the symmetric veto
[SMRTest] PASS  NoHomeless               [behavior] only the workforce-age UNEMPLOYED are pushed out, and only from a dome that has a Nursery or Retirement Home built and NO job opening they could take; employed/Senior/Child/tourist/housed/hotel-only/ping-pong/unsuitable/quarantine all left vanilla, the free-work door holds on BOTH sides so a flagged dome can still staff itself, and a shipped answer is never overridden except for the symmetric veto
[mod] [SMRTest] PASS  DroneStatDials           [behavior] 2x/+1 landed as label modifiers (move_speed +100, carry +1 over probe-forced base 1) and base removed both by id; account carry dial AT BASE on entry
[SMRTest] PASS  DroneStatDials           [behavior] 2x/+1 landed as label modifiers (move_speed +100, carry +1 over probe-forced base 1) and base removed both by id; account carry dial AT BASE on entry
[mod] [SMRTest] PASS  OptionsMenu              [behavior] default_options + 6 toggles + 2 D09 dials present, names match the registry, bridge helpers installed
[SMRTest] PASS  OptionsMenu              [behavior] default_options + 6 toggles + 2 D09 dials present, names match the registry, bridge helpers installed
[mod] [SMRTest] ---- 87 PASS, 0 FAIL, 0 SKIP, 0 ERROR ----
[SMRTest] ---- 87 PASS, 0 FAIL, 0 SKIP, 0 ERROR ----
							Lua 0:05:37:201


Stopping the game threads from the Lua side with exit code 0.

					Render 0:05:37:204


Stopping the game threads after receiving WM_QUIT.

					Render 0:05:37:210
[QUIT] Waiting the game state to finish...
							Lua 0:05:37:310
[QUIT] Game state finished.
[QUIT] Stopping game state thread...
					Render 0:05:37:314
Map::Done: 2.08000 ms
					Render 0:05:37:316
Map::Done: 0.76000 ms
					Render 0:05:37:317
[Sound] Stopping...
					Render 0:05:37:319
[Sound] Done.
					Render 0:05:37:320
Hook 'Shader :: CompileEffect' not found!
					Render 0:05:37:429
[WndMsg Error] WM_ACTIVATE: SetWindowPos failed on fullscreen focus loss, error 87
					Render 0:05:37:443
[DebugAdapter] Stopped
					Render 0:05:37:507


*** Debug::Done()
Time (ms)	337507


