					Render 0:00:00:006
*** executable info
Timestamp:     	6a22b86d
Date:          	Fri Jun  5 07:52:13 2026
Command line:  	
Compiler:      	194435214, 142 (VS 2019) or newer


*** hardware info
CPU name      	Intel(R) Core(TM) i7-14700K
CPU MHz       	3418
CPU cores     	20/28
Phys. Memory   	65278 MBytes
Memory In Use  	40%
Disk Free      	746473 MBytes


*** OS info
OS:            	Windows 11
Version:       	10.0.26100 


*** Debug::Init()


					Render 0:00:00:106
Steam initialized (AppId 3215050, Beta branch ???)
					Render 0:00:00:109
Drive type for game installation: SSD, savegames: SSD
					Render 0:00:00:110
Language: English
					Render 0:00:01:513
*** graphics info
GPU                            	NVIDIA GeForce RTX 4080 Feature Level: 12.1 {  DoublePrecisionFloatShaderOps: 1 OutputMergerLogicOp: 1 MinPrecisionSupport: 2 TiledResourcesTier: 4 ResourceBindingTier: 3 PSSpecifiedStencilRefSupported: 0 TypedUAVLoadAdditionalFormats: 1 ROVsSupported: 1 ConservativeRasterizationTier: 3 MaxGPUVirtualAddressBitsPerResource: 40 StandardSwizzle64KBSupported: 0 CrossNodeSharingTier: 0 CrossAdapterRowMajorTextureSupported: 0 VPAndRTArrayIndexFromAnyShaderFeedingRasterizerSupportedWithoutGSEmulation: 1 ResourceHeapTier: 2 NotZeroedPools: 1 UMA: 0 UnalignedBlockTextures: 1}
API                            	d3d12
GPU Driver Version             	32.0.16.1074
GPU Driver Package Version     	610.74
GPU Dedicated Video Memory     	16048 MB
					Render 0:00:01:647

Libs: Network, Sequences, MouseTrackWin, DumbAI, MapGen, Paradox, TriggersAndEvents, Notifications, Research, Resources 

					Render 0:00:01:844

Platform: desktop, editor, goldmaster, paradox, pc, steam

					Render 0:00:02:513
*** audio info
Audio Endpoint                 	Speakers (Razer Leviathan V2)
						Lua 0:00:02:607
Lua revision: 396349
Assets revision: 31031
Steam AppID: 3215050
Build version: 1.0.7.396349
Build branch:  Release
						Lua 0:00:17:606
Account storage loaded successfully in 1 ms
						Lua 0:00:17:609
[mod] Loaded mod def Community Fix Pack — Test Kit (id SMR_CommunityFixPackTestKit, v0.00-001) unpacked from appdata
[mod] Loaded mod def Community Fix Pack (id SMR_CommunityFixPack, v1.00-001) unpacked from appdata
[mod] Loaded mod def Community Fix Pack: Opt-In Modules (id SMR_CommunityOptInPack, v0.01-000) unpacked from appdata
						Lua 0:00:17:951
[mod] [SMRTest] console enable requested (flag-only, UI was not up) — press Enter (or Alt-Shift-C) once in a colony
[SMRTest] console enable requested (flag-only, UI was not up) — press Enter (or Alt-Shift-C) once in a colony
						Lua 0:00:17:952
[mod] [SMRTest] no debug.getinfo (mod sandbox) — [install] probes will SKIP
[SMRTest] no debug.getinfo (mod sandbox) — [install] probes will SKIP
[mod] [SMRTest] test kit loaded — SMRTest.RunAll(), SMRTest.List(), SMRTest.<ProbeId>()
[SMRTest] test kit loaded — SMRTest.RunAll(), SMRTest.List(), SMRTest.<ProbeId>()
						Lua 0:00:17:956
[mod] [SMRTest][carry] fixture-carry dump available — run SMRTest.FixtureCarry()
						Lua 0:00:17:957
[mod] [CommunityFixPack] CaveInsNoDisasters: applied
[mod] [CommunityFixPack] MeteorFrequency: applied
[mod] [CommunityFixPack] UpgradeModifierLeak: applied
[mod] [CommunityFixPack] NightShiftWork: applied
[mod] [CommunityFixPack] MilestoneCrash: applied
[mod] [CommunityFixPack] WispRewards: applied
[mod] [CommunityFixPack] TouristApplicants: applied
						Lua 0:00:17:958
[mod] [CommunityFixPack] TrainsToVoid: applied
[mod] [CommunityFixPack] LanderEmptyLaunch: applied
[mod] [CommunityFixPack] LanderCargoRatchet: applied
[mod] [CommunityFixPack] LanderReturnFuel: applied
[mod] [CommunityFixPack] ShelterReflex: applied
[mod] [CommunityFixPack] BrokenTrackSalvage: applied
[mod] [CommunityFixPack] TrackSalvageWipe: applied
[mod] [CommunityFixPack] LakeEntombment: applied
[mod] [CommunityFixPack] GhostFarmOxygen: applied
[mod] [CommunityFixPack] RocketDroneChurn: applied
[mod] [CommunityFixPack] ShuttleTransportCache: applied						Lua 0:00:17:959

[mod] [CommunityFixPack] VacuumWalks: applied
[mod] [CommunityFixPack] ArrivalDeaths: applied
[mod] [CommunityFixPack] DroneUnreachableForever: applied
[mod] [CommunityFixPack] StaleReservations: applied
[mod] [CommunityFixPack] CrystalMysteryHang: applied
[mod] [CommunityFixPack] TouristSatisfaction: applied
[mod] [CommunityFixPack] TrainPlatformWedge: applied
[mod] [CommunityFixPack] LowStorageWarning: applied
[mod] [CommunityFixPack] CommandCenterNumbers: applied
[mod] [CommunityFixPack] DomeOverviewHighlight: applied
						Lua 0:00:17:960
[mod] [CommunityFixPack] TrainCargoDumping: applied
[mod] [CommunityFixPack] UniversityOvertraining: applied
[mod] [CommunityFixPack] DestroyedTunnels: applied
[mod] [CommunityFixPack] DustSicknessBiorobots: applied
[mod] [CommunityFixPack] DustSicknessDamage: applied
[mod] [CommunityFixPack] GeneForging: applied
[mod] [CommunityFixPack] MirrorSphereSite: applied
[mod] [CommunityFixPack] PayloadTemplateRefill: applied
[mod] [CommunityFixPack] AsteroidLanderAvailable: applied
[mod] [CommunityFixPack] ShuttleHubOffAvailable: applied
[mod] [CommunityFixPack] FreedHousingNotice: applied
						Lua 0:00:17:961
[mod] [CommunityFixPack] DomeFreeSpaceMismatch: applied
[mod] [CommunityFixPack] SmallLandscapeSites: applied
[mod] [CommunityFixPack] LandscapeUnitFilter: applied
[mod] [CommunityFixPack] RocketInteractGuard: applied
[mod] [CommunityFixPack] TrackConnectorPingPong: applied
						Lua 0:00:17:962
[mod] [CommunityFixPack] TrackTunnelPowerBridge: applied
[mod] [CommunityFixPack] GridGlobalStorage: applied
[mod] [CommunityFixPack] LastTransmissionStorage: applied
[mod] [CommunityFixPack] GraphConsumedCaption: applied
[mod] [CommunityFixPack] MoraleComfortTooltip: applied
[mod] [CommunityFixPack] TrainWaitTime: applied
[mod] [CommunityFixPack] FounderTraitNotification: applied
[mod] [CommunityFixPack] StorageRateModifiers: applied
[mod] [CommunityFixPack] SequenceLatents: applied
						Lua 0:00:17:963
[mod] [CommunityFixPack] IndependenceTerraforming: applied
[mod] [CommunityFixPack] TrackSalvageRefund: applied
[mod] [CommunityFixPack] LayoutTechLock: applied
[mod] [CommunityFixPack] TrainMinors: applied
[mod] [CommunityFixPack] DroneTransportMinors: applied
[mod] [CommunityFixPack] AnomalyCaveInMap: applied
[mod] [CommunityFixPack] TechDescriptionBuilding: applied
						Lua 0:00:17:964
[mod] [CommunityFixPack] BombardmentSpread: applied
[mod] [CommunityFixPack] ExtenderFlapChurn: applied
[mod] [CommunityFixPack] DisasterPredictionLeak: applied
[mod] [CommunityFixPack] MeteorStormWedge: applied
[mod] [CommunityFixPack] RainsDeadlock: applied
[mod] [CommunityFixPack] FirstAsteroidPrefabs: applied
[mod] [CommunityFixPack] SaintBlessing: applied
						Lua 0:00:17:965
[mod] [CommunityFixPack] DustDevilsDescrMap: applied
[mod] [CommunityFixPack] AstrogeologistExtractors: applied
[mod] [CommunityFixPack] SinkholeIndestructible: applied
[mod] [CommunityFixPack] DustStormUndergroundBreaks: applied
[mod] [CommunityFixPack] DustDevilSpawnGate: applied
[mod] [CommunityFixPack] ExoticDepositSign: applied
[mod] [CommunityFixPack] SaveSanitizer: applied
						Lua 0:00:17:966
[mod] [CommunityOptInPack] ClassicRockets: applied
[mod] [CommunityOptInPack] AcknowledgedWarnings: applied
						Lua 0:00:17:970
[mod] [CommunityOptInPack] ResidencyControl: applied
[mod] [CommunityOptInPack] MultipleSuns: applied
						Lua 0:00:17:971
[mod] [CommunityOptInPack] DroneOverhaul: applied
[mod] [CommunityOptInPack] CohortHousing: applied
[mod] [CommunityOptInPack] NoHomeless: self-check targets Community but Workforce declares HasFreeWorkplacesAround — authoring error, not a game update (FIX_POLICY §2)
[mod] [CommunityOptInPack] NoHomeless: inactive (Community.HasFreeWorkplacesAround not found — expected on the FIRST load pass and NOT a game update: this check names Community while Workforce declares the method (authoring error — see the preceding line), and mod code loads before the class hierarchy is built, so the module applies cleanly on the second pass. If no 'NoHomeless: applied' line follows this one, the method is genuinely gone — without it a flagged dome could never be staffed)
[mod] [CommunityOptInPack] DroneStatDials: applied
						Lua 0:00:18:518
[mod] [CommunityFixPack] SaintBlessing: inactive (no dome-colonists trait presets)
[mod] [CommunityFixPack] SinkholeIndestructible: the St. Elmo's Fire sinkhole is now indestructible, like every other mystery set-piece
						Lua 0:00:18:591
Reloading done in 974 ms
						Lua 0:00:18:912
[preset] Preset postprocess took 60 ms.
						Lua 0:00:18:971
479 / 479 particle streams loaded in 54 ms.
						Lua 0:00:18:972
[mod] [CommunityFixPack] LastTransmissionStorage: 6 storage condition(s) made effective, 1 retargeted
[mod] [CommunityFixPack] IndependenceTerraforming: Independence_TerraformingProjects now discounts special projects by 20% as its param1 says
[mod] [CommunityFixPack] AstrogeologistExtractors: added 2 missing extractor entr(y/ies) to the astrogeologist profile (10 already present)
[mod] [CommunityOptInPack] MultipleSuns: BuildingTemplates.ArtificialSun not found — build limit NOT lifted (binding fix still active)
						Lua 0:00:19:168
[mod] [CommunityFixPack] SaintBlessing: corrected 1 dome-colonists trait modifier label(s) of 2
[mod] [CommunityOptInPack] MultipleSuns: Artificial Sun build-once limit lifted
						Lua 0:00:19:224
[mod] [CS] === combined-sitting CS === attended=false
[CS] === combined-sitting CS === attended=false
[mod] [CS] STEP 1-waiting-menu BEGIN
[CS] STEP 1-waiting-menu BEGIN
						Lua 0:00:19:225
[PdxSDK] Started up. Took 1608
						Lua 0:00:19:249
[mod] Loaded mod items for: SMR_CommunityFixPackTestKit, SMR_CommunityFixPack, SMR_CommunityOptInPack
[mod] [CommunityOptInPack] NoHomeless: applied
						Lua 0:00:19:697
[Braze] SessionStart error The server name or address could not be resolved

						Lua 0:00:19:698
[Braze] Failed sending launcher ev The server name or address could not be resolved

[Braze] Failed to init
						Lua 0:00:19:823
[Braze] SessionStart error The server name or address could not be resolved

						Lua 0:00:19:824
[Braze] Failed sending launcher ev The server name or address could not be resolved

[Braze] Failed to init
						Lua 0:00:21:686
[mod] [CS] STEP 1-waiting-menu END 2500ms
[CS] STEP 1-waiting-menu END 2500ms
[mod] [zrestore] CELL zrestore :: wants fix=true opt-in=true rescue=false | attended=false | savefile=-- none --
[zrestore] CELL zrestore :: wants fix=true opt-in=true rescue=false | attended=false | savefile=-- none --
[mod] [zrestore] STEP 2-config-gate BEGIN
[zrestore] STEP 2-config-gate BEGIN
[mod] [zrestore] GATES config-gate/zrestore ------------------------------------------------
[zrestore] GATES config-gate/zrestore ------------------------------------------------
[mod] [zrestore] GATEREAD fix pack :: 74/74 active
[zrestore] GATEREAD fix pack :: 74/74 active
[mod] [zrestore] GATEREAD opt-in pack :: 8/8 active
[zrestore] GATEREAD opt-in pack :: 8/8 active
[mod] [zrestore] GATEREAD save-rescue :: REGISTRY ABSENT (global SMRSaveRescue is nil) — the mod's code did not run in this process
[zrestore] GATEREAD save-rescue :: REGISTRY ABSENT (global SMRSaveRescue is nil) — the mod's code did not run in this process
[mod] [zrestore] GATES config-gate/zrestore :: pack=74/74 | opt-in=8/8 | save-rescue=0/0 | map= | speed=1 | loads_this_process=0
[zrestore] GATES config-gate/zrestore :: pack=74/74 | opt-in=8/8 | save-rescue=0/0 | map= | speed=1 | loads_this_process=0
[mod] [zrestore] MODORDER config-gate/zrestore :: 3 mod(s) loaded, in load order :: 1:SMR_CommunityFixPackTestKit 2:SMR_CommunityFixPack 3:SMR_CommunityOptInPack
[zrestore] MODORDER config-gate/zrestore :: 3 mod(s) loaded, in load order :: 1:SMR_CommunityFixPackTestKit 2:SMR_CommunityFixPack 3:SMR_CommunityOptInPack
[mod] [zrestore] DIALOPTS config-gate/zrestore :: DroneSpeedDial=5x | DroneCarryDial=+2 | toggles :: ClassicRockets=true AcknowledgedWarnings=true ResidencyControl=true MultipleSuns=true DroneOverhaul=true CohortHousing=true NoHomeless=true
[zrestore] DIALOPTS config-gate/zrestore :: DroneSpeedDial=5x | DroneCarryDial=+2 | toggles :: ClassicRockets=true AcknowledgedWarnings=true ResidencyControl=true MultipleSuns=true DroneOverhaul=true CohortHousing=true NoHomeless=true
[mod] [zrestore] CONFIGGATE OK :: cell zrestore :: fix=true (wanted true) | opt-in=true (wanted true) | rescue=false (wanted false) :: 74/74, 8/8, 0/0
[zrestore] CONFIGGATE OK :: cell zrestore :: fix=true (wanted true) | opt-in=true (wanted true) | rescue=false (wanted false) :: 74/74, 8/8, 0/0
[mod] [zrestore] STEP 2-config-gate END 0ms
[zrestore] STEP 2-config-gate END 0ms
[mod] [zrestore] ERRORWATCH zrestore — every engine error line (the bracketed LUA-ERROR marker) in this log after the '=== combined-sitting zrestore ===' banner happened inside this cell. Report every unexplained line VERBATIM with its position and its age; never discount one (WORKFLOW, owner rule 2026-08-01). stage=2-config-gate loads_this_process=0
[zrestore] ERRORWATCH zrestore — every engine error line (the bracketed LUA-ERROR marker) in this log after the '=== combined-sitting zrestore ===' banner happened inside this cell. Report every unexplained line VERBATIM with its position and its age; never discount one (WORKFLOW, owner rule 2026-08-01). stage=2-config-gate loads_this_process=0
[mod] [zrestore] CELL zrestore :: unattended — closing cleanly so the log tail flushes (EF-047).
[zrestore] CELL zrestore :: unattended — closing cleanly so the log tail flushes (EF-047).
[mod] [zrestore] SHUTDOWN done
[zrestore] SHUTDOWN done
						Lua 0:00:24:685


Stopping the game threads from the Lua side with exit code 0.

					Render 0:00:24:693


Stopping the game threads after receiving WM_QUIT.

					Render 0:00:24:908


*** Debug::Done()
Time (ms)	24908


