					Render 0:00:00:005
*** executable info
					Render 0:00:00:006
Timestamp:     	6a22b86d
Date:          	Fri Jun  5 07:52:13 2026
Command line:  	
Compiler:      	194435214, 142 (VS 2019) or newer


*** hardware info
CPU name      	Intel(R) Core(TM) i7-14700K
CPU MHz       	3418
CPU cores     	20/28
Phys. Memory   	65278 MBytes
Memory In Use  	47%
Disk Free      	744466 MBytes


*** OS info
OS:            	Windows 11
Version:       	10.0.26100 


*** Debug::Init()


					Render 0:00:00:098
Steam initialized (AppId 3215050, Beta branch ???)
					Render 0:00:00:101
Drive type for game installation: SSD, savegames: SSD
					Render 0:00:00:102
Language: German
					Render 0:00:01:492
*** graphics info
GPU                            	NVIDIA GeForce RTX 4080 Feature Level: 12.1 {  DoublePrecisionFloatShaderOps: 1 OutputMergerLogicOp: 1 MinPrecisionSupport: 2 TiledResourcesTier: 4 ResourceBindingTier: 3 PSSpecifiedStencilRefSupported: 0 TypedUAVLoadAdditionalFormats: 1 ROVsSupported: 1 ConservativeRasterizationTier: 3 MaxGPUVirtualAddressBitsPerResource: 40 StandardSwizzle64KBSupported: 0 CrossNodeSharingTier: 0 CrossAdapterRowMajorTextureSupported: 0 VPAndRTArrayIndexFromAnyShaderFeedingRasterizerSupportedWithoutGSEmulation: 1 ResourceHeapTier: 2 NotZeroedPools: 1 UMA: 0 UnalignedBlockTextures: 1}
API                            	d3d12
GPU Driver Version             	32.0.16.1074
GPU Driver Package Version     	610.74
GPU Dedicated Video Memory     	16048 MB
					Render 0:00:01:637

Libs: Network, Sequences, MouseTrackWin, DumbAI, MapGen, Paradox, TriggersAndEvents, Notifications, Research, Resources 

					Render 0:00:01:845

Platform: desktop, editor, goldmaster, paradox, pc, steam

					Render 0:00:02:519
*** audio info
Audio Endpoint                 	Speakers (Razer Leviathan V2)
						Lua 0:00:02:555
Lua revision: 396349
Assets revision: 31031
Steam AppID: 3215050
Build version: 1.0.7.396349
Build branch:  Release
						Lua 0:00:12:707
Account storage loaded successfully in 2 ms
						Lua 0:00:12:709
[mod] Loaded mod def Community Fix Pack — Test Kit (id SMR_CommunityFixPackTestKit, v0.00-001) unpacked from appdata
[mod] Loaded mod def Relaunched Fix Pack (id SMR_CommunityFixPack, v1.00-000) unpacked from appdata
[mod] Loaded mod def Relaunched Fix Pack: Opt-In Modules (id SMR_CommunityOptInPack, v1.00-000) unpacked from appdata
						Lua 0:00:13:068
[mod] [CommunityFixPack] CaveInsNoDisasters: applied
[mod] [CommunityFixPack] MeteorFrequency: applied
[mod] [CommunityFixPack] UpgradeModifierLeak: applied
[mod] [CommunityFixPack] NightShiftWork: applied
						Lua 0:00:13:069
[mod] [CommunityFixPack] MilestoneCrash: applied
[mod] [CommunityFixPack] WispRewards: applied
[mod] [CommunityFixPack] TouristApplicants: applied
[mod] [CommunityFixPack] TrainsToVoid: applied
[mod] [CommunityFixPack] LanderEmptyLaunch: applied
[mod] [CommunityFixPack] LanderCargoRatchet: applied
[mod] [CommunityFixPack] LanderReturnFuel: applied
[mod] [CommunityFixPack] ShelterReflex: applied
[mod] [CommunityFixPack] BrokenTrackSalvage: applied
						Lua 0:00:13:070
[mod] [CommunityFixPack] TrackSalvageWipe: applied
[mod] [CommunityFixPack] LakeEntombment: applied
[mod] [CommunityFixPack] GhostFarmOxygen: applied
[mod] [CommunityFixPack] RocketDroneChurn: applied
[mod] [CommunityFixPack] ShuttleTransportCache: applied
[mod] [CommunityFixPack] VacuumWalks: applied
[mod] [CommunityFixPack] ArrivalDeaths: applied
[mod] [CommunityFixPack] DroneUnreachableForever: applied
[mod] [CommunityFixPack] StaleReservations: applied
[mod] [CommunityFixPack] CrystalMysteryHang: applied
						Lua 0:00:13:071
[mod] [CommunityFixPack] TouristSatisfaction: applied
[mod] [CommunityFixPack] TrainPlatformWedge: applied
[mod] [CommunityFixPack] LowStorageWarning: applied
[mod] [CommunityFixPack] CommandCenterNumbers: applied
[mod] [CommunityFixPack] DomeOverviewHighlight: applied
[mod] [CommunityFixPack] TrainCargoDumping: applied
[mod] [CommunityFixPack] UniversityOvertraining: applied
[mod] [CommunityFixPack] DestroyedTunnels: applied
[mod] [CommunityFixPack] DustSicknessBiorobots: applied
[mod] [CommunityFixPack] DustSicknessDamage: applied
[mod] [CommunityFixPack] GeneForging: applied
						Lua 0:00:13:072
[mod] [CommunityFixPack] MirrorSphereSite: applied
[mod] [CommunityFixPack] PayloadTemplateRefill: applied
[mod] [CommunityFixPack] AsteroidLanderAvailable: applied
[mod] [CommunityFixPack] ShuttleHubOffAvailable: applied
[mod] [CommunityFixPack] FreedHousingNotice: applied
[mod] [CommunityFixPack] DomeFreeSpaceMismatch: applied
[mod] [CommunityFixPack] SmallLandscapeSites: applied
[mod] [CommunityFixPack] LandscapeUnitFilter: applied
						Lua 0:00:13:073
[mod] [CommunityFixPack] RocketInteractGuard: applied
[mod] [CommunityFixPack] TrackConnectorPingPong: applied
[mod] [CommunityFixPack] TrackTunnelPowerBridge: applied
						Lua 0:00:13:074
[mod] [CommunityFixPack] GridGlobalStorage: applied
[mod] [CommunityFixPack] LastTransmissionStorage: applied
[mod] [CommunityFixPack] GraphConsumedCaption: applied
[mod] [CommunityFixPack] MoraleComfortTooltip: applied
[mod] [CommunityFixPack] TrainWaitTime: applied
[mod] [CommunityFixPack] FounderTraitNotification: applied
[mod] [CommunityFixPack] StorageRateModifiers: applied
[mod] [CommunityFixPack] SequenceLatents: applied
[mod] [CommunityFixPack] IndependenceTerraforming: applied
						Lua 0:00:13:075
[mod] [CommunityFixPack] TrackSalvageRefund: applied
[mod] [CommunityFixPack] LayoutTechLock: applied
[mod] [CommunityFixPack] TrainMinors: applied
[mod] [CommunityFixPack] DroneTransportMinors: applied
[mod] [CommunityFixPack] AnomalyCaveInMap: applied
[mod] [CommunityFixPack] TechDescriptionBuilding: applied
[mod] [CommunityFixPack] BombardmentSpread: applied
						Lua 0:00:13:076
[mod] [CommunityFixPack] ExtenderFlapChurn: applied
[mod] [CommunityFixPack] DisasterPredictionLeak: applied
[mod] [CommunityFixPack] MeteorStormWedge: applied
[mod] [CommunityFixPack] RainsDeadlock: applied
[mod] [CommunityFixPack] FirstAsteroidPrefabs: applied
[mod] [CommunityFixPack] SaintBlessing: applied
[mod] [CommunityFixPack] DustDevilsDescrMap: applied
[mod] [CommunityFixPack] AstrogeologistExtractors: applied
						Lua 0:00:13:077
[mod] [CommunityFixPack] SinkholeIndestructible: applied
[mod] [CommunityFixPack] DustStormUndergroundBreaks: applied
[mod] [CommunityFixPack] DustDevilSpawnGate: applied
[mod] [CommunityFixPack] ExoticDepositSign: applied
[mod] [CommunityFixPack] AutomationLawCompensation: applied
[mod] [CommunityFixPack] LocalizedUIText: Back to Earth rollover wrapped on 1 rocket class(es): customUniversalRocket
[mod] [CommunityFixPack] LocalizedUIText: applied
						Lua 0:00:13:078
[mod] [CommunityFixPack] SpaceYDroneCapBullet: applied
[mod] [CommunityFixPack] SaveSanitizer: applied
[mod] [SMRTest] console enable requested (flag-only, UI was not up) — press Enter (or Alt-Shift-C) once in a colony
[SMRTest] console enable requested (flag-only, UI was not up) — press Enter (or Alt-Shift-C) once in a colony
						Lua 0:00:13:079
[mod] [SMRTest] no debug.getinfo (mod sandbox) — [install] probes will SKIP
[SMRTest] no debug.getinfo (mod sandbox) — [install] probes will SKIP
[mod] [SMRTest] test kit loaded — SMRTest.RunAll(), SMRTest.List(), SMRTest.<ProbeId>()
[SMRTest] test kit loaded — SMRTest.RunAll(), SMRTest.List(), SMRTest.<ProbeId>()
						Lua 0:00:13:084
[mod] [SMRTest][carry] fixture-carry dump available — run SMRTest.FixtureCarry()
						Lua 0:00:13:647
[mod] [CommunityFixPack] SaintBlessing: inactive (no dome-colonists trait presets)
[mod] [CommunityFixPack] SinkholeIndestructible: the St. Elmo's Fire sinkhole is now indestructible, like every other mystery set-piece
						Lua 0:00:13:724
Reloading done in 1006 ms
						Lua 0:00:14:063
[preset] Preset postprocess took 54 ms.
						Lua 0:00:14:120
479 / 479 particle streams loaded in 52 ms.
						Lua 0:00:14:121
[mod] [CommunityFixPack] LastTransmissionStorage: 6 storage condition(s) made effective, 1 retargeted
[mod] [CommunityFixPack] IndependenceTerraforming: Independence_TerraformingProjects now discounts special projects by 20% as its param1 says
[mod] [CommunityFixPack] AstrogeologistExtractors: added 2 missing extractor entr(y/ies) to the astrogeologist profile (10 already present)
						Lua 0:00:14:181
[PdxSDK] Started up. Took 1463
						Lua 0:00:14:327
[mod] [CommunityFixPack] SaintBlessing: corrected 1 dome-colonists trait modifier label(s) of 2
						Lua 0:00:14:410
[mod] Loaded mod items for: SMR_CommunityFixPack, SMR_CommunityFixPackTestKit
						Lua 0:00:14:480
[Braze] SessionStart error The server name or address could not be resolved

						Lua 0:00:14:481
[Braze] Failed sending launcher ev The server name or address could not be resolved

[Braze] Failed to init
						Lua 0:00:14:664
[Braze] SessionStart error The server name or address could not be resolved

						Lua 0:00:14:665
[Braze] Failed sending launcher ev The server name or address could not be resolved

[Braze] Failed to init
						Lua 0:01:16:420
Game Seed:  hQR_Y3MQ -5979234737801055484 
						Lua 0:01:16:440
*** Reloading assets from folder 'BinAssets/'
							IO Task 0:01:16:464
[ResManager Error] Cannot find file with base path: Animations/LawOfficeDoor_idle.hgacl
[ResManager Error] Cannot find file with base path: Animations/LawOfficeDoor_opening.hgacl
						Lua 0:01:19:182
*** Assets reloaded in 2.7 s, read 202.1 MB, read speed 73.7 MB/s, average read 4948 bytes.
						Lua 0:01:20:635
MapLoadRandom:  917213672167510754 
						Lua 0:01:22:183
Map (slot 1) changed to "PreGame" in 5749 ms.
						Lua 0:01:22:224
[mod] [CommunityFixPack] SpaceYDroneCapBullet: descr now carries the Drone Hub capacity bullet (translation id 4706)
						Lua 0:01:23:591
[mod] [SMRTest] console enable requested (clean) — press Enter (or Alt-Shift-C) once in a colony
[SMRTest] console enable requested (clean) — press Enter (or Alt-Shift-C) once in a colony
						Lua 0:02:27:805
[mod] [CommunityFixPack] SpaceYDroneCapBullet: summary now carries the Drone Hub capacity bullet (translation id 4706)
						Lua 0:02:31:904
[mod] [SMRTest] console enable requested (clean) — press Enter (or Alt-Shift-C) once in a colony
[SMRTest] console enable requested (clean) — press Enter (or Alt-Shift-C) once in a colony
						Lua 0:02:32:062
Game Seed:  						Lua 0:02:32:063
Z-nKYmtG 7126093783050767620 
						Lua 0:02:32:510
MapLoadRandom:  3207174953483269855 
						Lua 0:02:33:937
Map (slot 1) changed to "PreGame" in 1852 ms.
						Lua 0:02:35:317
[mod] [SMRTest] console enable requested (clean) — press Enter (or Alt-Shift-C) once in a colony
[SMRTest] console enable requested (clean) — press Enter (or Alt-Shift-C) once in a colony
						Lua 0:03:13:593
[mod] [SMRTest] console enable requested (clean) — press Enter (or Alt-Shift-C) once in a colony
[SMRTest] console enable requested (clean) — press Enter (or Alt-Shift-C) once in a colony
						Lua 0:03:16:597
Load Game: 
	lua_revision: 396349 
	assets_revision: 31031 

	mods: SMR_CommunityFixPackTestKit, SMR_CommunityFixPack, SMR_CommunityOptInPack 
						Lua 0:03:18:798
[mod] This savegame tries to load Mod Community Fix Pack (id SMR_CommunityFixPack, v1.00-001), which is loaded with a different version 1.00-000
[mod] This savegame tries to load Mod Relaunched Fix Pack: Opt-In Modules (id SMR_CommunityOptInPack, v1.00-000), which is present, but not loaded
						Lua 0:03:21:703
[mod] [CommunityFixPack] ExoticDepositSign: 1 Exotic Minerals deposit(s) re-signed onto the clean entity
[mod] [SMRTest] console enable requested (clean) — press Enter (or Alt-Shift-C) once in a colony
[SMRTest] console enable requested (clean) — press Enter (or Alt-Shift-C) once in a colony
						Lua 0:03:21:725
game_settings:
    sponsor: NASA
    profile: rocketscientist
    founding_faction: ProsperityForMars
    rival_colonies: Japan, paradox
    mystery_random: 
    game_rules: (none)
more_game_settings: save_game_id: HdmSxGs6kyd0uz6-, mystery: none, coordinates: 0N107E, landing_spot: , logo: USA
map_conditions: altitude: -583, temperature: -1, cold_wave: 0, dust_devils: 66, dust_storm: 102, meteors: 109
map_resources: concrete: 146, metals: 146, precious_metals: 146, water: 176
						Lua 0:03:21:739
[mod] [CommunityFixPack] MeteorFrequency: one-shot heal — persisted Meteors thread was alive; restarting onto vanilla's body (latch 1.0.1 -> 1.0.0)
[mod] [CommunityFixPack] RainsDeadlock: 'normal' rain loop migrated onto vanilla's body (settings 'Normal_Low', version 1.0.0)
Game Loaded in 5143 ms
						Lua 0:03:21:784
[mod] [SMRTest] console enable requested (clean) — press Enter (or Alt-Shift-C) once in a colony
[SMRTest] console enable requested (clean) — press Enter (or Alt-Shift-C) once in a colony
						Lua 0:03:22:339
Game loaded on map BlankBigCanyonCMix_09 in 5831 ms
						Lua 0:03:24:647
[mod] [SMRTest] console enable requested (clean) — press Enter (or Alt-Shift-C) once in a colony
[SMRTest] console enable requested (clean) — press Enter (or Alt-Shift-C) once in a colony
						Lua 0:03:29:921
[mod] [CommunityFixPack] LocalizedUIText: terraforming heading now renders translation id 914616772802
						Lua 0:04:18:486
[mod] [CommunityFixPack] LocalizedUIText: Back to Earth rollover now renders translation ids 407456913268 / 316233855405 (2 of 2 strings)
						Lua 0:08:09:658
[mod] [SMRTest] ---- RunAll (all probes) ----
[SMRTest] ---- RunAll (all probes) ----
[mod] [SMRTest] fix pack present: 77/77 fixes active
[SMRTest] fix pack present: 77/77 fixes active
[mod] [SMRTest] opt-in pack NOT loaded — its probes SKIP (a separate, optional mod)
[SMRTest] opt-in pack NOT loaded — its probes SKIP (a separate, optional mod)
[mod] [SMRTest] save-rescue NOT loaded — its probes SKIP (a separate cleanup mod, absent by design)
[SMRTest] save-rescue NOT loaded — its probes SKIP (a separate cleanup mod, absent by design)
[mod] [SMRTest] SKIP  CaveInsNoDisasters       [install] introspection unavailable (retail sandbox)
[SMRTest] SKIP  CaveInsNoDisasters       [install] introspection unavailable (retail sandbox)
[mod] [CommunityFixPack] MeteorFrequency: WATCHDOG — no meteor resolved for 99 game hours (thread DEAD); restarting onto vanilla's body
[mod] [SMRTest] PASS  MeteorFrequency          [behavior] wrapper stretches only the Meteors thread's roll; body copy gone; watchdog restarts a stalled thread and spares a fresh one
[SMRTest] PASS  MeteorFrequency          [behavior] wrapper stretches only the Meteors thread's roll; body copy gone; watchdog restarts a stalled thread and spares a fresh one
[mod] [SMRTest] PASS  UpgradeModifierLeak      [behavior] modifier turned off
[SMRTest] PASS  UpgradeModifierLeak      [behavior] modifier turned off
[mod] [SMRTest] PASS  NightShiftWork           [behavior] hours 0 and 1 send shift-3 colonists to work
[SMRTest] PASS  NightShiftWork           [behavior] hours 0 and 1 send shift-3 colonists to work
[mod] [SMRTest] SKIP  MilestoneCrash           [install] introspection unavailable (retail sandbox)
[SMRTest] SKIP  MilestoneCrash           [install] introspection unavailable (retail sandbox)
[mod] [SMRTest] PASS  WispPower                [behavior] 3 wisps -> 3000 power units
[SMRTest] PASS  WispPower                [behavior] 3 wisps -> 3000 power units
[mod] [SMRTest] PASS  WispResearch             [behavior] no double grant; notification says 300 for 3 wisps
[SMRTest] PASS  WispResearch             [behavior] no double grant; notification says 300 for 3 wisps
						Lua 0:08:09:659
[mod] [SMRTest] PASS  TouristApplicants        [behavior] 1-star 157 < 2-star 316 over 400 rolls
[SMRTest] PASS  TouristApplicants        [behavior] 1-star 157 < 2-star 316 over 400 rolls
[mod] [SMRTest] PASS  FactionFundingCheck      [behavior] returned 0 (non-discriminating: engine tolerates pairs(nil) — not evidence)
[SMRTest] PASS  FactionFundingCheck      [behavior] returned 0 (non-discriminating: engine tolerates pairs(nil) — not evidence)
[mod] [SMRTest] SKIP  TrainsToVoid             [install] introspection unavailable (retail sandbox)
[SMRTest] SKIP  TrainsToVoid             [install] introspection unavailable (retail sandbox)
[mod] [SMRTest] PASS  LanderEmptyLaunch        [behavior] empty flight blocked, loaded flight still ready
[SMRTest] PASS  LanderEmptyLaunch        [behavior] empty flight blocked, loaded flight still ready
[mod] [SMRTest] PASS  LanderCargoRatchet       [behavior] request 300000 >= 300000 aboard
[SMRTest] PASS  LanderCargoRatchet       [behavior] request 300000 >= 300000 aboard
[mod] [SMRTest] PASS  LanderReturnFuel         [behavior] parked lander keeps 3500 fuel requested
[SMRTest] PASS  LanderReturnFuel         [behavior] parked lander keeps 3500 fuel requested
[mod] [SMRTest] PASS  ShelterReflex            [behavior] life-support blip tolerated; Idle wrapper unverified (introspection unavailable (retail sandbox))
[SMRTest] PASS  ShelterReflex            [behavior] life-support blip tolerated; Idle wrapper unverified (introspection unavailable (retail sandbox))
						Lua 0:08:09:662
[mod] [SMRTest] F45: 0 track repair site(s); 0 with a non-numeric node_idx (track unsalvageable)
[SMRTest] F45: 0 track repair site(s); 0 with a non-numeric node_idx (track unsalvageable)
[mod] [SMRTest] SKIP  BrokenTrackSalvage       [install] introspection unavailable (retail sandbox)
[SMRTest] SKIP  BrokenTrackSalvage       [install] introspection unavailable (retail sandbox)
[mod] [SMRTest] SKIP  TrackSalvageWipe         [install] introspection unavailable (retail sandbox)
[SMRTest] SKIP  TrackSalvageWipe         [install] introspection unavailable (retail sandbox)
						Lua 0:08:09:665
[mod] [SMRTest] SKIP  LakeEntombment           [install] introspection unavailable (retail sandbox)
[SMRTest] SKIP  LakeEntombment           [install] introspection unavailable (retail sandbox)
[mod] [SMRTest] SKIP  GhostFarmOxygen          [install] introspection unavailable (retail sandbox)
[SMRTest] SKIP  GhostFarmOxygen          [install] introspection unavailable (retail sandbox)
[mod] [SMRTest] PASS  RocketDroneChurn         [behavior] steady-state refresh keeps the drones; new requests still reconnect
[SMRTest] PASS  RocketDroneChurn         [behavior] steady-state refresh keeps the drones; new requests still reconnect
[mod] [SMRTest] PASS  ShuttleTransportCache    [behavior] verdict recomputed when shuttle availability flips, and still cached while it does not
[SMRTest] PASS  ShuttleTransportCache    [behavior] verdict recomputed when shuttle availability flips, and still cached while it does not
[mod] [SMRTest] PASS  VacuumWalks              [behavior] vacuum move uses the passage route; breathable maps unchanged
[SMRTest] PASS  VacuumWalks              [behavior] vacuum move uses the passage route; breathable maps unchanged
						Lua 0:08:09:666
[mod] [SMRTest] PASS  ArrivalDeaths            [behavior] the impassable drop spot was snapped to a walkable one; could not read Arrive's source (SMRTest:no-introspection) (1 colonist(s) currently walking between domes)
[SMRTest] PASS  ArrivalDeaths            [behavior] the impassable drop spot was snapped to a walkable one; could not read Arrive's source (SMRTest:no-introspection) (1 colonist(s) currently walking between domes)
[mod] [SMRTest] PASS  DroneUnreachableForever  [behavior] failure normalised to now+0 ms; expires after 3600000 ms
[SMRTest] PASS  DroneUnreachableForever  [behavior] failure normalised to now+0 ms; expires after 3600000 ms
[mod] [SMRTest] F58: 6 residence(s) hold 8 reserved slot(s); 5 are clearly stale
[SMRTest] F58: 6 residence(s) hold 8 reserved slot(s); 5 are clearly stale
[mod] [SMRTest] PASS  StaleReservations        [behavior] reservation timestamped for the daily sweep (8 reserved slot(s) in this save, 5 clearly stale)
[SMRTest] PASS  StaleReservations        [behavior] reservation timestamped for the daily sweep (8 reserved slot(s) in this save, 5 clearly stale)
[mod] [SMRTest] PASS  CrystalMysteryHang       [install] CrystalFlyAway handler registered (current mystery: )
[SMRTest] PASS  CrystalMysteryHang       [install] CrystalFlyAway handler registered (current mystery: )
[mod] [SMRTest] PASS  TouristSatisfaction      [behavior] 0->100 pays 40000, 100->0 charges -40000
[SMRTest] PASS  TouristSatisfaction      [behavior] 0->100 pays 40000, 100->0 charges -40000
[mod] [SMRTest] PASS  TrainPlatformWedge       [behavior] stale passenger removed and ticket discarded
[SMRTest] PASS  TrainPlatformWedge       [behavior] stale passenger removed and ticket discarded
[mod] [SMRTest] SKIP  LowStorageWarning        [install] introspection unavailable (retail sandbox)
[SMRTest] SKIP  LowStorageWarning        [install] introspection unavailable (retail sandbox)
[mod] [SMRTest] PASS  CommandCenterNumbers     [behavior] all 11 getters present
[SMRTest] PASS  CommandCenterNumbers     [behavior] all 11 getters present
[mod] [SMRTest] PASS  DomeOverviewHighlight    [behavior] low stat rendered as <red>20</red>
[SMRTest] PASS  DomeOverviewHighlight    [behavior] low stat rendered as <red>20</red>
[mod] [SMRTest] PASS  PayloadTemplateRefill    [behavior] template prefills a fresh payload (20) but never overrides a configured one
[SMRTest] PASS  PayloadTemplateRefill    [behavior] template prefills a fresh payload (20) but never overrides a configured one
[mod] [SMRTest] SKIP  ClassicRockets           [behavior] opt-in mod not installed or module not present
[SMRTest] SKIP  ClassicRockets           [behavior] opt-in mod not installed or module not present
[mod] [CommunityFixPack] SaveSanitizer: restored the Frictionless Composites buff on the WindTurbine label (+100% electricity_production)
[mod] [CommunityFixPack] SaveSanitizer: restored the Frictionless Composites buff on the WindTurbine_Large label (+100% electricity_production)
[mod] [SMRTest] PASS  SaveSanitizerTurbineBuff [behavior] all three turbine labels at 100%, unchanged by a second run
[SMRTest] PASS  SaveSanitizerTurbineBuff [behavior] all three turbine labels at 100%, unchanged by a second run
[mod] [CommunityFixPack] SaveSanitizer: removed 1 leaked upgrade modifier(s) from salvaged buildings
[mod] [SMRTest] PASS  SaveSanitizerUpgradeLeak [behavior] orphaned upgrade bonus removed; live building's and unrelated modifiers untouched
[SMRTest] PASS  SaveSanitizerUpgradeLeak [behavior] orphaned upgrade bonus removed; live building's and unrelated modifiers untouched
[mod] [SMRTest] PASS  LandscapeUnitFilter      [behavior] boarding unit skipped, ordinary unit reported exactly once
[SMRTest] PASS  LandscapeUnitFilter      [behavior] boarding unit skipped, ordinary unit reported exactly once
[mod] [SMRTest] PASS  SmallLandscapeSites      [behavior] two-hex site returns 2 destinations, nine-hex site still returns the closest 5
[SMRTest] PASS  SmallLandscapeSites      [behavior] two-hex site returns 2 destinations, nine-hex site still returns the closest 5
[mod] [SMRTest] PASS  DomeFreeSpaceMismatch    [behavior] tally follows the player's switch, matching ChooseResidence
[SMRTest] PASS  DomeFreeSpaceMismatch    [behavior] tally follows the player's switch, matching ChooseResidence
[mod] [SMRTest] PASS  FreedHousingNotice       [behavior] vacated home notifies the dome's homeless; a residence with no free slot does not
[SMRTest] PASS  FreedHousingNotice       [behavior] vacated home notifies the dome's homeless; a residence with no free slot does not
[mod] [SMRTest] PASS  ShuttleHubOffAvailable   [behavior] player-disabled hub not counted; working and self-lifting-suspended hubs still are
[SMRTest] PASS  ShuttleHubOffAvailable   [behavior] player-disabled hub not counted; working and self-lifting-suspended hubs still are
[mod] [SMRTest] PASS  AsteroidLanderAvailable  [behavior] busy-but-unassigned landers on the pad count; assigned and off-world ones do not
[SMRTest] PASS  AsteroidLanderAvailable  [behavior] busy-but-unassigned landers on the pad count; assigned and off-world ones do not
[mod] [SMRTest] PASS  AutoExportPriority       [behavior] the scarce hold goes to PreciousMinerals; with room to spare both are still requested
[SMRTest] PASS  AutoExportPriority       [behavior] the scarce hold goes to PreciousMinerals; with room to spare both are still requested
[mod] [SMRTest] PASS  MirrorSphereSite         [behavior] finished site locked out, unfinished site still workable
						Lua 0:08:09:667
[SMRTest] PASS  MirrorSphereSite         [behavior] finished site locked out, unfinished site still workable
[mod] [SMRTest] PASS  GeneForging              [behavior] Gene Forging +50, Gene Selection +100, both +150
[SMRTest] PASS  GeneForging              [behavior] Gene Forging +50, Gene Selection +100, both +150
[mod] [SMRTest] PASS  DustSicknessDamage       [behavior] damage rolls 5..14 instead of a flat 10
[SMRTest] PASS  DustSicknessDamage       [behavior] damage rolls 5..14 instead of a flat 10
[mod] [SMRTest] PASS  DustSicknessBiorobots    [behavior] all 4 infection effects filter Biorobots out
[SMRTest] PASS  DustSicknessBiorobots    [behavior] all 4 infection effects filter Biorobots out
[mod] [SMRTest] PASS  DestroyedTunnels         [behavior] ruined tunnels skipped, intact tunnel still registered
[SMRTest] PASS  DestroyedTunnels         [behavior] ruined tunnels skipped, intact tunnel still registered
[mod] [SMRTest] PASS  UniversityOvertraining   [behavior] automated extractor needs 0, manned extractor still needs 12
[SMRTest] PASS  UniversityOvertraining   [behavior] automated extractor needs 0, manned extractor still needs 12
[mod] [SMRTest] PASS  TrainCargoDumping        [behavior] switched-off station refused, accepting station served, undeliverable cargo still dropped
[SMRTest] PASS  TrainCargoDumping        [behavior] switched-off station refused, accepting station served, undeliverable cargo still dropped
[mod] [SMRTest] PASS  RocketInteractGuard      [behavior] load orders on a UniversalTradeRocket are refused; ordinary depots still accept them
[SMRTest] PASS  RocketInteractGuard      [behavior] load orders on a UniversalTradeRocket are refused; ordinary depots still accept them
[mod] [SMRTest] PASS  TrackConnectorPingPong   [behavior] a live neighbour keeps its connector hex; an abandoned element is still cleared; a dying building schedules its neighbours' reclaim
[SMRTest] PASS  TrackConnectorPingPong   [behavior] a live neighbour keeps its connector hex; an abandoned element is still cleared; a dying building schedules its neighbours' reclaim
[mod] [SMRTest] PASS  TrackTunnelPowerBridge   [behavior] bridges only the short track whose stations really are on different grids
[SMRTest] PASS  TrackTunnelPowerBridge   [behavior] bridges only the short track whose stations really are on different grids
[mod] [SMRTest] PASS  GridGlobalStorage        [behavior] 1h reserve reads 180000, empty reads 0, 100h reads 3000000 (2-sol mark is 1440000)
[SMRTest] PASS  GridGlobalStorage        [behavior] 1h reserve reads 180000, empty reads 0, 100h reads 3000000 (2-sol mark is 1440000)
[mod] [SMRTest] PASS  LastTransmissionStorage  [behavior] all 6 storage conditions are on Condition and read their own grid
[SMRTest] PASS  LastTransmissionStorage  [behavior] all 6 storage conditions are on Condition and read their own grid
[mod] [SMRTest] PASS  TrainWaitTime            [behavior] station keeps the 90000 wait; the travel clock restarts at boarding (0)
[SMRTest] PASS  TrainWaitTime            [behavior] station keeps the 90000 wait; the travel clock restarts at boarding (0)
[mod] [SMRTest] PASS  GraphConsumedCaption     [behavior] MachineParts caption reports 10, matching the plotted consumption+maintenance
[SMRTest] PASS  GraphConsumedCaption     [behavior] MachineParts caption reports 10, matching the plotted consumption+maintenance
[mod] [SMRTest] PASS  MoraleComfortTooltip     [behavior] Comfort reads 69 (below the 70 mark); other stats untouched
[SMRTest] PASS  MoraleComfortTooltip     [behavior] Comfort reads 69 (below the 70 mark); other stats untouched
[mod] [SMRTest] PASS  StorageRateModifiers     [behavior] rates reached the element (7777/8888), UpdateStorage ran 2 time(s)
[SMRTest] PASS  StorageRateModifiers     [behavior] rates reached the element (7777/8888), UpdateStorage ran 2 time(s)
[mod] [SMRTest] PASS  SequenceLatents          [behavior] 2 of 2 latent sequence paths behave as written
[SMRTest] PASS  SequenceLatents          [behavior] 2 of 2 latent sequence paths behave as written
[mod] [SMRTest] PASS  FounderTraitNotification [behavior] Founder gaining botanist (Specialization) raises the notification
[SMRTest] PASS  FounderTraitNotification [behavior] Founder gaining botanist (Specialization) raises the notification
[mod] [CommunityFixPack] IndependenceTerraforming: corrected the already-researched tech's stored discount from 10% to 20% (savegame sweep)
[mod] [SMRTest] PASS  IndependenceTerraforming [behavior] discount is 20%, matching param1; the savegame sweep replaces a stale stored modifier and leaves a correct one alone
[SMRTest] PASS  IndependenceTerraforming [behavior] discount is 20%, matching param1; the savegame sweep replaces a stale stored modifier and leaves a correct one alone
[mod] [SMRTest] PASS  TrackSalvageRefund       [behavior] three groups refund 300 Metals (was one group's 100); single-group and unstamped tracks unchanged; partial salvage returns the destroyed elements' share
[SMRTest] PASS  TrackSalvageRefund       [behavior] three groups refund 300 Metals (was one group's 100); single-group and unstamped tracks unchanged; partial salvage returns the destroyed elements' share
[mod] [SMRTest] PASS  LayoutTechLock           [behavior] locked entries drop; researched, prefab-package and owned-prefab entries and grid runs all survive
[SMRTest] PASS  LayoutTechLock           [behavior] locked entries drop; researched, prefab-package and owned-prefab entries and grid runs all survive
						Lua 0:08:09:668
[mod] [SMRTest] PASS  TrainMinors              [behavior] train cap recomputed 4->1, 40->2, 0->0
[SMRTest] PASS  TrainMinors              [behavior] train cap recomputed 4->1, 40->2, 0->0
[mod] [SMRTest] PASS  DroneTransportMinors     [behavior] weak keys restored; count corrected 4 -> 2
[SMRTest] PASS  DroneTransportMinors     [behavior] weak keys restored; count corrected 4 -> 2
[mod] [SMRTest] set_global refused 'AddAreaRubble' — stub target undeclared on this build (nothing was stubbed; the shipped code ran unstubbed)
[SMRTest] set_global refused 'AddAreaRubble' — stub target undeclared on this build (nothing was stubbed; the shipped code ran unstubbed)
[mod] [SMRTest] set_global refused 'IsNearDome' — stub target undeclared on this build (nothing was stubbed; the shipped code ran unstubbed)
[SMRTest] set_global refused 'IsNearDome' — stub target undeclared on this build (nothing was stubbed; the shipped code ran unstubbed)
[mod] [SMRTest] SKIP  AnomalyCaveInMap         [behavior] stub target undeclared on this build: AddAreaRubble, IsNearDome — steps 1-3 held (the false map was declined, SMRFixPack.AnomalyCaveInMap.IsUsableMap is installed, and a usable map still reached the shipped body), but the cave-in ran against the shipped rubble/dome helpers rather than this probe's stand-ins, so the last step is not the controlled exercise it claims to be
[SMRTest] SKIP  AnomalyCaveInMap         [behavior] stub target undeclared on this build: AddAreaRubble, IsNearDome — steps 1-3 held (the false map was declined, SMRFixPack.AnomalyCaveInMap.IsUsableMap is installed, and a usable map still reached the shipped body), but the cave-in ran against the shipped rubble/dome helpers rather than this probe's stand-ins, so the last step is not the controlled exercise it claims to be
[mod] [SMRTest] SKIP  TechDescriptionBuilding  [behavior] the tech has no description T
[SMRTest] SKIP  TechDescriptionBuilding  [behavior] the tech has no description T
[mod] [SMRTest] PASS  BombardmentSpread        [behavior] 20 of 20 per-missile directions deviate from the volley direction
[SMRTest] PASS  BombardmentSpread        [behavior] 20 of 20 per-missile directions deviate from the volley direction
[mod] [CommunityFixPack] DisasterPredictionLeak: cleared stranded prediction flag 'DisasterMeteorStorm' (no live notification behind it)
[mod] [SMRTest] PASS  DisasterPredictionLeak   [behavior] stranded flag cleared, notification-backed flag kept (1 cleared)
[SMRTest] PASS  DisasterPredictionLeak   [behavior] stranded flag cleared, notification-backed flag kept (1 cleared)
[mod] [SMRTest] PASS  MeteorStormWedge         [behavior] all four watchdog states correct: no-storm, live storm protected, signature arms, sustained heals
[SMRTest] PASS  MeteorStormWedge         [behavior] all four watchdog states correct: no-storm, live storm protected, signature arms, sustained heals
[mod] [CommunityFixPack] RainsDeadlock: stale-ACTIVE rain 'probe_legacy' (main_thread dead) — healing through vanilla FinishRainProcedure (C34)
[mod] [CommunityFixPack] RainsDeadlock: 'probe_legacy' rain loop migrated onto vanilla's body (settings 'Toxic_VeryLow', version 1.0.0)
[mod] [SMRTest] PASS  RainsDeadlock            [behavior] 1 loop(s) migrated and stamped, current-version entry untouched, stale-ACTIVE healed (no unique-type preset in the live group: id-less sub-check skipped)
[SMRTest] PASS  RainsDeadlock            [behavior] 1 loop(s) migrated and stamped, current-version entry untouched, stale-ACTIVE healed (no unique-type preset in the live group: id-less sub-check skipped)
[mod] [CommunityFixPack] FirstAsteroidPrefabs: First Asteroid prefabs recovered after a save/load (3 granted)
[mod] [SMRTest] PASS  FirstAsteroidPrefabs     [behavior] stranded save granted 1/1/1 and latched; already-healed and non-FirstAsteroid states granted nothing
[SMRTest] PASS  FirstAsteroidPrefabs     [behavior] stranded save granted 1/1/1 and latched; already-healed and non-FirstAsteroid states granted nothing
[mod] [SMRTest] PASS  UpdateReport             [behavior] healthy registry clean; 4 rot shapes flagged, 4 healthy shapes ignored
[SMRTest] PASS  UpdateReport             [behavior] healthy registry clean; 4 rot shapes flagged, 4 healthy shapes ignored
[mod] [SMRTest] PASS  TrackShellLeak           [behavior] mass salvage deletes the emptied track, and zero shells survive in the loaded save
[SMRTest] PASS  TrackShellLeak           [behavior] mass salvage deletes the emptied track, and zero shells survive in the loaded save
						Lua 0:08:09:671
[mod] [SMRTest] PASS  SaintBlessing            [behavior] Saint's modifier names TraitReligious, and all 18 dome Saint(s) have it registered
[SMRTest] PASS  SaintBlessing            [behavior] Saint's modifier names TraitReligious, and all 18 dome Saint(s) have it registered
[mod] [SMRTest] PASS  DustDevilsDescrMap       [behavior] the descriptor follows MainMap in both directions, and MainMap's own disabled setting still wins
[SMRTest] PASS  DustDevilsDescrMap       [behavior] the descriptor follows MainMap in both directions, and MainMap's own disabled setting still wins
[mod] [SMRTest] PASS  AsteroidVisitPrecedence  [behavior] supply rockets no longer open the picker; landers and F72's unloading case still do
[SMRTest] PASS  AsteroidVisitPrecedence  [behavior] supply rockets no longer open the picker; landers and F72's unloading case still do
[mod] [SMRTest] PASS  AstrogeologistExtractors [behavior] all 12 buildable extractors are paid (12 Effect_ModifyLabel entries on the profile)
[SMRTest] PASS  AstrogeologistExtractors [behavior] all 12 buildable extractors are paid (12 Effect_ModifyLabel entries on the profile)
[mod] [SMRTest] PASS  SinkholeIndestructible   [behavior] Sinkhole is indestructible on the class and the template; 0 instance(s) inspected, none overriding
[SMRTest] PASS  SinkholeIndestructible   [behavior] Sinkhole is indestructible on the class and the template; 0 instance(s) inspected, none overriding
[mod] [SMRTest] PASS  DustStormBreakMapFilter  [behavior] merged fragments are filtered to MainMap connectors, single-map fragments pass straight through, and the persisted array is restored by identity in both cases
[SMRTest] PASS  DustStormBreakMapFilter  [behavior] merged fragments are filtered to MainMap connectors, single-map fragments pass straight through, and the persisted array is restored by identity in both cases
						Lua 0:08:09:672
[mod] [SMRTest] PASS  DustDevilSpawnGate       [behavior] the authored 6..8 range is reachable on a passed gate and the count is exactly 0 on a failed one, the shared preset is copied not mutated, class-default properties survive the copy, and full-chance presets, other disasters and nil all pass through untouched
[SMRTest] PASS  DustDevilSpawnGate       [behavior] the authored 6..8 range is reachable on a passed gate and the count is exactly 0 on a failed one, the shared preset is copied not mutated, class-default properties survive the copy, and full-chance presets, other disasters and nil all pass through untouched
[mod] [SMRTest] PASS  AutomationLawCompensation [behavior] the measured 12->6 subject gets exactly +100 (100 -> 200, the ~2x the Diner control was measured riding to), the remainder lands on the first worker only, the correction is blind to the overtime flag so post-loop additives cannot be scaled, the Max(performance,25) floor holds, and all nine negative controls read 0 — already-compensated classes, unlabelled buildings, foreign max_workers modifiers, no active law, automated/shrouded/zero-post/unstaffed workplaces, and the two-law shape the ruling does not cover. ⛔ NOT claimed: a live in-game reading — that is prompt 02's paused bracket
[SMRTest] PASS  AutomationLawCompensation [behavior] the measured 12->6 subject gets exactly +100 (100 -> 200, the ~2x the Diner control was measured riding to), the remainder lands on the first worker only, the correction is blind to the overtime flag so post-loop additives cannot be scaled, the Max(performance,25) floor holds, and all nine negative controls read 0 — already-compensated classes, unlabelled buildings, foreign max_workers modifiers, no active law, automated/shrouded/zero-post/unstaffed workplaces, and the two-law shape the ruling does not cover. ⛔ NOT claimed: a live in-game reading — that is prompt 02's paused bracket
[mod] [SMRTest] PASS  C47OpenFarmSeedBufferShape [behavior] OpenFarm INHERITS its seed buffer (5000 = 5 x const.ResourceScale, no own key in its BuildingTemplate preset) while ForestationPlant SETS 10000, and the override runs the other way round on cadence — OpenFarm sets vegetation_interval 3 against the class default 20, which ForestationPlant does not touch. Ratios re-derived live and cross-multiplied: storage 2:1, cadence 20:3 (6.67x), ticks 9000 ms vs 60000 ms from MulDivRound(interval, HourDuration=30000, scale=10). Drone carry: the shipped ConstDef still DECLARES 1 (⇒ a vanilla trip is 1000 Seeds, since the Seeds resource sets no carry_amount override), while this process's LIVE g_Consts reads 4 — ⚠️ if those differ, a label modifier is raising it, and on this project's own rig that modifier is our opt-in module Opt_DroneStatDials (D09), not a game change. All 5 Vegetable crop costs match, and the owner's two fixture selections still sum to 1100 and 700 seeds over three rotated hexes (means ~367 and 233). ⛔ WHAT THIS DOES NOT PROVE: these are TEMPLATE NUMBERS read out of the running game, nothing more. It is not evidence that any farm ever ran dry, not evidence of a popup, a banner or a voice line, and not evidence that this is a defect at all — no code comment ties the two fields, C47 remains a CANDIDATE, and this probe passes identically with the fix pack on or off.
[SMRTest] PASS  C47OpenFarmSeedBufferShape [behavior] OpenFarm INHERITS its seed buffer (5000 = 5 x const.ResourceScale, no own key in its BuildingTemplate preset) while ForestationPlant SETS 10000, and the override runs the other way round on cadence — OpenFarm sets vegetation_interval 3 against the class default 20, which ForestationPlant does not touch. Ratios re-derived live and cross-multiplied: storage 2:1, cadence 20:3 (6.67x), ticks 9000 ms vs 60000 ms from MulDivRound(interval, HourDuration=30000, scale=10). Drone carry: the shipped ConstDef still DECLARES 1 (⇒ a vanilla trip is 1000 Seeds, since the Seeds resource sets no carry_amount override), while this process's LIVE g_Consts reads 4 — ⚠️ if those differ, a label modifier is raising it, and on this project's own rig that modifier is our opt-in module Opt_DroneStatDials (D09), not a game change. All 5 Vegetable crop costs match, and the owner's two fixture selections still sum to 1100 and 700 seeds over three rotated hexes (means ~367 and 233). ⛔ WHAT THIS DOES NOT PROVE: these are TEMPLATE NUMBERS read out of the running game, nothing more. It is not evidence that any farm ever ran dry, not evidence of a popup, a banner or a voice line, and not evidence that this is a defect at all — no code comment ties the two fields, C47 remains a CANDIDATE, and this probe passes identically with the fix pack on or off.
[mod] [SMRTest] PASS  LocalizedUIText          [behavior] language German. Both Init wrappers are installed (a later mod has chained on top of ours on TerraformingOverall, customUniversalRocket — legitimate, and our wrapper is still in the chain). The three replacement ids are all in the loaded table and BOTH ids the rocket XDef uses are absent from it, so the defect and its remedy are both still real in this build. Mechanism driven live: T(914616772802) returns light userdata (retail branch) and renders 'TERRAFORMING-GESAMTFORTSCHRITT'; the two rollover ids render 'Zurück zur Erde' / 'Schicke die Rakete ohne Ressourcen direkt zurück zur Erde.'; and the XDef's own unenrolled id still falls back to its embedded English ('Back to Earth'), which is what a player sees today. the wrapper has run: heading patched 1 / declined 0, rocket panels patched 2 (4 strings) / declined 0 ⭐ The non-English discriminator RAN and passed: all three repaired readings differ from their English literals. ⛔ WHAT THIS DOES NOT PROVE: nothing here was read off a screen. It does not prove the heading control or the Back to Earth button actually received these values in a live panel, it does not prove the layout survives a longer translated string, and a PASS on an English run cannot tell a working fix from a broken one at all — clause 5 is the only clause that discriminates, and it needs a non-English language.
[SMRTest] PASS  LocalizedUIText          [behavior] language German. Both Init wrappers are installed (a later mod has chained on top of ours on TerraformingOverall, customUniversalRocket — legitimate, and our wrapper is still in the chain). The three replacement ids are all in the loaded table and BOTH ids the rocket XDef uses are absent from it, so the defect and its remedy are both still real in this build. Mechanism driven live: T(914616772802) returns light userdata (retail branch) and renders 'TERRAFORMING-GESAMTFORTSCHRITT'; the two rollover ids render 'Zurück zur Erde' / 'Schicke die Rakete ohne Ressourcen direkt zurück zur Erde.'; and the XDef's own unenrolled id still falls back to its embedded English ('Back to Earth'), which is what a player sees today. the wrapper has run: heading patched 1 / declined 0, rocket panels patched 2 (4 strings) / declined 0 ⭐ The non-English discriminator RAN and passed: all three repaired readings differ from their English literals. ⛔ WHAT THIS DOES NOT PROVE: nothing here was read off a screen. It does not prove the heading control or the Back to Earth button actually received these values in a live panel, it does not prove the layout survives a longer translated string, and a PASS on an English run cannot tell a working fix from a broken one at all — clause 5 is the only clause that discriminates, and it needs a non-English language.
[mod] [CommunityFixPack] SpaceYDroneCapBullet: a game is running, so the Drone Hub capacity already includes SpaceY's own bonus and this bullet would count it twice — nothing was added (this repair is for the pre-game sponsor screens)
[mod] [CommunityFixPack] SpaceYDroneCapBullet: a game is running, so the Drone Hub capacity already includes SpaceY's own bonus and this bullet would count it twice — nothing was added (this repair is for the pre-game sponsor screens)
						Lua 0:08:09:673
[mod] [SMRTest] PASS  SpaceYDroneCapBullet     [behavior] language German. ⭐ A GAME IS RUNNING, so this is the STAND-DOWN reading, not the bullet reading. SpaceY still grants CommandCenterMaxDrones over the base and its description is still translation id 880574954148, so the defect is real in this build; all three install points hold a wrapper. Driven directly, the fix declined with 'a game is running, so the Drone Hub capacity already includes SpaceY's own bonus and this bullet would count it twice — nothing was added (this repair is for the pre-game sponsor screens)', and the assembled sponsor summary is byte-identical to the shipped one — the in-game Mission Profile dialog (MissionProfileDlgRemastered:342, the HUD Goals button) gets vanilla. ⛔ WHAT THIS DOES NOT PROVE: it does not read the pre-game bullet at all. The bullet clauses (5, 6) can only be taken with NO game loaded — at the main menu — and this run could not take them.
[SMRTest] PASS  SpaceYDroneCapBullet     [behavior] language German. ⭐ A GAME IS RUNNING, so this is the STAND-DOWN reading, not the bullet reading. SpaceY still grants CommandCenterMaxDrones over the base and its description is still translation id 880574954148, so the defect is real in this build; all three install points hold a wrapper. Driven directly, the fix declined with 'a game is running, so the Drone Hub capacity already includes SpaceY's own bonus and this bullet would count it twice — nothing was added (this repair is for the pre-game sponsor screens)', and the assembled sponsor summary is byte-identical to the shipped one — the in-game Mission Profile dialog (MissionProfileDlgRemastered:342, the HUD Goals button) gets vanilla. ⛔ WHAT THIS DOES NOT PROVE: it does not read the pre-game bullet at all. The bullet clauses (5, 6) can only be taken with NO game loaded — at the main menu — and this run could not take them.
[mod] [SMRTest] SKIP  AcknowledgedWarnings     [behavior] opt-in mod not installed or module not present
[SMRTest] SKIP  AcknowledgedWarnings     [behavior] opt-in mod not installed or module not present
[mod] [SMRTest] SKIP  ResidencyControl         [behavior] opt-in mod not installed or module not present
[SMRTest] SKIP  ResidencyControl         [behavior] opt-in mod not installed or module not present
[mod] [SMRTest] SKIP  MultipleSuns             [behavior] opt-in mod not installed or module not present
[SMRTest] SKIP  MultipleSuns             [behavior] opt-in mod not installed or module not present
[mod] [SMRTest] SKIP  CohortHousing            [behavior] opt-in mod not installed or module not present
[SMRTest] SKIP  CohortHousing            [behavior] opt-in mod not installed or module not present
[mod] [SMRTest] SKIP  NoHomeless               [behavior] opt-in mod not installed or module not present
[SMRTest] SKIP  NoHomeless               [behavior] opt-in mod not installed or module not present
[mod] [SMRTest] SKIP  DroneStatDials           [behavior] opt-in mod not installed (separate mod — not a failure)
[SMRTest] SKIP  DroneStatDials           [behavior] opt-in mod not installed (separate mod — not a failure)
[mod] [SMRTest] SKIP  OptionsMenuOptIn         [behavior] opt-in mod not installed (separate mod — not a failure)
[SMRTest] SKIP  OptionsMenuOptIn         [behavior] opt-in mod not installed (separate mod — not a failure)
[mod] [SMRTest] PASS  OptionsMenuFixPack       [behavior] fix pack declares no default_options and no option items, and none of the 8 moved ids is in its registry
[SMRTest] PASS  OptionsMenuFixPack       [behavior] fix pack declares no default_options and no option items, and none of the 8 moved ids is in its registry
[mod] [SMRTest] SKIP  SaveRescueCleanPass      [behavior] save-rescue mod not installed (separate mod — not a failure)
[SMRTest] SKIP  SaveRescueCleanPass      [behavior] save-rescue mod not installed (separate mod — not a failure)
[mod] [SMRTest] SKIP  SaveRescueStandDown      [behavior] save-rescue mod not installed (separate mod — not a failure)
[SMRTest] SKIP  SaveRescueStandDown      [behavior] save-rescue mod not installed (separate mod — not a failure)
[mod] [SMRTest] SKIP  SaveRescueIdempotent     [behavior] save-rescue mod not installed (separate mod — not a failure)
[SMRTest] SKIP  SaveRescueIdempotent     [behavior] save-rescue mod not installed (separate mod — not a failure)
[mod] [SMRTest] SKIP  SaveRescueHealBounds     [behavior] save-rescue mod not installed (separate mod — not a failure)
[SMRTest] SKIP  SaveRescueHealBounds     [behavior] save-rescue mod not installed (separate mod — not a failure)
[mod] [SMRTest] SKIP  SaveRescueSelfClean      [behavior] save-rescue mod not installed (separate mod — not a failure)
[SMRTest] SKIP  SaveRescueSelfClean      [behavior] save-rescue mod not installed (separate mod — not a failure)
[mod] [SMRTest] SKIP  SaveRescueResidueTable   [behavior] save-rescue mod not installed (separate mod — not a failure)
[SMRTest] SKIP  SaveRescueResidueTable   [behavior] save-rescue mod not installed (separate mod — not a failure)
[mod] [SMRTest] ---- 74 PASS, 0 FAIL, 24 SKIP, 0 ERROR ----
[SMRTest] ---- 74 PASS, 0 FAIL, 24 SKIP, 0 ERROR ----
						Lua 0:09:08:258
[mod] [SMRTest] console enable requested (clean) — press Enter (or Alt-Shift-C) once in a colony
[SMRTest] console enable requested (clean) — press Enter (or Alt-Shift-C) once in a colony
						Lua 0:09:36:813
Language: English
						Lua 0:09:59:871


Stopping the game threads from the Lua side with exit code 0.

					Render 0:09:59:878


Stopping the game threads after receiving WM_QUIT.

					Render 0:10:00:177


*** Debug::Done()
Time (ms)	600177


