					Render 0:00:00:006
*** executable info
Timestamp:     	6a22b8b3
Date:          	Fri Jun  5 07:53:23 2026
Command line:  	-ged=3954267713207402428 -address=127.0.0.1:44000
Compiler:      	194435214, 142 (VS 2019) or newer


*** hardware info
CPU name      	Intel(R) Core(TM) i7-14700K
CPU MHz       	3418
CPU cores     	20/28
Phys. Memory   	65278 MBytes
Memory In Use  	51%
Disk Free      	746894 MBytes


*** OS info
OS:            	Windows 11
Version:       	10.0.26100 


*** Debug::Init()


					Render 0:00:00:008
Drive type for game installation: SSD, savegames: SSD
*** Ged!

					Render 0:00:00:012
Language: English
					Render 0:00:01:390
*** graphics info
GPU                            	NVIDIA GeForce RTX 4080 Feature Level: 12.1 {  DoublePrecisionFloatShaderOps: 1 OutputMergerLogicOp: 1 MinPrecisionSupport: 2 TiledResourcesTier: 4 ResourceBindingTier: 3 PSSpecifiedStencilRefSupported: 0 TypedUAVLoadAdditionalFormats: 1 ROVsSupported: 1 ConservativeRasterizationTier: 3 MaxGPUVirtualAddressBitsPerResource: 40 StandardSwizzle64KBSupported: 0 CrossNodeSharingTier: 0 CrossAdapterRowMajorTextureSupported: 0 VPAndRTArrayIndexFromAnyShaderFeedingRasterizerSupportedWithoutGSEmulation: 1 ResourceHeapTier: 2 NotZeroedPools: 1 UMA: 0 UnalignedBlockTextures: 1}
API                            	d3d12
GPU Driver Version             	32.0.16.1074
GPU Driver Package Version     	610.74
GPU Dedicated Video Memory     	16048 MB
					Render 0:00:01:492

Libs: DevToolsPublic, DebugAdapter 

					Render 0:00:01:500

Platform: asserts, cheats, debug, desktop, editor, ged, goldmaster, paradox, pc, steam

					Render 0:00:01:609
*** audio info
Audio Endpoint                 	Speakers (Razer Leviathan V2)
						Lua 0:00:01:639
Lua revision: 0
Assets revision: 31031
Steam AppID: <unknown>
						Lua 0:00:01:649
ChangeVideoMode request: 1600 x 900 0 Hz, Windowed, vsync: on
						Lua 0:00:01:656
Initializing ged app: GedModManager
					Render 0:00:01:665
ChangeVideoMode end.
						Lua 0:16:00:510


Stopping the game threads from the Lua side with exit code 0.



Stopping the game threads after receiving WM_QUIT.

[QUIT] Waiting the game state to finish...
						Lua 0:16:00:526
[QUIT] Game state finished.
[QUIT] Stopping game state thread...
					Render 0:16:00:527
[Sound] Stopping...
					Render 0:16:00:530
[Sound] Done.
					Render 0:16:00:531
Hook 'Shader :: CompileEffect' not found!
					Render 0:16:00:623


*** Debug::Done()
Time (ms)	960623


