					Render 0:00:00:006
*** executable info
Timestamp:     	6a22b86d
Date:          	Fri Jun  5 07:52:13 2026
Command line:  	
Compiler:      	194435214, 142 (VS 2019) or newer


*** hardware info
CPU name      	Intel(R) Core(TM) i7-14700K
CPU MHz       	3418
CPU cores     	20/28
Phys. Memory   	65278 MBytes
Memory In Use  	40%
Disk Free      	760667 MBytes


*** OS info
OS:            	Windows 11
Version:       	10.0.26100 


*** Debug::Init()


					Render 0:00:00:059
Steam initialized (AppId 3215050, Beta branch ???)
					Render 0:00:00:062
Drive type for game installation: SSD, savegames: SSD
Language: English
					Render 0:00:01:440
*** graphics info
GPU                            	NVIDIA GeForce RTX 4080 Feature Level: 12.1 {  DoublePrecisionFloatShaderOps: 1 OutputMergerLogicOp: 1 MinPrecisionSupport: 2 TiledResourcesTier: 4 ResourceBindingTier: 3 PSSpecifiedStencilRefSupported: 0 TypedUAVLoadAdditionalFormats: 1 ROVsSupported: 1 ConservativeRasterizationTier: 3 MaxGPUVirtualAddressBitsPerResource: 40 StandardSwizzle64KBSupported: 0 CrossNodeSharingTier: 0 CrossAdapterRowMajorTextureSupported: 0 VPAndRTArrayIndexFromAnyShaderFeedingRasterizerSupportedWithoutGSEmulation: 1 ResourceHeapTier: 2 NotZeroedPools: 1 UMA: 0 UnalignedBlockTextures: 1}
API                            	d3d12
GPU Driver Version             	32.0.16.1074
GPU Driver Package Version     	610.74
GPU Dedicated Video Memory     	16048 MB
					Render 0:00:01:572

Libs: Network, Sequences, MouseTrackWin, DumbAI, MapGen, Paradox, TriggersAndEvents, Notifications, Research, Resources 

					Render 0:00:01:765

Platform: desktop, editor, goldmaster, paradox, pc, steam

					Render 0:00:02:452
*** audio info
Audio Endpoint                 	Speakers (Razer Leviathan V2)
						Lua 0:00:02:511
Lua revision: 396349
Assets revision: 31031
Steam AppID: 3215050
Build version: 1.0.7.396349
Build branch:  Release
						Lua 0:00:17:500
Account storage loaded successfully in 1 ms
						Lua 0:00:17:503
[mod] Loaded mod def Community Fix Pack — Test Kit (id SMR_CommunityFixPackTestKit, v0.00-001) unpacked from appdata
[mod] Loaded mod def Community Opt-In Pack (id SMR_CommunityOptInPack, v0.01-000) unpacked from appdata
[mod] Loaded mod def Community Fix Pack (id SMR_CommunityFixPack, v1.00-001) unpacked from appdata
						Lua 0:00:17:842
[mod] [SMRTest] console enable requested (flag-only, UI was not up) — press Enter (or Alt-Shift-C) once in a colony
[SMRTest] console enable requested (flag-only, UI was not up) — press Enter (or Alt-Shift-C) once in a colony
						Lua 0:00:17:843
[mod] [SMRTest] no debug.getinfo (mod sandbox) — [install] probes will SKIP
[SMRTest] no debug.getinfo (mod sandbox) — [install] probes will SKIP
[mod] [SMRTest] test kit loaded — SMRTest.RunAll(), SMRTest.List(), SMRTest.<ProbeId>()
[SMRTest] test kit loaded — SMRTest.RunAll(), SMRTest.List(), SMRTest.<ProbeId>()
						Lua 0:00:17:847
[mod] [SMRTest][carry] fixture-carry dump available — run SMRTest.FixtureCarry()
						Lua 0:00:17:848
[mod] [CommunityFixPack] CaveInsNoDisasters: applied
[mod] [CommunityFixPack] MeteorFrequency: applied
[mod] [CommunityFixPack] UpgradeModifierLeak: applied
[mod] [CommunityFixPack] NightShiftWork: applied
[mod] [CommunityFixPack] MilestoneCrash: applied
[mod] [CommunityFixPack] WispRewards: applied
[mod] [CommunityFixPack] TouristApplicants: applied
						Lua 0:00:17:849
[mod] [CommunityFixPack] TrainsToVoid: applied
[mod] [CommunityFixPack] LanderEmptyLaunch: applied
[mod] [CommunityFixPack] LanderCargoRatchet: applied
[mod] [CommunityFixPack] LanderReturnFuel: applied
[mod] [CommunityFixPack] ShelterReflex: applied
[mod] [CommunityFixPack] BrokenTrackSalvage: applied
[mod] [CommunityFixPack] TrackSalvageWipe: applied
[mod] [CommunityFixPack] LakeEntombment: applied
[mod] [CommunityFixPack] GhostFarmOxygen: applied
[mod] [CommunityFixPack] RocketDroneChurn: applied
						Lua 0:00:17:850
[mod] [CommunityFixPack] ShuttleTransportCache: applied
[mod] [CommunityFixPack] VacuumWalks: applied
[mod] [CommunityFixPack] ArrivalDeaths: applied
[mod] [CommunityFixPack] DroneUnreachableForever: applied
[mod] [CommunityFixPack] StaleReservations: applied
[mod] [CommunityFixPack] CrystalMysteryHang: applied
[mod] [CommunityFixPack] TouristSatisfaction: applied
[mod] [CommunityFixPack] TrainPlatformWedge: applied
[mod] [CommunityFixPack] LowStorageWarning: applied
[mod] [CommunityFixPack] CommandCenterNumbers: applied
[mod] [CommunityFixPack] DomeOverviewHighlight: applied
						Lua 0:00:17:851
[mod] [CommunityFixPack] TrainCargoDumping: applied
[mod] [CommunityFixPack] UniversityOvertraining: applied
[mod] [CommunityFixPack] DestroyedTunnels: applied
[mod] [CommunityFixPack] DustSicknessBiorobots: applied
[mod] [CommunityFixPack] DustSicknessDamage: applied
[mod] [CommunityFixPack] GeneForging: applied
[mod] [CommunityFixPack] MirrorSphereSite: applied
[mod] [CommunityFixPack] PayloadTemplateRefill: applied
[mod] [CommunityFixPack] AsteroidLanderAvailable: applied
[mod] [CommunityFixPack] ShuttleHubOffAvailable: applied
[mod] [CommunityFixPack] FreedHousingNotice: applied
						Lua 0:00:17:852
[mod] [CommunityFixPack] DomeFreeSpaceMismatch: applied
[mod] [CommunityFixPack] SmallLandscapeSites: applied
[mod] [CommunityFixPack] LandscapeUnitFilter: applied
[mod] [CommunityFixPack] RocketInteractGuard: applied
[mod] [CommunityFixPack] TrackConnectorPingPong: applied
[mod] [CommunityFixPack] TrackTunnelPowerBridge: applied
						Lua 0:00:17:853
[mod] [CommunityFixPack] GridGlobalStorage: applied
[mod] [CommunityFixPack] LastTransmissionStorage: applied
[mod] [CommunityFixPack] GraphConsumedCaption: applied
[mod] [CommunityFixPack] MoraleComfortTooltip: applied
[mod] [CommunityFixPack] TrainWaitTime: applied
[mod] [CommunityFixPack] FounderTraitNotification: applied
[mod] [CommunityFixPack] StorageRateModifiers: applied
[mod] [CommunityFixPack] SequenceLatents: applied
[mod] [CommunityFixPack] IndependenceTerraforming: applied
						Lua 0:00:17:854
[mod] [CommunityFixPack] TrackSalvageRefund: applied
[mod] [CommunityFixPack] LayoutTechLock: applied
[mod] [CommunityFixPack] TrainMinors: applied
[mod] [CommunityFixPack] DroneTransportMinors: applied
[mod] [CommunityFixPack] AnomalyCaveInMap: applied
[mod] [CommunityFixPack] TechDescriptionBuilding: applied
[mod] [CommunityFixPack] BombardmentSpread: applied
[mod] [CommunityFixPack] ExtenderFlapChurn: applied
[mod] [CommunityFixPack] DisasterPredictionLeak: applied
[mod] [CommunityFixPack] MeteorStormWedge: applied
						Lua 0:00:17:855
[mod] [CommunityFixPack] RainsDeadlock: applied
[mod] [CommunityFixPack] FirstAsteroidPrefabs: applied
[mod] [CommunityFixPack] SaintBlessing: applied
[mod] [CommunityFixPack] DustDevilsDescrMap: applied
[mod] [CommunityFixPack] AstrogeologistExtractors: applied
[mod] [CommunityFixPack] SinkholeIndestructible: applied
[mod] [CommunityFixPack] DustStormUndergroundBreaks: applied
[mod] [CommunityFixPack] DustDevilSpawnGate: applied
[mod] [CommunityFixPack] ExoticDepositSign: applied
						Lua 0:00:17:856
[mod] [CommunityFixPack] SaveSanitizer: applied
[mod] [CommunityOptInPack] ClassicRockets: applied
[mod] [CommunityOptInPack] AcknowledgedWarnings: applied
[mod] [CommunityOptInPack] ResidencyControl: applied
[mod] [CommunityOptInPack] MultipleSuns: applied
						Lua 0:00:17:857
[mod] [CommunityOptInPack] DroneOverhaul: applied
[mod] [CommunityOptInPack] CohortHousing: applied
[mod] [CommunityOptInPack] NoHomeless: self-check targets Community but Workforce declares HasFreeWorkplacesAround — authoring error, not a game update (FIX_POLICY §2)
[mod] [CommunityOptInPack] NoHomeless: inactive (Community.HasFreeWorkplacesAround not found — expected on the FIRST load pass and NOT a game update: this check names Community while Workforce declares the method (authoring error — see the preceding line), and mod code loads before the class hierarchy is built, so the module applies cleanly on the second pass. If no 'NoHomeless: applied' line follows this one, the method is genuinely gone — without it a flagged dome could never be staffed)
[mod] [CommunityOptInPack] DroneStatDials: applied
						Lua 0:00:18:395
[mod] [CommunityFixPack] SaintBlessing: inactive (no dome-colonists trait presets)
[mod] [CommunityFixPack] SinkholeIndestructible: the St. Elmo's Fire sinkhole is now indestructible, like every other mystery set-piece
						Lua 0:00:18:471
Reloading done in 960 ms
						Lua 0:00:18:809
[preset] Preset postprocess took 69 ms.
						Lua 0:00:18:874
479 / 479 particle streams loaded in 60 ms.
						Lua 0:00:18:875
[mod] [CommunityFixPack] LastTransmissionStorage: 6 storage condition(s) made effective, 1 retargeted
[mod] [CommunityFixPack] IndependenceTerraforming: Independence_TerraformingProjects now discounts special projects by 20% as its param1 says
[mod] [CommunityFixPack] AstrogeologistExtractors: added 2 missing extractor entr(y/ies) to the astrogeologist profile (10 already present)
[mod] [CommunityOptInPack] MultipleSuns: BuildingTemplates.ArtificialSun not found — build limit NOT lifted (binding fix still active)
						Lua 0:00:19:061
[mod] [CommunityFixPack] SaintBlessing: corrected 1 dome-colonists trait modifier label(s) of 2
[mod] [CommunityOptInPack] MultipleSuns: Artificial Sun build-once limit lifted
						Lua 0:00:19:116
[mod] [SP-d] === split-optins SP-d === watchdog 1200000ms
[SP-d] === split-optins SP-d === watchdog 1200000ms
[mod] [SP-d] STEP 1-waiting-menu BEGIN
[SP-d] STEP 1-waiting-menu BEGIN
[PdxSDK] Started up. Took 1605
						Lua 0:00:19:140
[mod] Loaded mod items for: SMR_CommunityFixPackTestKit, SMR_CommunityFixPack, SMR_CommunityOptInPack
[mod] [CommunityOptInPack] NoHomeless: applied
						Lua 0:00:19:576
[Braze] SessionStart error The server name or address could not be resolved

[Braze] Failed sending launcher ev The server name or address could not be resolved

[Braze] Failed to init
						Lua 0:00:19:666
[Braze] SessionStart error The server name or address could not be resolved

[Braze] Failed sending launcher ev The server name or address could not be resolved

[Braze] Failed to init
						Lua 0:00:21:578
[mod] [SP-d] STEP 1-waiting-menu END 2500ms
[SP-d] STEP 1-waiting-menu END 2500ms
[mod] [SP-d] MODE ON DISK = CELL d — this banner is the cell's identity; the ARM gate printed the same value off disk before launch
[SP-d] MODE ON DISK = CELL d — this banner is the cell's identity; the ARM gate printed the same value off disk before launch
[mod] [SP-d] STEP 2-config-gate BEGIN
[SP-d] STEP 2-config-gate BEGIN
[mod] [SP-d] GATES config-gate/d ------------------------------------------------
[SP-d] GATES config-gate/d ------------------------------------------------
[mod] [SP-d] GATEREAD fix pack :: 74/74 active
[SP-d] GATEREAD fix pack :: 74/74 active
[mod] [SP-d] GATEROW fix pack :: CaveInsNoDisasters=active MeteorFrequency=active UpgradeModifierLeak=active NightShiftWork=active MilestoneCrash=active WispRewards=active TouristApplicants=active TrainsToVoid=active LanderEmptyLaunch=active LanderCargoRatchet=active
[SP-d] GATEROW fix pack :: CaveInsNoDisasters=active MeteorFrequency=active UpgradeModifierLeak=active NightShiftWork=active MilestoneCrash=active WispRewards=active TouristApplicants=active TrainsToVoid=active LanderEmptyLaunch=active LanderCargoRatchet=active
[mod] [SP-d] GATEROW fix pack :: LanderReturnFuel=active ShelterReflex=active BrokenTrackSalvage=active TrackSalvageWipe=active LakeEntombment=active GhostFarmOxygen=active RocketDroneChurn=active ShuttleTransportCache=active VacuumWalks=active ArrivalDeaths=active
[SP-d] GATEROW fix pack :: LanderReturnFuel=active ShelterReflex=active BrokenTrackSalvage=active TrackSalvageWipe=active LakeEntombment=active GhostFarmOxygen=active RocketDroneChurn=active ShuttleTransportCache=active VacuumWalks=active ArrivalDeaths=active
[mod] [SP-d] GATEROW fix pack :: DroneUnreachableForever=active StaleReservations=active CrystalMysteryHang=active TouristSatisfaction=active TrainPlatformWedge=active LowStorageWarning=active CommandCenterNumbers=active DomeOverviewHighlight=active TrainCargoDumping=active UniversityOvertraining=active
[SP-d] GATEROW fix pack :: DroneUnreachableForever=active StaleReservations=active CrystalMysteryHang=active TouristSatisfaction=active TrainPlatformWedge=active LowStorageWarning=active CommandCenterNumbers=active DomeOverviewHighlight=active TrainCargoDumping=active UniversityOvertraining=active
[mod] [SP-d] GATEROW fix pack :: DestroyedTunnels=active DustSicknessBiorobots=active DustSicknessDamage=active GeneForging=active MirrorSphereSite=active PayloadTemplateRefill=active AsteroidLanderAvailable=active ShuttleHubOffAvailable=active FreedHousingNotice=active DomeFreeSpaceMismatch=active
[SP-d] GATEROW fix pack :: DestroyedTunnels=active DustSicknessBiorobots=active DustSicknessDamage=active GeneForging=active MirrorSphereSite=active PayloadTemplateRefill=active AsteroidLanderAvailable=active ShuttleHubOffAvailable=active FreedHousingNotice=active DomeFreeSpaceMismatch=active
[mod] [SP-d] GATEROW fix pack :: SmallLandscapeSites=active LandscapeUnitFilter=active RocketInteractGuard=active TrackConnectorPingPong=active TrackTunnelPowerBridge=active GridGlobalStorage=active LastTransmissionStorage=active GraphConsumedCaption=active MoraleComfortTooltip=active TrainWaitTime=active
[SP-d] GATEROW fix pack :: SmallLandscapeSites=active LandscapeUnitFilter=active RocketInteractGuard=active TrackConnectorPingPong=active TrackTunnelPowerBridge=active GridGlobalStorage=active LastTransmissionStorage=active GraphConsumedCaption=active MoraleComfortTooltip=active TrainWaitTime=active
[mod] [SP-d] GATEROW fix pack :: FounderTraitNotification=active StorageRateModifiers=active SequenceLatents=active IndependenceTerraforming=active TrackSalvageRefund=active LayoutTechLock=active TrainMinors=active DroneTransportMinors=active AnomalyCaveInMap=active TechDescriptionBuilding=active
[SP-d] GATEROW fix pack :: FounderTraitNotification=active StorageRateModifiers=active SequenceLatents=active IndependenceTerraforming=active TrackSalvageRefund=active LayoutTechLock=active TrainMinors=active DroneTransportMinors=active AnomalyCaveInMap=active TechDescriptionBuilding=active
[mod] [SP-d] GATEROW fix pack :: BombardmentSpread=active ExtenderFlapChurn=active DisasterPredictionLeak=active MeteorStormWedge=active RainsDeadlock=active FirstAsteroidPrefabs=active SaintBlessing=active DustDevilsDescrMap=active AstrogeologistExtractors=active SinkholeIndestructible=active
[SP-d] GATEROW fix pack :: BombardmentSpread=active ExtenderFlapChurn=active DisasterPredictionLeak=active MeteorStormWedge=active RainsDeadlock=active FirstAsteroidPrefabs=active SaintBlessing=active DustDevilsDescrMap=active AstrogeologistExtractors=active SinkholeIndestructible=active
[mod] [SP-d] GATEROW fix pack :: DustStormUndergroundBreaks=active DustDevilSpawnGate=active ExoticDepositSign=active SaveSanitizer=active
[SP-d] GATEROW fix pack :: DustStormUndergroundBreaks=active DustDevilSpawnGate=active ExoticDepositSign=active SaveSanitizer=active
[mod] [SP-d] GATEREAD opt-in pack :: 8/8 active
[SP-d] GATEREAD opt-in pack :: 8/8 active
[mod] [SP-d] GATEROW opt-in pack :: ClassicRockets=active AcknowledgedWarnings=active ResidencyControl=active MultipleSuns=active DroneOverhaul=active CohortHousing=active NoHomeless=active DroneStatDials=active
[SP-d] GATEROW opt-in pack :: ClassicRockets=active AcknowledgedWarnings=active ResidencyControl=active MultipleSuns=active DroneOverhaul=active CohortHousing=active NoHomeless=active DroneStatDials=active
[mod] [SP-d] GATES config-gate/d :: fix pack 74/74 | opt-in pack 8/8 | map= | speed=1 | loads_this_process=0
[SP-d] GATES config-gate/d :: fix pack 74/74 | opt-in pack 8/8 | map= | speed=1 | loads_this_process=0
[mod] [SP-d] MODORDER config-gate/d :: 3 mod(s) loaded, in load order :: 1:SMR_CommunityFixPackTestKit 2:SMR_CommunityFixPack 3:SMR_CommunityOptInPack
[SP-d] MODORDER config-gate/d :: 3 mod(s) loaded, in load order :: 1:SMR_CommunityFixPackTestKit 2:SMR_CommunityFixPack 3:SMR_CommunityOptInPack
[mod] [SP-d] CONFIGGATE OK :: cell d :: fix pack present=true (wanted true) | opt-in present=true (wanted true) :: 74/74 and 8/8
[SP-d] CONFIGGATE OK :: cell d :: fix pack present=true (wanted true) | opt-in present=true (wanted true) :: 74/74 and 8/8
[mod] [SP-d] STEP 2-config-gate END 0ms
[SP-d] STEP 2-config-gate END 0ms
[mod] [SP-d] STEP 3-load-witness BEGIN
[SP-d] STEP 3-load-witness BEGIN
						Lua 0:00:21:684
Load Game: 
	lua_revision: 396349 
	assets_revision: 31031 

	mods: SMR_CommunityFixPackTestKit, SMR_CommunityFixPack 
						Lua 0:00:21:691
*** Reloading assets from folder 'BinAssets/'
							IO Task 0:00:21:731
[ResManager Error] Cannot find file with base path: Animations/LawOfficeDoor_idle.hgacl
[ResManager Error] Cannot find file with base path: Animations/LawOfficeDoor_opening.hgacl
						Lua 0:00:24:448
*** Assets reloaded in 2.8 s, read 202.1 MB, read speed 73.3 MB/s, average read 4948 bytes.
						Lua 0:00:28:652
[mod] [SMRTest] console enable requested (clean) — press Enter (or Alt-Shift-C) once in a colony
[SMRTest] console enable requested (clean) — press Enter (or Alt-Shift-C) once in a colony
						Lua 0:00:28:665
game_settings:
    sponsor: NASA
    profile: rocketscientist
    founding_faction: ProsperityForMars
    rival_colonies: BlueSun, Brazil
    mystery_random: 
    game_rules: MoreApplicants, UnlockedPolicies, EasyResearch
more_game_settings: save_game_id: UR-Hx4vC131ZHsAM, mystery: LightsMystery, coordinates: 1N134W, landing_spot: , logo: ColonizationEffort
map_conditions: altitude: 1379, temperature: -1, cold_wave: 0, dust_devils: 83, dust_storm: 219, meteors: 73
map_resources: concrete: 146, metals: 110, precious_metals: 110, water: 146
						Lua 0:00:28:696
Game Loaded in 7012 ms
						Lua 0:00:28:737
[mod] [SMRTest] console enable requested (clean) — press Enter (or Alt-Shift-C) once in a colony
[SMRTest] console enable requested (clean) — press Enter (or Alt-Shift-C) once in a colony
						Lua 0:00:29:564
Game loaded on map BlankBigTerraceCMix_10 in 7986 ms
[mod] [SP-d] LOAD OK #1 file=SPWIT.savegame.sav — LoadGame returned no error
[SP-d] LOAD OK #1 file=SPWIT.savegame.sav — LoadGame returned no error
						Lua 0:00:31:864
[mod] [SMRTest] console enable requested (clean) — press Enter (or Alt-Shift-C) once in a colony
[SMRTest] console enable requested (clean) — press Enter (or Alt-Shift-C) once in a colony
						Lua 0:00:45:064
[mod] [SP-d] READ speed: SetGameSpeed(1) call=true | before=0 after=1
[SP-d] READ speed: SetGameSpeed(1) call=true | before=0 after=1
[mod] [SP-d] STEP 3-load-witness END (no timing — this step blocks render mode)
[SP-d] STEP 3-load-witness END (no timing — this step blocks render mode)
[mod] [SP-d] STEP 4-inventory-after-load BEGIN
[SP-d] STEP 4-inventory-after-load BEGIN
[mod] [SP-d] GATES witness-loaded ------------------------------------------------
[SP-d] GATES witness-loaded ------------------------------------------------
[mod] [SP-d] GATEREAD fix pack :: 74/74 active
[SP-d] GATEREAD fix pack :: 74/74 active
[mod] [SP-d] GATEROW fix pack :: CaveInsNoDisasters=active MeteorFrequency=active UpgradeModifierLeak=active NightShiftWork=active MilestoneCrash=active WispRewards=active TouristApplicants=active TrainsToVoid=active LanderEmptyLaunch=active LanderCargoRatchet=active
[SP-d] GATEROW fix pack :: CaveInsNoDisasters=active MeteorFrequency=active UpgradeModifierLeak=active NightShiftWork=active MilestoneCrash=active WispRewards=active TouristApplicants=active TrainsToVoid=active LanderEmptyLaunch=active LanderCargoRatchet=active
[mod] [SP-d] GATEROW fix pack :: LanderReturnFuel=active ShelterReflex=active BrokenTrackSalvage=active TrackSalvageWipe=active LakeEntombment=active GhostFarmOxygen=active RocketDroneChurn=active ShuttleTransportCache=active VacuumWalks=active ArrivalDeaths=active
[SP-d] GATEROW fix pack :: LanderReturnFuel=active ShelterReflex=active BrokenTrackSalvage=active TrackSalvageWipe=active LakeEntombment=active GhostFarmOxygen=active RocketDroneChurn=active ShuttleTransportCache=active VacuumWalks=active ArrivalDeaths=active
[mod] [SP-d] GATEROW fix pack :: DroneUnreachableForever=active StaleReservations=active CrystalMysteryHang=active TouristSatisfaction=active TrainPlatformWedge=active LowStorageWarning=active CommandCenterNumbers=active DomeOverviewHighlight=active TrainCargoDumping=active UniversityOvertraining=active
[SP-d] GATEROW fix pack :: DroneUnreachableForever=active StaleReservations=active CrystalMysteryHang=active TouristSatisfaction=active TrainPlatformWedge=active LowStorageWarning=active CommandCenterNumbers=active DomeOverviewHighlight=active TrainCargoDumping=active UniversityOvertraining=active
[mod] [SP-d] GATEROW fix pack :: DestroyedTunnels=active DustSicknessBiorobots=active DustSicknessDamage=active GeneForging=active MirrorSphereSite=active PayloadTemplateRefill=active AsteroidLanderAvailable=active ShuttleHubOffAvailable=active FreedHousingNotice=active DomeFreeSpaceMismatch=active
[SP-d] GATEROW fix pack :: DestroyedTunnels=active DustSicknessBiorobots=active DustSicknessDamage=active GeneForging=active MirrorSphereSite=active PayloadTemplateRefill=active AsteroidLanderAvailable=active ShuttleHubOffAvailable=active FreedHousingNotice=active DomeFreeSpaceMismatch=active
[mod] [SP-d] GATEROW fix pack :: SmallLandscapeSites=active LandscapeUnitFilter=active RocketInteractGuard=active TrackConnectorPingPong=active TrackTunnelPowerBridge=active GridGlobalStorage=active LastTransmissionStorage=active GraphConsumedCaption=active MoraleComfortTooltip=active TrainWaitTime=active
[SP-d] GATEROW fix pack :: SmallLandscapeSites=active LandscapeUnitFilter=active RocketInteractGuard=active TrackConnectorPingPong=active TrackTunnelPowerBridge=active GridGlobalStorage=active LastTransmissionStorage=active GraphConsumedCaption=active MoraleComfortTooltip=active TrainWaitTime=active
[mod] [SP-d] GATEROW fix pack :: FounderTraitNotification=active StorageRateModifiers=active SequenceLatents=active IndependenceTerraforming=active TrackSalvageRefund=active LayoutTechLock=active TrainMinors=active DroneTransportMinors=active AnomalyCaveInMap=active TechDescriptionBuilding=active
[SP-d] GATEROW fix pack :: FounderTraitNotification=active StorageRateModifiers=active SequenceLatents=active IndependenceTerraforming=active TrackSalvageRefund=active LayoutTechLock=active TrainMinors=active DroneTransportMinors=active AnomalyCaveInMap=active TechDescriptionBuilding=active
[mod] [SP-d] GATEROW fix pack :: BombardmentSpread=active ExtenderFlapChurn=active DisasterPredictionLeak=active MeteorStormWedge=active RainsDeadlock=active FirstAsteroidPrefabs=active SaintBlessing=active DustDevilsDescrMap=active AstrogeologistExtractors=active SinkholeIndestructible=active
[SP-d] GATEROW fix pack :: BombardmentSpread=active ExtenderFlapChurn=active DisasterPredictionLeak=active MeteorStormWedge=active RainsDeadlock=active FirstAsteroidPrefabs=active SaintBlessing=active DustDevilsDescrMap=active AstrogeologistExtractors=active SinkholeIndestructible=active
[mod] [SP-d] GATEROW fix pack :: DustStormUndergroundBreaks=active DustDevilSpawnGate=active ExoticDepositSign=active SaveSanitizer=active
[SP-d] GATEROW fix pack :: DustStormUndergroundBreaks=active DustDevilSpawnGate=active ExoticDepositSign=active SaveSanitizer=active
[mod] [SP-d] GATEREAD opt-in pack :: 8/8 active
[SP-d] GATEREAD opt-in pack :: 8/8 active
[mod] [SP-d] GATEROW opt-in pack :: ClassicRockets=active AcknowledgedWarnings=active ResidencyControl=active MultipleSuns=active DroneOverhaul=active CohortHousing=active NoHomeless=active DroneStatDials=active
[SP-d] GATEROW opt-in pack :: ClassicRockets=active AcknowledgedWarnings=active ResidencyControl=active MultipleSuns=active DroneOverhaul=active CohortHousing=active NoHomeless=active DroneStatDials=active
[mod] [SP-d] GATES witness-loaded :: fix pack 74/74 | opt-in pack 8/8 | map=BlankBigTerraceCMix_10 | speed=1 | loads_this_process=1
[SP-d] GATES witness-loaded :: fix pack 74/74 | opt-in pack 8/8 | map=BlankBigTerraceCMix_10 | speed=1 | loads_this_process=1
[mod] [SP-d] INVENTORY after-load ==========================================
[SP-d] INVENTORY after-load ==========================================
[mod] [SP-d] INVROW after-load :: label_modifiers[Drone][SMRFixPack_DroneSpeedDial] = table: 00000144805CACA0 (type=table truthy=true) | modifiers on that label = 3 | ⭐ PREDICTED ABSENT: the mod id changed, so the dials read BASE and PostLoadGame REMOVES our ids (Opt_DroneStatDials.lua:42-44). Absence is the PASS; a STALE one surviving the reconcile is the failure
[SP-d] INVROW after-load :: label_modifiers[Drone][SMRFixPack_DroneSpeedDial] = table: 00000144805CACA0 (type=table truthy=true) | modifiers on that label = 3 | ⭐ PREDICTED ABSENT: the mod id changed, so the dials read BASE and PostLoadGame REMOVES our ids (Opt_DroneStatDials.lua:42-44). Absence is the PASS; a STALE one surviving the reconcile is the failure
[mod] [SP-d] INVROW after-load :: label_modifiers[Consts][SMRFixPack_DroneCarryDial] = table: 00000144805CACE0 (type=table truthy=true) | modifiers on that label = 23 | ⭐ PREDICTED ABSENT: the mod id changed, so the dials read BASE and PostLoadGame REMOVES our ids (Opt_DroneStatDials.lua:42-44). Absence is the PASS; a STALE one surviving the reconcile is the failure
[SP-d] INVROW after-load :: label_modifiers[Consts][SMRFixPack_DroneCarryDial] = table: 00000144805CACE0 (type=table truthy=true) | modifiers on that label = 23 | ⭐ PREDICTED ABSENT: the mod id changed, so the dials read BASE and PostLoadGame REMOVES our ids (Opt_DroneStatDials.lua:42-44). Absence is the PASS; a STALE one surviving the reconcile is the failure
[mod] [SP-d] INVROW after-load :: CONTROL UIColony.SMRFixPack_F48_StationConnectors = true (type=boolean truthy=true) — fix-pack side, never moved
[SP-d] INVROW after-load :: CONTROL UIColony.SMRFixPack_F48_StationConnectors = true (type=boolean truthy=true) — fix-pack side, never moved
						Lua 0:00:45:065
[mod] [SP-d] INVPOP after-load :: scanned 855 distinct labelled object(s) | Dome/MicroGHabitatBase = 1 | Building = 116
[SP-d] INVPOP after-load :: scanned 855 distinct labelled object(s) | Dome/MicroGHabitatBase = 1 | Building = 116
[mod] [SP-d] INVROW after-load :: SMRFixPack_ack_notworking on 0 object(s) of 116 Building (Opt_AcknowledgedWarnings) | examples: <none>
[SP-d] INVROW after-load :: SMRFixPack_ack_notworking on 0 object(s) of 116 Building (Opt_AcknowledgedWarnings) | examples: <none>
[mod] [SP-d] READ cell-d-row(SMRFixPack_ack_notworking) = 0 | population=116 | APPLICABLE=true | witness=every labelled object of every city walked this load; own keys only, `next` never walks the metatable chain
[SP-d] READ cell-d-row(SMRFixPack_ack_notworking) = 0 | population=116 | APPLICABLE=true | witness=every labelled object of every city walked this load; own keys only, `next` never walks the metatable chain
[mod] [SP-d] INVROW after-load :: SMRFixPack_closed_to_new_residents on 0 object(s) of 1 Dome/MicroGHabitatBase (Opt_ResidencyControl) | examples: <none>
[SP-d] INVROW after-load :: SMRFixPack_closed_to_new_residents on 0 object(s) of 1 Dome/MicroGHabitatBase (Opt_ResidencyControl) | examples: <none>
[mod] [SP-d] READ cell-d-row(SMRFixPack_closed_to_new_residents) = 0 | population=1 | APPLICABLE=true | witness=every labelled object of every city walked this load; own keys only, `next` never walks the metatable chain
[SP-d] READ cell-d-row(SMRFixPack_closed_to_new_residents) = 0 | population=1 | APPLICABLE=true | witness=every labelled object of every city walked this load; own keys only, `next` never walks the metatable chain
[mod] [SP-d] INVROW after-load :: SMRFixPack_no_homeless on 0 object(s) of 1 Dome/MicroGHabitatBase (Opt_NoHomeless) | examples: <none>
[SP-d] INVROW after-load :: SMRFixPack_no_homeless on 0 object(s) of 1 Dome/MicroGHabitatBase (Opt_NoHomeless) | examples: <none>
[mod] [SP-d] READ cell-d-row(SMRFixPack_no_homeless) = 0 | population=1 | APPLICABLE=true | witness=every labelled object of every city walked this load; own keys only, `next` never walks the metatable chain
[SP-d] READ cell-d-row(SMRFixPack_no_homeless) = 0 | population=1 | APPLICABLE=true | witness=every labelled object of every city walked this load; own keys only, `next` never walks the metatable chain
[mod] [SP-d] INVENTORY after-load END =======================================
[SP-d] INVENTORY after-load END =======================================
[mod] [SMRTest][carry] === FIXTURE CARRY DUMP ===
=== FIXTURE CARRY DUMP ===
[mod] [SMRTest][carry] -- GameVars --
-- GameVars --
[mod] [SMRTest][carry]   SMRFixPack_FirstAsteroidPrefabs = false
  SMRFixPack_FirstAsteroidPrefabs = false
[mod] [SMRTest][carry]   SMRFixPack_DroneSpeedDial = (absent)
  SMRFixPack_DroneSpeedDial = (absent)
[mod] [SMRTest][carry]   SMRFixPack_DroneCarryDial = (absent)						Lua 0:00:45:066

  SMRFixPack_DroneCarryDial = (absent)
[mod] [SMRTest][carry]   SMRFixPack_MeteorLatch = 1.0.1
  SMRFixPack_MeteorLatch = 1.0.1
[mod] [SMRTest][carry] -- RainsDisasterThreads (loop_version = migrated; legacy = pre-rewrite) --
-- RainsDisasterThreads (loop_version = migrated; legacy = pre-rewrite) --
[mod] [SMRTest][carry]   normal: loop_version=nil  legacy_fixed_loop=nil  thread_alive=false  id=Normal_VeryLow
  normal: loop_version=nil  legacy_fixed_loop=nil  thread_alive=false  id=Normal_VeryLow
[mod] [SMRTest][carry]   toxic: loop_version=nil  legacy_fixed_loop=nil  thread_alive=false  id=Toxic_VeryLow
  toxic: loop_version=nil  legacy_fixed_loop=nil  thread_alive=false  id=Toxic_VeryLow
[mod] [SMRTest][carry]   NOTE: loop_version = the pack version whose migration pass last
  NOTE: loop_version = the pack version whose migration pass last
[mod] [SMRTest][carry]   moved this loop onto vanilla's body; a differing/absent version
  moved this loop onto vanilla's body; a differing/absent version
[mod] [SMRTest][carry]   migrates on next load. legacy_fixed_loop=true means the fixture
  migrates on next load. legacy_fixed_loop=true means the fixture
[mod] [SMRTest][carry]   has not been loaded since the 2026-08-01 rewrite.
  has not been loaded since the 2026-08-01 rewrite.
[mod] [SMRTest][carry] -- patched global threads (body identity is NOT readable: no debug) --
-- patched global threads (body identity is NOT readable: no debug) --
[mod] [SMRTest][carry]   Meteors: thread: 0000014480C382F8, valid=true
  Meteors: thread: 0000014480C382F8, valid=true
[mod] [SMRTest][carry]   MeteorStorm: thread: 0000014481D81E78, valid=true
  MeteorStorm: thread: 0000014481D81E78, valid=true
[mod] [SMRTest][carry] -- instance fields on live objects --
-- instance fields on live objects --
						Lua 0:00:45:073
[mod] [SMRTest][carry]   scanned 855 distinct labelled objects
  scanned 855 distinct labelled objects
[mod] [SMRTest][carry]     SMRFixPack_reserved_at on 0 object(s)
    SMRFixPack_reserved_at on 0 object(s)
[mod] [SMRTest][carry]     SMRFixPack_rocket_fuel_key on 0 object(s)
    SMRFixPack_rocket_fuel_key on 0 object(s)
[mod] [SMRTest][carry]     SMRFixPack_payload_set on 0 object(s)
    SMRFixPack_payload_set on 0 object(s)
[mod] [SMRTest][carry]     SMRFixPack_shelter_try on 0 object(s)
    SMRFixPack_shelter_try on 0 object(s)
[mod] [SMRTest][carry]     SMRFixPack_closed_to_new_residents on 0 object(s)
    SMRFixPack_closed_to_new_residents on 0 object(s)
[mod] [SMRTest][carry]     SMRFixPack_ack_notworking on 0 object(s)
    SMRFixPack_ack_notworking on 0 object(s)
[mod] [SMRTest][carry]     SMRFixPack_no_homeless on 0 object(s)
    SMRFixPack_no_homeless on 0 object(s)
[mod] [SMRTest][carry]     (no unexpected SMRFixPack_* fields)
    (no unexpected SMRFixPack_* fields)
[mod] [SMRTest][carry] -- label modifiers --
-- label modifiers --
[mod] [SMRTest][carry]   NOT INSPECTABLE from here — the modifier store was not found by a
  NOT INSPECTABLE from here — the modifier store was not found by a
[mod] [SMRTest][carry]   shallow scan. Absence here is NOT evidence of absence.
  shallow scan. Absence here is NOT evidence of absence.
[mod] [SMRTest][carry] === END DUMP ===
=== END DUMP ===
[mod] [SP-d] TRY SMRTest.FixtureCarry() ok=true result=done
[SP-d] TRY SMRTest.FixtureCarry() ok=true result=done
[mod] [SP-d] STEP 4-inventory-after-load END 0ms
[SP-d] STEP 4-inventory-after-load END 0ms
						Lua 0:00:45:074
[mod] [SP-d] STEP 5-save-round-trip BEGIN
[SP-d] STEP 5-save-round-trip BEGIN
						Lua 0:00:45:582
[mod] [SP-d] SAVE SaveGame returned err=false name=SPWIT2.savegame.sav
[SP-d] SAVE SaveGame returned err=false name=SPWIT2.savegame.sav
[mod] [SP-d] TRY SaveGame SPWIT2.savegame.sav (yielding) ok=true result=false
[SP-d] TRY SaveGame SPWIT2.savegame.sav (yielding) ok=true result=false
						Lua 0:00:46:141
[mod] [SP-d] SAVE WITNESS for SPWIT2.savegame.sav = the on-disk file read agent-side after this process exits, plus the LoadGame of it below. NOT ListForTag (EF-049).
[SP-d] SAVE WITNESS for SPWIT2.savegame.sav = the on-disk file read agent-side after this process exits, plus the LoadGame of it below. NOT ListForTag (EF-049).
[mod] [SP-d] STEP 5-save-round-trip END (no timing — this step blocks render mode)
[SP-d] STEP 5-save-round-trip END (no timing — this step blocks render mode)
[mod] [SP-d] STEP 6-reload-round-trip BEGIN
[SP-d] STEP 6-reload-round-trip BEGIN
						Lua 0:00:46:241
Load Game: 
	lua_revision: 396349 
	assets_revision: 31031 

	mods: SMR_CommunityFixPackTestKit, SMR_CommunityFixPack, SMR_CommunityOptInPack 
						Lua 0:00:49:516
[mod] [SMRTest] console enable requested (clean) — press Enter (or Alt-Shift-C) once in a colony
[SMRTest] console enable requested (clean) — press Enter (or Alt-Shift-C) once in a colony
						Lua 0:00:49:530
game_settings:
    sponsor: NASA
    profile: rocketscientist
    founding_faction: ProsperityForMars
    rival_colonies: Brazil, BlueSun
    mystery_random: 
    game_rules: MoreApplicants, UnlockedPolicies, EasyResearch
more_game_settings: save_game_id: UR-Hx4vC131ZHsAM, mystery: LightsMystery, coordinates: 1N134W, landing_spot: , logo: ColonizationEffort
map_conditions: altitude: 1379, temperature: -1, cold_wave: 0, dust_devils: 83, dust_storm: 219, meteors: 73
map_resources: concrete: 146, metals: 110, precious_metals: 110, water: 146
						Lua 0:00:49:563
Game Loaded in 3323 ms
						Lua 0:00:49:601
[mod] [SMRTest] console enable requested (clean) — press Enter (or Alt-Shift-C) once in a colony
[SMRTest] console enable requested (clean) — press Enter (or Alt-Shift-C) once in a colony
						Lua 0:00:50:194
Game loaded on map BlankBigTerraceCMix_10 in 4053 ms
[mod] [SP-d] LOAD OK #2 file=SPWIT2.savegame.sav — LoadGame returned no error
[SP-d] LOAD OK #2 file=SPWIT2.savegame.sav — LoadGame returned no error
						Lua 0:00:51:499
[mod] [SMRTest] console enable requested (clean) — press Enter (or Alt-Shift-C) once in a colony
[SMRTest] console enable requested (clean) — press Enter (or Alt-Shift-C) once in a colony
						Lua 0:00:52:501
[mod] [SMRTest] console enable requested (clean) — press Enter (or Alt-Shift-C) once in a colony
[SMRTest] console enable requested (clean) — press Enter (or Alt-Shift-C) once in a colony
						Lua 0:01:05:692
[mod] [SP-d] READ speed: SetGameSpeed(1) call=true | before=1 after=1
[SP-d] READ speed: SetGameSpeed(1) call=true | before=1 after=1
[mod] [SP-d] STEP 6-reload-round-trip END (no timing — this step blocks render mode)
[SP-d] STEP 6-reload-round-trip END (no timing — this step blocks render mode)
[mod] [SP-d] STEP 7-inventory-after-round-trip BEGIN
[SP-d] STEP 7-inventory-after-round-trip BEGIN
[mod] [SP-d] GATES witness-round-tripped ------------------------------------------------
[SP-d] GATES witness-round-tripped ------------------------------------------------
[mod] [SP-d] GATEREAD fix pack :: 74/74 active
[SP-d] GATEREAD fix pack :: 74/74 active
[mod] [SP-d] GATEROW fix pack :: CaveInsNoDisasters=active MeteorFrequency=active UpgradeModifierLeak=active NightShiftWork=active MilestoneCrash=active WispRewards=active TouristApplicants=active TrainsToVoid=active LanderEmptyLaunch=active LanderCargoRatchet=active
[SP-d] GATEROW fix pack :: CaveInsNoDisasters=active MeteorFrequency=active UpgradeModifierLeak=active NightShiftWork=active MilestoneCrash=active WispRewards=active TouristApplicants=active TrainsToVoid=active LanderEmptyLaunch=active LanderCargoRatchet=active
[mod] [SP-d] GATEROW fix pack :: LanderReturnFuel=active ShelterReflex=active BrokenTrackSalvage=active TrackSalvageWipe=active LakeEntombment=active GhostFarmOxygen=active RocketDroneChurn=active ShuttleTransportCache=active VacuumWalks=active ArrivalDeaths=active
[SP-d] GATEROW fix pack :: LanderReturnFuel=active ShelterReflex=active BrokenTrackSalvage=active TrackSalvageWipe=active LakeEntombment=active GhostFarmOxygen=active RocketDroneChurn=active ShuttleTransportCache=active VacuumWalks=active ArrivalDeaths=active
[mod] [SP-d] GATEROW fix pack :: DroneUnreachableForever=active StaleReservations=active CrystalMysteryHang=active TouristSatisfaction=active TrainPlatformWedge=active LowStorageWarning=active CommandCenterNumbers=active DomeOverviewHighlight=active TrainCargoDumping=active UniversityOvertraining=active
[SP-d] GATEROW fix pack :: DroneUnreachableForever=active StaleReservations=active CrystalMysteryHang=active TouristSatisfaction=active TrainPlatformWedge=active LowStorageWarning=active CommandCenterNumbers=active DomeOverviewHighlight=active TrainCargoDumping=active UniversityOvertraining=active
[mod] [SP-d] GATEROW fix pack :: DestroyedTunnels=active DustSicknessBiorobots=active DustSicknessDamage=active GeneForging=active MirrorSphereSite=active PayloadTemplateRefill=active AsteroidLanderAvailable=active ShuttleHubOffAvailable=active FreedHousingNotice=active DomeFreeSpaceMismatch=active
[SP-d] GATEROW fix pack :: DestroyedTunnels=active DustSicknessBiorobots=active DustSicknessDamage=active GeneForging=active MirrorSphereSite=active PayloadTemplateRefill=active AsteroidLanderAvailable=active ShuttleHubOffAvailable=active FreedHousingNotice=active DomeFreeSpaceMismatch=active
[mod] [SP-d] GATEROW fix pack :: SmallLandscapeSites=active LandscapeUnitFilter=active RocketInteractGuard=active TrackConnectorPingPong=active TrackTunnelPowerBridge=active GridGlobalStorage=active LastTransmissionStorage=active GraphConsumedCaption=active MoraleComfortTooltip=active TrainWaitTime=active
[SP-d] GATEROW fix pack :: SmallLandscapeSites=active LandscapeUnitFilter=active RocketInteractGuard=active TrackConnectorPingPong=active TrackTunnelPowerBridge=active GridGlobalStorage=active LastTransmissionStorage=active GraphConsumedCaption=active MoraleComfortTooltip=active TrainWaitTime=active
[mod] [SP-d] GATEROW fix pack :: FounderTraitNotification=active StorageRateModifiers=active SequenceLatents=active IndependenceTerraforming=active TrackSalvageRefund=active LayoutTechLock=active TrainMinors=active DroneTransportMinors=active AnomalyCaveInMap=active TechDescriptionBuilding=active
[SP-d] GATEROW fix pack :: FounderTraitNotification=active StorageRateModifiers=active SequenceLatents=active IndependenceTerraforming=active TrackSalvageRefund=active LayoutTechLock=active TrainMinors=active DroneTransportMinors=active AnomalyCaveInMap=active TechDescriptionBuilding=active
[mod] [SP-d] GATEROW fix pack :: BombardmentSpread=active ExtenderFlapChurn=active DisasterPredictionLeak=active MeteorStormWedge=active RainsDeadlock=active FirstAsteroidPrefabs=active SaintBlessing=active DustDevilsDescrMap=active AstrogeologistExtractors=active SinkholeIndestructible=active
[SP-d] GATEROW fix pack :: BombardmentSpread=active ExtenderFlapChurn=active DisasterPredictionLeak=active MeteorStormWedge=active RainsDeadlock=active FirstAsteroidPrefabs=active SaintBlessing=active DustDevilsDescrMap=active AstrogeologistExtractors=active SinkholeIndestructible=active
[mod] [SP-d] GATEROW fix pack :: DustStormUndergroundBreaks=active DustDevilSpawnGate=active ExoticDepositSign=active SaveSanitizer=active
[SP-d] GATEROW fix pack :: DustStormUndergroundBreaks=active DustDevilSpawnGate=active ExoticDepositSign=active SaveSanitizer=active
[mod] [SP-d] GATEREAD opt-in pack :: 8/8 active
[SP-d] GATEREAD opt-in pack :: 8/8 active
[mod] [SP-d] GATEROW opt-in pack :: ClassicRockets=active AcknowledgedWarnings=active ResidencyControl=active MultipleSuns=active DroneOverhaul=active CohortHousing=active NoHomeless=active DroneStatDials=active
[SP-d] GATEROW opt-in pack :: ClassicRockets=active AcknowledgedWarnings=active ResidencyControl=active MultipleSuns=active DroneOverhaul=active CohortHousing=active NoHomeless=active DroneStatDials=active
[mod] [SP-d] GATES witness-round-tripped :: fix pack 74/74 | opt-in pack 8/8 | map=BlankBigTerraceCMix_10 | speed=1 | loads_this_process=2
[SP-d] GATES witness-round-tripped :: fix pack 74/74 | opt-in pack 8/8 | map=BlankBigTerraceCMix_10 | speed=1 | loads_this_process=2
[mod] [SP-d] INVENTORY after-round-trip ==========================================
[SP-d] INVENTORY after-round-trip ==========================================
[mod] [SP-d] INVROW after-round-trip :: label_modifiers[Drone][SMRFixPack_DroneSpeedDial] = table: 0000014482037F18 (type=table truthy=true) | modifiers on that label = 3 | ⭐ PREDICTED ABSENT: the mod id changed, so the dials read BASE and PostLoadGame REMOVES our ids (Opt_DroneStatDials.lua:42-44). Absence is the PASS; a STALE one surviving the reconcile is the failure
[SP-d] INVROW after-round-trip :: label_modifiers[Drone][SMRFixPack_DroneSpeedDial] = table: 0000014482037F18 (type=table truthy=true) | modifiers on that label = 3 | ⭐ PREDICTED ABSENT: the mod id changed, so the dials read BASE and PostLoadGame REMOVES our ids (Opt_DroneStatDials.lua:42-44). Absence is the PASS; a STALE one surviving the reconcile is the failure
[mod] [SP-d] INVROW after-round-trip :: label_modifiers[Consts][SMRFixPack_DroneCarryDial] = table: 0000014482157498 (type=table truthy=true) | modifiers on that label = 23 | ⭐ PREDICTED ABSENT: the mod id changed, so the dials read BASE and PostLoadGame REMOVES our ids (Opt_DroneStatDials.lua:42-44). Absence is the PASS; a STALE one surviving the reconcile is the failure
[SP-d] INVROW after-round-trip :: label_modifiers[Consts][SMRFixPack_DroneCarryDial] = table: 0000014482157498 (type=table truthy=true) | modifiers on that label = 23 | ⭐ PREDICTED ABSENT: the mod id changed, so the dials read BASE and PostLoadGame REMOVES our ids (Opt_DroneStatDials.lua:42-44). Absence is the PASS; a STALE one surviving the reconcile is the failure
[mod] [SP-d] INVROW after-round-trip :: CONTROL UIColony.SMRFixPack_F48_StationConnectors = true (type=boolean truthy=true) — fix-pack side, never moved
[SP-d] INVROW after-round-trip :: CONTROL UIColony.SMRFixPack_F48_StationConnectors = true (type=boolean truthy=true) — fix-pack side, never moved
						Lua 0:01:05:693
[mod] [SP-d] INVPOP after-round-trip :: scanned 855 distinct labelled object(s) | Dome/MicroGHabitatBase = 1 | Building = 116
[SP-d] INVPOP after-round-trip :: scanned 855 distinct labelled object(s) | Dome/MicroGHabitatBase = 1 | Building = 116
[mod] [SP-d] INVROW after-round-trip :: SMRFixPack_ack_notworking on 0 object(s) of 116 Building (Opt_AcknowledgedWarnings) | examples: <none>
[SP-d] INVROW after-round-trip :: SMRFixPack_ack_notworking on 0 object(s) of 116 Building (Opt_AcknowledgedWarnings) | examples: <none>
[mod] [SP-d] READ cell-d-row(SMRFixPack_ack_notworking) = 0 | population=116 | APPLICABLE=true | witness=every labelled object of every city walked this load; own keys only, `next` never walks the metatable chain
[SP-d] READ cell-d-row(SMRFixPack_ack_notworking) = 0 | population=116 | APPLICABLE=true | witness=every labelled object of every city walked this load; own keys only, `next` never walks the metatable chain
[mod] [SP-d] INVROW after-round-trip :: SMRFixPack_closed_to_new_residents on 0 object(s) of 1 Dome/MicroGHabitatBase (Opt_ResidencyControl) | examples: <none>
[SP-d] INVROW after-round-trip :: SMRFixPack_closed_to_new_residents on 0 object(s) of 1 Dome/MicroGHabitatBase (Opt_ResidencyControl) | examples: <none>
[mod] [SP-d] READ cell-d-row(SMRFixPack_closed_to_new_residents) = 0 | population=1 | APPLICABLE=true | witness=every labelled object of every city walked this load; own keys only, `next` never walks the metatable chain
[SP-d] READ cell-d-row(SMRFixPack_closed_to_new_residents) = 0 | population=1 | APPLICABLE=true | witness=every labelled object of every city walked this load; own keys only, `next` never walks the metatable chain
[mod] [SP-d] INVROW after-round-trip :: SMRFixPack_no_homeless on 0 object(s) of 1 Dome/MicroGHabitatBase (Opt_NoHomeless) | examples: <none>
[SP-d] INVROW after-round-trip :: SMRFixPack_no_homeless on 0 object(s) of 1 Dome/MicroGHabitatBase (Opt_NoHomeless) | examples: <none>
[mod] [SP-d] READ cell-d-row(SMRFixPack_no_homeless) = 0 | population=1 | APPLICABLE=true | witness=every labelled object of every city walked this load; own keys only, `next` never walks the metatable chain						Lua 0:01:05:694

[SP-d] READ cell-d-row(SMRFixPack_no_homeless) = 0 | population=1 | APPLICABLE=true | witness=every labelled object of every city walked this load; own keys only, `next` never walks the metatable chain
[mod] [SP-d] INVENTORY after-round-trip END =======================================
[SP-d] INVENTORY after-round-trip END =======================================
[mod] [SP-d] INVDIFF load -> save -> reload :: 0 reading(s) changed
[SP-d] INVDIFF load -> save -> reload :: 0 reading(s) changed
[mod] [SMRTest][carry] === FIXTURE CARRY DUMP ===
=== FIXTURE CARRY DUMP ===
[mod] [SMRTest][carry] -- GameVars --
-- GameVars --
[mod] [SMRTest][carry]   SMRFixPack_FirstAsteroidPrefabs = false
  SMRFixPack_FirstAsteroidPrefabs = false
[mod] [SMRTest][carry]   SMRFixPack_DroneSpeedDial = (absent)
  SMRFixPack_DroneSpeedDial = (absent)
[mod] [SMRTest][carry]   SMRFixPack_DroneCarryDial = (absent)
  SMRFixPack_DroneCarryDial = (absent)
[mod] [SMRTest][carry]   SMRFixPack_MeteorLatch = 1.0.1
  SMRFixPack_MeteorLatch = 1.0.1
[mod] [SMRTest][carry] -- RainsDisasterThreads (loop_version = migrated; legacy = pre-rewrite) --
-- RainsDisasterThreads (loop_version = migrated; legacy = pre-rewrite) --
[mod] [SMRTest][carry]   normal: loop_version=nil  legacy_fixed_loop=nil  thread_alive=false  id=Normal_VeryLow
  normal: loop_version=nil  legacy_fixed_loop=nil  thread_alive=false  id=Normal_VeryLow
[mod] [SMRTest][carry]   toxic: loop_version=nil  legacy_fixed_loop=nil  thread_alive=false  id=Toxic_VeryLow
  toxic: loop_version=nil  legacy_fixed_loop=nil  thread_alive=false  id=Toxic_VeryLow
[mod] [SMRTest][carry]   NOTE: loop_version = the pack version whose migration pass last
  NOTE: loop_version = the pack version whose migration pass last
[mod] [SMRTest][carry]   moved this loop onto vanilla's body; a differing/absent version
  moved this loop onto vanilla's body; a differing/absent version
[mod] [SMRTest][carry]   migrates on next load. legacy_fixed_loop=true means the fixture
  migrates on next load. legacy_fixed_loop=true means the fixture
[mod] [SMRTest][carry]   has not been loaded since the 2026-08-01 rewrite.
  has not been loaded since the 2026-08-01 rewrite.
[mod] [SMRTest][carry] -- patched global threads (body identity is NOT readable: no debug) --
-- patched global threads (body identity is NOT readable: no debug) --
[mod] [SMRTest][carry]   Meteors: thread: 00000144828BB878, valid=true
  Meteors: thread: 00000144828BB878, valid=true
[mod] [SMRTest][carry]   MeteorStorm: thread: 00000144807F4630, valid=true
  MeteorStorm: thread: 00000144807F4630, valid=true
[mod] [SMRTest][carry] -- instance fields on live objects --
-- instance fields on live objects --
						Lua 0:01:05:701
[mod] [SMRTest][carry]   scanned 855 distinct labelled objects
  scanned 855 distinct labelled objects
[mod] [SMRTest][carry]     SMRFixPack_reserved_at on 0 object(s)
    SMRFixPack_reserved_at on 0 object(s)
[mod] [SMRTest][carry]     SMRFixPack_rocket_fuel_key on 0 object(s)
    SMRFixPack_rocket_fuel_key on 0 object(s)
[mod] [SMRTest][carry]     SMRFixPack_payload_set on 0 object(s)
    SMRFixPack_payload_set on 0 object(s)
[mod] [SMRTest][carry]     SMRFixPack_shelter_try on 0 object(s)
    SMRFixPack_shelter_try on 0 object(s)
[mod] [SMRTest][carry]     SMRFixPack_closed_to_new_residents on 0 object(s)
    SMRFixPack_closed_to_new_residents on 0 object(s)
[mod] [SMRTest][carry]     SMRFixPack_ack_notworking on 0 object(s)
    SMRFixPack_ack_notworking on 0 object(s)
[mod] [SMRTest][carry]     SMRFixPack_no_homeless on 0 object(s)
    SMRFixPack_no_homeless on 0 object(s)
						Lua 0:01:05:702
[mod] [SMRTest][carry]     (no unexpected SMRFixPack_* fields)
    (no unexpected SMRFixPack_* fields)
[mod] [SMRTest][carry] -- label modifiers --
-- label modifiers --
[mod] [SMRTest][carry]   NOT INSPECTABLE from here — the modifier store was not found by a
  NOT INSPECTABLE from here — the modifier store was not found by a
[mod] [SMRTest][carry]   shallow scan. Absence here is NOT evidence of absence.
  shallow scan. Absence here is NOT evidence of absence.
[mod] [SMRTest][carry] === END DUMP ===
=== END DUMP ===
[mod] [SP-d] TRY SMRTest.FixtureCarry() (round trip) ok=true result=done
[SP-d] TRY SMRTest.FixtureCarry() (round trip) ok=true result=done
[mod] [SP-d] STEP 7-inventory-after-round-trip END 0ms
[SP-d] STEP 7-inventory-after-round-trip END 0ms
[mod] [SP-d] ERRORWATCH SP-d — every engine error line (the bracketed LUA-ERROR marker) in this log between the '=== split-optins SP-d ===' banner and this line happened inside this run. Report every unexplained line VERBATIM with its position and its age; never discount one. stage_at_close=7-inventory-after-round-trip loads_this_process=2
[SP-d] ERRORWATCH SP-d — every engine error line (the bracketed LUA-ERROR marker) in this log between the '=== split-optins SP-d ===' banner and this line happened inside this run. Report every unexplained line VERBATIM with its position and its age; never discount one. stage_at_close=7-inventory-after-round-trip loads_this_process=2
[mod] [SP-d] SHUTDOWN done
[SP-d] SHUTDOWN done
						Lua 0:01:08:692


Stopping the game threads from the Lua side with exit code 0.

					Render 0:01:08:697


Stopping the game threads after receiving WM_QUIT.

					Render 0:01:08:969


*** Debug::Done()
Time (ms)	68969


