					Render 0:00:00:006
*** executable info
Timestamp:     	6a22b86d
Date:          	Fri Jun  5 07:52:13 2026
Command line:  	
Compiler:      	194435214, 142 (VS 2019) or newer


*** hardware info
CPU name      	Intel(R) Core(TM) i7-14700K
CPU MHz       	3418
CPU cores     	20/28
Phys. Memory   	65278 MBytes
Memory In Use  	40%
Disk Free      	760352 MBytes


*** OS info
OS:            	Windows 11
Version:       	10.0.26100 


*** Debug::Init()


					Render 0:00:00:076
Steam initialized (AppId 3215050, Beta branch ???)
					Render 0:00:00:079
Drive type for game installation: SSD, savegames: SSD
Language: English
					Render 0:00:01:464
*** graphics info
GPU                            	NVIDIA GeForce RTX 4080 Feature Level: 12.1 {  DoublePrecisionFloatShaderOps: 1 OutputMergerLogicOp: 1 MinPrecisionSupport: 2 TiledResourcesTier: 4 ResourceBindingTier: 3 PSSpecifiedStencilRefSupported: 0 TypedUAVLoadAdditionalFormats: 1 ROVsSupported: 1 ConservativeRasterizationTier: 3 MaxGPUVirtualAddressBitsPerResource: 40 StandardSwizzle64KBSupported: 0 CrossNodeSharingTier: 0 CrossAdapterRowMajorTextureSupported: 0 VPAndRTArrayIndexFromAnyShaderFeedingRasterizerSupportedWithoutGSEmulation: 1 ResourceHeapTier: 2 NotZeroedPools: 1 UMA: 0 UnalignedBlockTextures: 1}
API                            	d3d12
GPU Driver Version             	32.0.16.1074
GPU Driver Package Version     	610.74
GPU Dedicated Video Memory     	16048 MB
					Render 0:00:01:600

Libs: Network, Sequences, MouseTrackWin, DumbAI, MapGen, Paradox, TriggersAndEvents, Notifications, Research, Resources 

					Render 0:00:01:799

Platform: desktop, editor, goldmaster, paradox, pc, steam

					Render 0:00:02:459
*** audio info
Audio Endpoint                 	Speakers (Razer Leviathan V2)
						Lua 0:00:02:517
Lua revision: 396349
Assets revision: 31031
Steam AppID: 3215050
Build version: 1.0.7.396349
Build branch:  Release
						Lua 0:00:17:511
Account storage loaded successfully in 1 ms
						Lua 0:00:17:514
[mod] Loaded mod def Community Fix Pack (id SMR_CommunityFixPack, v1.00-001) unpacked from appdata
[mod] Loaded mod def Community Opt-In Pack (id SMR_CommunityOptInPack, v0.01-000) unpacked from appdata
[mod] Loaded mod def Community Fix Pack — Test Kit (id SMR_CommunityFixPackTestKit, v0.00-001) unpacked from appdata
						Lua 0:00:17:870
[mod] [SMRTest] console enable requested (flag-only, UI was not up) — press Enter (or Alt-Shift-C) once in a colony
[SMRTest] console enable requested (flag-only, UI was not up) — press Enter (or Alt-Shift-C) once in a colony
[mod] [SMRTest] no debug.getinfo (mod sandbox) — [install] probes will SKIP
[SMRTest] no debug.getinfo (mod sandbox) — [install] probes will SKIP
[mod] [SMRTest] test kit loaded — SMRTest.RunAll(), SMRTest.List(), SMRTest.<ProbeId>()
[SMRTest] test kit loaded — SMRTest.RunAll(), SMRTest.List(), SMRTest.<ProbeId>()
						Lua 0:00:17:875
[mod] [SMRTest][carry] fixture-carry dump available — run SMRTest.FixtureCarry()
						Lua 0:00:17:876
[mod] [CommunityFixPack] CaveInsNoDisasters: applied
[mod] [CommunityFixPack] MeteorFrequency: applied
[mod] [CommunityFixPack] UpgradeModifierLeak: applied
[mod] [CommunityFixPack] NightShiftWork: applied
[mod] [CommunityFixPack] MilestoneCrash: applied
[mod] [CommunityFixPack] WispRewards: applied
[mod] [CommunityFixPack] TouristApplicants: applied
[mod] [CommunityFixPack] TrainsToVoid: applied
						Lua 0:00:17:877
[mod] [CommunityFixPack] LanderEmptyLaunch: applied
[mod] [CommunityFixPack] LanderCargoRatchet: applied
[mod] [CommunityFixPack] LanderReturnFuel: applied
[mod] [CommunityFixPack] ShelterReflex: applied
[mod] [CommunityFixPack] BrokenTrackSalvage: applied
[mod] [CommunityFixPack] TrackSalvageWipe: applied
[mod] [CommunityFixPack] LakeEntombment: applied
						Lua 0:00:17:878
[mod] [CommunityFixPack] GhostFarmOxygen: applied
[mod] [CommunityFixPack] RocketDroneChurn: applied
[mod] [CommunityFixPack] ShuttleTransportCache: applied
[mod] [CommunityFixPack] VacuumWalks: applied
[mod] [CommunityFixPack] ArrivalDeaths: applied
[mod] [CommunityFixPack] DroneUnreachableForever: applied
[mod] [CommunityFixPack] StaleReservations: applied
[mod] [CommunityFixPack] CrystalMysteryHang: applied
[mod] [CommunityFixPack] TouristSatisfaction: applied
[mod] [CommunityFixPack] TrainPlatformWedge: applied
						Lua 0:00:17:879
[mod] [CommunityFixPack] LowStorageWarning: applied
[mod] [CommunityFixPack] CommandCenterNumbers: applied
[mod] [CommunityFixPack] DomeOverviewHighlight: applied
[mod] [CommunityFixPack] TrainCargoDumping: applied
[mod] [CommunityFixPack] UniversityOvertraining: applied
[mod] [CommunityFixPack] DestroyedTunnels: applied
[mod] [CommunityFixPack] DustSicknessBiorobots: applied
[mod] [CommunityFixPack] DustSicknessDamage: applied
						Lua 0:00:17:880
[mod] [CommunityFixPack] GeneForging: applied
[mod] [CommunityFixPack] MirrorSphereSite: applied
[mod] [CommunityFixPack] PayloadTemplateRefill: applied
[mod] [CommunityFixPack] AsteroidLanderAvailable: applied
[mod] [CommunityFixPack] ShuttleHubOffAvailable: applied
[mod] [CommunityFixPack] FreedHousingNotice: applied
[mod] [CommunityFixPack] DomeFreeSpaceMismatch: applied
[mod] [CommunityFixPack] SmallLandscapeSites: applied
						Lua 0:00:17:881
[mod] [CommunityFixPack] LandscapeUnitFilter: applied
[mod] [CommunityFixPack] RocketInteractGuard: applied
[mod] [CommunityFixPack] TrackConnectorPingPong: applied
[mod] [CommunityFixPack] TrackTunnelPowerBridge: applied
[mod] [CommunityFixPack] GridGlobalStorage: applied
						Lua 0:00:17:882
[mod] [CommunityFixPack] LastTransmissionStorage: applied
[mod] [CommunityFixPack] GraphConsumedCaption: applied
[mod] [CommunityFixPack] MoraleComfortTooltip: applied
[mod] [CommunityFixPack] TrainWaitTime: applied
[mod] [CommunityFixPack] FounderTraitNotification: applied
[mod] [CommunityFixPack] StorageRateModifiers: applied
[mod] [CommunityFixPack] SequenceLatents: applied
[mod] [CommunityFixPack] IndependenceTerraforming: applied
[mod] [CommunityFixPack] TrackSalvageRefund: applied
						Lua 0:00:17:883
[mod] [CommunityFixPack] LayoutTechLock: applied
[mod] [CommunityFixPack] TrainMinors: applied
[mod] [CommunityFixPack] DroneTransportMinors: applied
[mod] [CommunityFixPack] AnomalyCaveInMap: applied
[mod] [CommunityFixPack] TechDescriptionBuilding: applied
[mod] [CommunityFixPack] BombardmentSpread: applied
[mod] [CommunityFixPack] ExtenderFlapChurn: applied
[mod] [CommunityFixPack] DisasterPredictionLeak: applied
[mod] [CommunityFixPack] MeteorStormWedge: applied
						Lua 0:00:17:884
[mod] [CommunityFixPack] RainsDeadlock: applied
[mod] [CommunityFixPack] FirstAsteroidPrefabs: applied
[mod] [CommunityFixPack] SaintBlessing: applied
[mod] [CommunityFixPack] DustDevilsDescrMap: applied
[mod] [CommunityFixPack] AstrogeologistExtractors: applied
[mod] [CommunityFixPack] SinkholeIndestructible: applied
[mod] [CommunityFixPack] DustStormUndergroundBreaks: applied
[mod] [CommunityFixPack] DustDevilSpawnGate: applied
[mod] [CommunityFixPack] ExoticDepositSign: applied
						Lua 0:00:17:885
[mod] [CommunityFixPack] SaveSanitizer: applied
[mod] [CommunityOptInPack] ClassicRockets: applied
[mod] [CommunityOptInPack] AcknowledgedWarnings: applied
						Lua 0:00:17:886
[mod] [CommunityOptInPack] ResidencyControl: applied
[mod] [CommunityOptInPack] MultipleSuns: applied
[mod] [CommunityOptInPack] DroneOverhaul: applied
[mod] [CommunityOptInPack] CohortHousing: applied
[mod] [CommunityOptInPack] NoHomeless: self-check targets Community but Workforce declares HasFreeWorkplacesAround — authoring error, not a game update (FIX_POLICY §2)
[mod] [CommunityOptInPack] NoHomeless: inactive (Community.HasFreeWorkplacesAround not found — expected on the FIRST load pass and NOT a game update: this check names Community while Workforce declares the method (authoring error — see the preceding line), and mod code loads before the class hierarchy is built, so the module applies cleanly on the second pass. If no 'NoHomeless: applied' line follows this one, the method is genuinely gone — without it a flagged dome could never be staffed)
[mod] [CommunityOptInPack] DroneStatDials: applied
						Lua 0:00:18:436
[mod] [CommunityFixPack] SaintBlessing: inactive (no dome-colonists trait presets)
[mod] [CommunityFixPack] SinkholeIndestructible: the St. Elmo's Fire sinkhole is now indestructible, like every other mystery set-piece
						Lua 0:00:18:512
Reloading done in 991 ms
						Lua 0:00:18:855
[preset] Preset postprocess took 62 ms.
						Lua 0:00:18:918
479 / 479 particle streams loaded in 59 ms.
						Lua 0:00:18:920
[mod] [CommunityFixPack] LastTransmissionStorage: 6 storage condition(s) made effective, 1 retargeted
[mod] [CommunityFixPack] IndependenceTerraforming: Independence_TerraformingProjects now discounts special projects by 20% as its param1 says
[mod] [CommunityFixPack] AstrogeologistExtractors: added 2 missing extractor entr(y/ies) to the astrogeologist profile (10 already present)
[mod] [CommunityOptInPack] MultipleSuns: BuildingTemplates.ArtificialSun not found — build limit NOT lifted (binding fix still active)
						Lua 0:00:19:116
[mod] [CommunityFixPack] SaintBlessing: corrected 1 dome-colonists trait modifier label(s) of 2
[mod] [CommunityOptInPack] MultipleSuns: Artificial Sun build-once limit lifted
						Lua 0:00:19:175
[mod] [SP-restore] === split-optins SP-restore === watchdog 600000ms
[SP-restore] === split-optins SP-restore === watchdog 600000ms
[mod] [SP-restore] STEP 1-waiting-menu BEGIN
[SP-restore] STEP 1-waiting-menu BEGIN
[PdxSDK] Started up. Took 1654
						Lua 0:00:19:200
[mod] Loaded mod items for: SMR_CommunityFixPackTestKit, SMR_CommunityFixPack, SMR_CommunityOptInPack
[mod] [CommunityOptInPack] NoHomeless: applied
						Lua 0:00:19:258
[Braze] SessionStart error The server name or address could not be resolved

						Lua 0:00:19:259
[Braze] Failed sending launcher ev The server name or address could not be resolved

[Braze] Failed to init
						Lua 0:00:19:476
[Braze] SessionStart error The server name or address could not be resolved

						Lua 0:00:19:477
[Braze] Failed sending launcher ev The server name or address could not be resolved

[Braze] Failed to init
						Lua 0:00:20:993
[mod] [SP-restore] STEP 1-waiting-menu END 2500ms
[SP-restore] STEP 1-waiting-menu END 2500ms
[mod] [SP-restore] MODE ON DISK = CELL restore — this banner is the cell's identity; the ARM gate printed the same value off disk before launch
[SP-restore] MODE ON DISK = CELL restore — this banner is the cell's identity; the ARM gate printed the same value off disk before launch
[mod] [SP-restore] STEP 2-config-gate BEGIN
[SP-restore] STEP 2-config-gate BEGIN
[mod] [SP-restore] GATES config-gate/restore ------------------------------------------------
[SP-restore] GATES config-gate/restore ------------------------------------------------
[mod] [SP-restore] GATEREAD fix pack :: 74/74 active
[SP-restore] GATEREAD fix pack :: 74/74 active
[mod] [SP-restore] GATEROW fix pack :: CaveInsNoDisasters=active MeteorFrequency=active UpgradeModifierLeak=active NightShiftWork=active MilestoneCrash=active WispRewards=active TouristApplicants=active TrainsToVoid=active LanderEmptyLaunch=active LanderCargoRatchet=active
[SP-restore] GATEROW fix pack :: CaveInsNoDisasters=active MeteorFrequency=active UpgradeModifierLeak=active NightShiftWork=active MilestoneCrash=active WispRewards=active TouristApplicants=active TrainsToVoid=active LanderEmptyLaunch=active LanderCargoRatchet=active
[mod] [SP-restore] GATEROW fix pack :: LanderReturnFuel=active ShelterReflex=active BrokenTrackSalvage=active TrackSalvageWipe=active LakeEntombment=active GhostFarmOxygen=active RocketDroneChurn=active ShuttleTransportCache=active VacuumWalks=active ArrivalDeaths=active
[SP-restore] GATEROW fix pack :: LanderReturnFuel=active ShelterReflex=active BrokenTrackSalvage=active TrackSalvageWipe=active LakeEntombment=active GhostFarmOxygen=active RocketDroneChurn=active ShuttleTransportCache=active VacuumWalks=active ArrivalDeaths=active
[mod] [SP-restore] GATEROW fix pack :: DroneUnreachableForever=active StaleReservations=active CrystalMysteryHang=active TouristSatisfaction=active TrainPlatformWedge=active LowStorageWarning=active CommandCenterNumbers=active DomeOverviewHighlight=active TrainCargoDumping=active UniversityOvertraining=active
[SP-restore] GATEROW fix pack :: DroneUnreachableForever=active StaleReservations=active CrystalMysteryHang=active TouristSatisfaction=active TrainPlatformWedge=active LowStorageWarning=active CommandCenterNumbers=active DomeOverviewHighlight=active TrainCargoDumping=active UniversityOvertraining=active
[mod] [SP-restore] GATEROW fix pack :: DestroyedTunnels=active DustSicknessBiorobots=active DustSicknessDamage=active GeneForging=active MirrorSphereSite=active PayloadTemplateRefill=active AsteroidLanderAvailable=active ShuttleHubOffAvailable=active FreedHousingNotice=active DomeFreeSpaceMismatch=active
[SP-restore] GATEROW fix pack :: DestroyedTunnels=active DustSicknessBiorobots=active DustSicknessDamage=active GeneForging=active MirrorSphereSite=active PayloadTemplateRefill=active AsteroidLanderAvailable=active ShuttleHubOffAvailable=active FreedHousingNotice=active DomeFreeSpaceMismatch=active
[mod] [SP-restore] GATEROW fix pack :: SmallLandscapeSites=active LandscapeUnitFilter=active RocketInteractGuard=active TrackConnectorPingPong=active TrackTunnelPowerBridge=active GridGlobalStorage=active LastTransmissionStorage=active GraphConsumedCaption=active MoraleComfortTooltip=active TrainWaitTime=active
[SP-restore] GATEROW fix pack :: SmallLandscapeSites=active LandscapeUnitFilter=active RocketInteractGuard=active TrackConnectorPingPong=active TrackTunnelPowerBridge=active GridGlobalStorage=active LastTransmissionStorage=active GraphConsumedCaption=active MoraleComfortTooltip=active TrainWaitTime=active
[mod] [SP-restore] GATEROW fix pack :: FounderTraitNotification=active StorageRateModifiers=active SequenceLatents=active IndependenceTerraforming=active TrackSalvageRefund=active LayoutTechLock=active TrainMinors=active DroneTransportMinors=active AnomalyCaveInMap=active TechDescriptionBuilding=active
[SP-restore] GATEROW fix pack :: FounderTraitNotification=active StorageRateModifiers=active SequenceLatents=active IndependenceTerraforming=active TrackSalvageRefund=active LayoutTechLock=active TrainMinors=active DroneTransportMinors=active AnomalyCaveInMap=active TechDescriptionBuilding=active
[mod] [SP-restore] GATEROW fix pack :: BombardmentSpread=active ExtenderFlapChurn=active DisasterPredictionLeak=active MeteorStormWedge=active RainsDeadlock=active FirstAsteroidPrefabs=active SaintBlessing=active DustDevilsDescrMap=active AstrogeologistExtractors=active SinkholeIndestructible=active
[SP-restore] GATEROW fix pack :: BombardmentSpread=active ExtenderFlapChurn=active DisasterPredictionLeak=active MeteorStormWedge=active RainsDeadlock=active FirstAsteroidPrefabs=active SaintBlessing=active DustDevilsDescrMap=active AstrogeologistExtractors=active SinkholeIndestructible=active
[mod] [SP-restore] GATEROW fix pack :: DustStormUndergroundBreaks=active DustDevilSpawnGate=active ExoticDepositSign=active SaveSanitizer=active
[SP-restore] GATEROW fix pack :: DustStormUndergroundBreaks=active DustDevilSpawnGate=active ExoticDepositSign=active SaveSanitizer=active
[mod] [SP-restore] GATEREAD opt-in pack :: 8/8 active
[SP-restore] GATEREAD opt-in pack :: 8/8 active
[mod] [SP-restore] GATEROW opt-in pack :: ClassicRockets=active AcknowledgedWarnings=active ResidencyControl=active MultipleSuns=active DroneOverhaul=active CohortHousing=active NoHomeless=active DroneStatDials=active
[SP-restore] GATEROW opt-in pack :: ClassicRockets=active AcknowledgedWarnings=active ResidencyControl=active MultipleSuns=active DroneOverhaul=active CohortHousing=active NoHomeless=active DroneStatDials=active
[mod] [SP-restore] GATES config-gate/restore :: fix pack 74/74 | opt-in pack 8/8 | map= | speed=1 | loads_this_process=0
[SP-restore] GATES config-gate/restore :: fix pack 74/74 | opt-in pack 8/8 | map= | speed=1 | loads_this_process=0
[mod] [SP-restore] MODORDER config-gate/restore :: 3 mod(s) loaded, in load order :: 1:SMR_CommunityFixPackTestKit 2:SMR_CommunityFixPack 3:SMR_CommunityOptInPack
[SP-restore] MODORDER config-gate/restore :: 3 mod(s) loaded, in load order :: 1:SMR_CommunityFixPackTestKit 2:SMR_CommunityFixPack 3:SMR_CommunityOptInPack
[mod] [SP-restore] DIALOPTS config-gate/restore :: DroneSpeedDial=5x (type=string) | DroneCarryDial=+2 (type=string) — ⛔ the choice VALUE is the choice STRING itself (Mod.lua:2764-2771); '1x (base)' and '+0 (base)' are the base positions
[SP-restore] DIALOPTS config-gate/restore :: DroneSpeedDial=5x (type=string) | DroneCarryDial=+2 (type=string) — ⛔ the choice VALUE is the choice STRING itself (Mod.lua:2764-2771); '1x (base)' and '+0 (base)' are the base positions
[mod] [SP-restore] DIALOPTS config-gate/restore :: toggles :: ClassicRockets=true AcknowledgedWarnings=true ResidencyControl=true MultipleSuns=true DroneOverhaul=true CohortHousing=true NoHomeless=true
[SP-restore] DIALOPTS config-gate/restore :: toggles :: ClassicRockets=true AcknowledgedWarnings=true ResidencyControl=true MultipleSuns=true DroneOverhaul=true CohortHousing=true NoHomeless=true
[mod] [SP-restore] CONFIGGATE OK :: cell restore :: fix pack present=true (wanted true) | opt-in present=true (wanted true) :: 74/74 and 8/8
[SP-restore] CONFIGGATE OK :: cell restore :: fix pack present=true (wanted true) | opt-in present=true (wanted true) :: 74/74 and 8/8
[mod] [SP-restore] STEP 2-config-gate END 0ms
[SP-restore] STEP 2-config-gate END 0ms
[mod] [SP-restore] STEP 3-standing-config-readback BEGIN
[SP-restore] STEP 3-standing-config-readback BEGIN
[mod] [SP-restore] GATES standing-config ------------------------------------------------
[SP-restore] GATES standing-config ------------------------------------------------
[mod] [SP-restore] GATEREAD fix pack :: 74/74 active
[SP-restore] GATEREAD fix pack :: 74/74 active
[mod] [SP-restore] GATEROW fix pack :: CaveInsNoDisasters=active MeteorFrequency=active UpgradeModifierLeak=active NightShiftWork=active MilestoneCrash=active WispRewards=active TouristApplicants=active TrainsToVoid=active LanderEmptyLaunch=active LanderCargoRatchet=active
[SP-restore] GATEROW fix pack :: CaveInsNoDisasters=active MeteorFrequency=active UpgradeModifierLeak=active NightShiftWork=active MilestoneCrash=active WispRewards=active TouristApplicants=active TrainsToVoid=active LanderEmptyLaunch=active LanderCargoRatchet=active
[mod] [SP-restore] GATEROW fix pack :: LanderReturnFuel=active ShelterReflex=active BrokenTrackSalvage=active TrackSalvageWipe=active LakeEntombment=active GhostFarmOxygen=active RocketDroneChurn=active ShuttleTransportCache=active VacuumWalks=active ArrivalDeaths=active
[SP-restore] GATEROW fix pack :: LanderReturnFuel=active ShelterReflex=active BrokenTrackSalvage=active TrackSalvageWipe=active LakeEntombment=active GhostFarmOxygen=active RocketDroneChurn=active ShuttleTransportCache=active VacuumWalks=active ArrivalDeaths=active
[mod] [SP-restore] GATEROW fix pack :: DroneUnreachableForever=active StaleReservations=active CrystalMysteryHang=active TouristSatisfaction=active TrainPlatformWedge=active LowStorageWarning=active CommandCenterNumbers=active DomeOverviewHighlight=active TrainCargoDumping=active UniversityOvertraining=active
[SP-restore] GATEROW fix pack :: DroneUnreachableForever=active StaleReservations=active CrystalMysteryHang=active TouristSatisfaction=active TrainPlatformWedge=active LowStorageWarning=active CommandCenterNumbers=active DomeOverviewHighlight=active TrainCargoDumping=active UniversityOvertraining=active
[mod] [SP-restore] GATEROW fix pack :: DestroyedTunnels=active DustSicknessBiorobots=active DustSicknessDamage=active GeneForging=active MirrorSphereSite=active PayloadTemplateRefill=active AsteroidLanderAvailable=active ShuttleHubOffAvailable=active FreedHousingNotice=active DomeFreeSpaceMismatch=active
[SP-restore] GATEROW fix pack :: DestroyedTunnels=active DustSicknessBiorobots=active DustSicknessDamage=active GeneForging=active MirrorSphereSite=active PayloadTemplateRefill=active AsteroidLanderAvailable=active ShuttleHubOffAvailable=active FreedHousingNotice=active DomeFreeSpaceMismatch=active
[mod] [SP-restore] GATEROW fix pack :: SmallLandscapeSites=active LandscapeUnitFilter=active RocketInteractGuard=active TrackConnectorPingPong=active TrackTunnelPowerBridge=active GridGlobalStorage=active LastTransmissionStorage=active GraphConsumedCaption=active MoraleComfortTooltip=active TrainWaitTime=active
[SP-restore] GATEROW fix pack :: SmallLandscapeSites=active LandscapeUnitFilter=active RocketInteractGuard=active TrackConnectorPingPong=active TrackTunnelPowerBridge=active GridGlobalStorage=active LastTransmissionStorage=active GraphConsumedCaption=active MoraleComfortTooltip=active TrainWaitTime=active
[mod] [SP-restore] GATEROW fix pack :: FounderTraitNotification=active StorageRateModifiers=active SequenceLatents=active IndependenceTerraforming=active TrackSalvageRefund=active LayoutTechLock=active TrainMinors=active DroneTransportMinors=active AnomalyCaveInMap=active TechDescriptionBuilding=active
[SP-restore] GATEROW fix pack :: FounderTraitNotification=active StorageRateModifiers=active SequenceLatents=active IndependenceTerraforming=active TrackSalvageRefund=active LayoutTechLock=active TrainMinors=active DroneTransportMinors=active AnomalyCaveInMap=active TechDescriptionBuilding=active
						Lua 0:00:20:994
[mod] [SP-restore] GATEROW fix pack :: BombardmentSpread=active ExtenderFlapChurn=active DisasterPredictionLeak=active MeteorStormWedge=active RainsDeadlock=active FirstAsteroidPrefabs=active SaintBlessing=active DustDevilsDescrMap=active AstrogeologistExtractors=active SinkholeIndestructible=active
[SP-restore] GATEROW fix pack :: BombardmentSpread=active ExtenderFlapChurn=active DisasterPredictionLeak=active MeteorStormWedge=active RainsDeadlock=active FirstAsteroidPrefabs=active SaintBlessing=active DustDevilsDescrMap=active AstrogeologistExtractors=active SinkholeIndestructible=active
[mod] [SP-restore] GATEROW fix pack :: DustStormUndergroundBreaks=active DustDevilSpawnGate=active ExoticDepositSign=active SaveSanitizer=active
[SP-restore] GATEROW fix pack :: DustStormUndergroundBreaks=active DustDevilSpawnGate=active ExoticDepositSign=active SaveSanitizer=active
[mod] [SP-restore] GATEREAD opt-in pack :: 8/8 active
[SP-restore] GATEREAD opt-in pack :: 8/8 active
[mod] [SP-restore] GATEROW opt-in pack :: ClassicRockets=active AcknowledgedWarnings=active ResidencyControl=active MultipleSuns=active DroneOverhaul=active CohortHousing=active NoHomeless=active DroneStatDials=active
[SP-restore] GATEROW opt-in pack :: ClassicRockets=active AcknowledgedWarnings=active ResidencyControl=active MultipleSuns=active DroneOverhaul=active CohortHousing=active NoHomeless=active DroneStatDials=active
[mod] [SP-restore] GATES standing-config :: fix pack 74/74 | opt-in pack 8/8 | map= | speed=1 | loads_this_process=0
[SP-restore] GATES standing-config :: fix pack 74/74 | opt-in pack 8/8 | map= | speed=1 | loads_this_process=0
[mod] [SP-restore] MODORDER standing-config :: 3 mod(s) loaded, in load order :: 1:SMR_CommunityFixPackTestKit 2:SMR_CommunityFixPack 3:SMR_CommunityOptInPack
[SP-restore] MODORDER standing-config :: 3 mod(s) loaded, in load order :: 1:SMR_CommunityFixPackTestKit 2:SMR_CommunityFixPack 3:SMR_CommunityOptInPack
[mod] [SP-restore] STEP 3-standing-config-readback END 0ms
[SP-restore] STEP 3-standing-config-readback END 0ms
[mod] [SP-restore] ERRORWATCH SP-restore — every engine error line (the bracketed LUA-ERROR marker) in this log between the '=== split-optins SP-restore ===' banner and this line happened inside this run. Report every unexplained line VERBATIM with its position and its age; never discount one. stage_at_close=3-standing-config-readback loads_this_process=0
[SP-restore] ERRORWATCH SP-restore — every engine error line (the bracketed LUA-ERROR marker) in this log between the '=== split-optins SP-restore ===' banner and this line happened inside this run. Report every unexplained line VERBATIM with its position and its age; never discount one. stage_at_close=3-standing-config-readback loads_this_process=0
[mod] [SP-restore] SHUTDOWN done
[SP-restore] SHUTDOWN done
						Lua 0:00:23:993


Stopping the game threads from the Lua side with exit code 0.

					Render 0:00:24:001


Stopping the game threads after receiving WM_QUIT.

					Render 0:00:24:227


*** Debug::Done()
Time (ms)	24227


