					Render 0:00:00:005
*** executable info
					Render 0:00:00:006
Timestamp:     	6a22b86d
Date:          	Fri Jun  5 07:52:13 2026
Command line:  	
Compiler:      	194435214, 142 (VS 2019) or newer


*** hardware info
CPU name      	Intel(R) Core(TM) i7-14700K
CPU MHz       	3418
CPU cores     	20/28
Phys. Memory   	65278 MBytes
Memory In Use  	35%
Disk Free      	756615 MBytes


*** OS info
OS:            	Windows 11
Version:       	10.0.26100 


*** Debug::Init()


					Render 0:00:00:064
Steam initialized (AppId 3215050, Beta branch ???)
					Render 0:00:00:068
Drive type for game installation: SSD, savegames: SSD
Language: English
					Render 0:00:01:470
*** graphics info
GPU                            	NVIDIA GeForce RTX 4080 Feature Level: 12.1 {  DoublePrecisionFloatShaderOps: 1 OutputMergerLogicOp: 1 MinPrecisionSupport: 2 TiledResourcesTier: 4 ResourceBindingTier: 3 PSSpecifiedStencilRefSupported: 0 TypedUAVLoadAdditionalFormats: 1 ROVsSupported: 1 ConservativeRasterizationTier: 3 MaxGPUVirtualAddressBitsPerResource: 40 StandardSwizzle64KBSupported: 0 CrossNodeSharingTier: 0 CrossAdapterRowMajorTextureSupported: 0 VPAndRTArrayIndexFromAnyShaderFeedingRasterizerSupportedWithoutGSEmulation: 1 ResourceHeapTier: 2 NotZeroedPools: 1 UMA: 0 UnalignedBlockTextures: 1}
API                            	d3d12
GPU Driver Version             	32.0.16.1074
GPU Driver Package Version     	610.74
GPU Dedicated Video Memory     	16048 MB
					Render 0:00:01:603

Libs: Network, Sequences, MouseTrackWin, DumbAI, MapGen, Paradox, TriggersAndEvents, Notifications, Research, Resources 

					Render 0:00:01:801

Platform: desktop, editor, goldmaster, paradox, pc, steam

					Render 0:00:02:468
*** audio info
Audio Endpoint                 	Speakers (Razer Leviathan V2)
						Lua 0:00:02:524
Lua revision: 396349
Assets revision: 31031
Steam AppID: 3215050
Build version: 1.0.7.396349
Build branch:  Release
						Lua 0:00:17:521
Account storage loaded successfully in 1 ms
						Lua 0:00:17:523
[mod] Loaded mod def Community Fix Pack — Test Kit (id SMR_CommunityFixPackTestKit, v0.00-001) unpacked from appdata
[mod] Loaded mod def Community Fix Pack (id SMR_CommunityFixPack, v1.00-001) unpacked from appdata
						Lua 0:00:17:867
[mod] [SMRTest] console enable requested (flag-only, UI was not up) — press Enter (or Alt-Shift-C) once in a colony
[SMRTest] console enable requested (flag-only, UI was not up) — press Enter (or Alt-Shift-C) once in a colony
						Lua 0:00:17:868
[mod] [SMRTest] no debug.getinfo (mod sandbox) — [install] probes will SKIP
[SMRTest] no debug.getinfo (mod sandbox) — [install] probes will SKIP
[mod] [SMRTest] test kit loaded — SMRTest.RunAll(), SMRTest.List(), SMRTest.<ProbeId>()
[SMRTest] test kit loaded — SMRTest.RunAll(), SMRTest.List(), SMRTest.<ProbeId>()
						Lua 0:00:17:873
[mod] [SMRTest][carry] fixture-carry dump available — run SMRTest.FixtureCarry()
[mod] [CommunityFixPack] CaveInsNoDisasters: applied
[mod] [CommunityFixPack] MeteorFrequency: applied
[mod] [CommunityFixPack] UpgradeModifierLeak: applied
[mod] [CommunityFixPack] NightShiftWork: applied
[mod] [CommunityFixPack] MilestoneCrash: applied
[mod] [CommunityFixPack] WispRewards: applied
[mod] [CommunityFixPack] TouristApplicants: applied
[mod] [CommunityFixPack] TrainsToVoid: applied
						Lua 0:00:17:874
[mod] [CommunityFixPack] LanderEmptyLaunch: applied
[mod] [CommunityFixPack] LanderCargoRatchet: applied
[mod] [CommunityFixPack] LanderReturnFuel: applied
[mod] [CommunityFixPack] ShelterReflex: applied
[mod] [CommunityFixPack] BrokenTrackSalvage: applied
[mod] [CommunityFixPack] TrackSalvageWipe: applied
[mod] [CommunityFixPack] LakeEntombment: applied
[mod] [CommunityFixPack] GhostFarmOxygen: applied
[mod] [CommunityFixPack] RocketDroneChurn: applied
						Lua 0:00:17:875
[mod] [CommunityFixPack] ShuttleTransportCache: applied
[mod] [CommunityFixPack] VacuumWalks: applied
[mod] [CommunityFixPack] ArrivalDeaths: applied
[mod] [CommunityFixPack] DroneUnreachableForever: applied
[mod] [CommunityFixPack] StaleReservations: applied
[mod] [CommunityFixPack] CrystalMysteryHang: applied
[mod] [CommunityFixPack] TouristSatisfaction: applied
[mod] [CommunityFixPack] TrainPlatformWedge: applied
[mod] [CommunityFixPack] LowStorageWarning: applied
[mod] [CommunityFixPack] CommandCenterNumbers: applied
[mod] [CommunityFixPack] DomeOverviewHighlight: applied
						Lua 0:00:17:876
[mod] [CommunityFixPack] TrainCargoDumping: applied
[mod] [CommunityFixPack] UniversityOvertraining: applied
[mod] [CommunityFixPack] DestroyedTunnels: applied
[mod] [CommunityFixPack] DustSicknessBiorobots: applied
[mod] [CommunityFixPack] DustSicknessDamage: applied
[mod] [CommunityFixPack] GeneForging: applied
[mod] [CommunityFixPack] MirrorSphereSite: applied
[mod] [CommunityFixPack] PayloadTemplateRefill: applied
[mod] [CommunityFixPack] AsteroidLanderAvailable: applied
[mod] [CommunityFixPack] ShuttleHubOffAvailable: applied
[mod] [CommunityFixPack] FreedHousingNotice: applied
[mod] [CommunityFixPack] DomeFreeSpaceMismatch: applied
						Lua 0:00:17:877
[mod] [CommunityFixPack] SmallLandscapeSites: applied
[mod] [CommunityFixPack] LandscapeUnitFilter: applied
[mod] [CommunityFixPack] RocketInteractGuard: applied
[mod] [CommunityFixPack] TrackConnectorPingPong: applied
[mod] [CommunityFixPack] TrackTunnelPowerBridge: applied
						Lua 0:00:17:878
[mod] [CommunityFixPack] GridGlobalStorage: applied
[mod] [CommunityFixPack] LastTransmissionStorage: applied
[mod] [CommunityFixPack] GraphConsumedCaption: applied
[mod] [CommunityFixPack] MoraleComfortTooltip: applied
[mod] [CommunityFixPack] TrainWaitTime: applied
[mod] [CommunityFixPack] FounderTraitNotification: applied
[mod] [CommunityFixPack] StorageRateModifiers: applied
[mod] [CommunityFixPack] SequenceLatents: applied
[mod] [CommunityFixPack] IndependenceTerraforming: applied
[mod] [CommunityFixPack] TrackSalvageRefund: applied
						Lua 0:00:17:879
[mod] [CommunityFixPack] LayoutTechLock: applied
[mod] [CommunityFixPack] TrainMinors: applied
[mod] [CommunityFixPack] DroneTransportMinors: applied
[mod] [CommunityFixPack] AnomalyCaveInMap: applied
[mod] [CommunityFixPack] TechDescriptionBuilding: applied
[mod] [CommunityFixPack] BombardmentSpread: applied
[mod] [CommunityFixPack] ExtenderFlapChurn: applied
[mod] [CommunityFixPack] DisasterPredictionLeak: applied
[mod] [CommunityFixPack] MeteorStormWedge: applied
[mod] [CommunityFixPack] RainsDeadlock: applied
						Lua 0:00:17:880
[mod] [CommunityFixPack] FirstAsteroidPrefabs: applied
[mod] [CommunityFixPack] SaintBlessing: applied
[mod] [CommunityFixPack] DustDevilsDescrMap: applied
[mod] [CommunityFixPack] AstrogeologistExtractors: applied
[mod] [CommunityFixPack] SinkholeIndestructible: applied
[mod] [CommunityFixPack] DustStormUndergroundBreaks: applied
[mod] [CommunityFixPack] DustDevilSpawnGate: applied
[mod] [CommunityFixPack] SaveSanitizer: applied
[mod] [CommunityFixPack] ClassicRockets: applied
						Lua 0:00:17:881
[mod] [CommunityFixPack] AcknowledgedWarnings: applied
[mod] [CommunityFixPack] ResidencyControl: applied
[mod] [CommunityFixPack] MultipleSuns: applied
[mod] [CommunityFixPack] DroneOverhaul: applied
[mod] [CommunityFixPack] CohortHousing: applied
[mod] [CommunityFixPack] NoHomeless: self-check targets Community but Workforce declares HasFreeWorkplacesAround — authoring error, not a game update (FIX_POLICY §2)
[mod] [CommunityFixPack] NoHomeless: inactive (Community.HasFreeWorkplacesAround not found (game update changed the Workforce mixin?) — without it a flagged dome could never be staffed)
						Lua 0:00:17:882
[mod] [CommunityFixPack] DroneStatDials: applied
						Lua 0:00:18:415
[mod] [CommunityFixPack] SaintBlessing: inactive (no dome-colonists trait presets)
[mod] [CommunityFixPack] SinkholeIndestructible: the St. Elmo's Fire sinkhole is now indestructible, like every other mystery set-piece
						Lua 0:00:18:490
Reloading done in 959 ms
						Lua 0:00:18:815
[preset] Preset postprocess took 58 ms.
						Lua 0:00:18:876
479 / 479 particle streams loaded in 56 ms.
						Lua 0:00:18:877
[mod] [CommunityFixPack] LastTransmissionStorage: 6 storage condition(s) made effective, 1 retargeted
[mod] [CommunityFixPack] IndependenceTerraforming: Independence_TerraformingProjects now discounts special projects by 20% as its param1 says
[mod] [CommunityFixPack] AstrogeologistExtractors: added 2 missing extractor entr(y/ies) to the astrogeologist profile (10 already present)
[mod] [CommunityFixPack] MultipleSuns: BuildingTemplates.ArtificialSun not found — build limit NOT lifted (binding fix still active)
						Lua 0:00:19:068
[mod] [CommunityFixPack] SaintBlessing: corrected 1 dome-colonists trait modifier label(s) of 2
[mod] [CommunityFixPack] MultipleSuns: Artificial Sun build-once limit lifted
						Lua 0:00:19:123
[mod] [U1C2] === unattended-1 U1C2 === watchdog 360000ms
[U1C2] === unattended-1 U1C2 === watchdog 360000ms
[mod] [U1C2] STEP 1-waiting-menu BEGIN
[U1C2] STEP 1-waiting-menu BEGIN
						Lua 0:00:19:124
[PdxSDK] Started up. Took 1593
						Lua 0:00:19:146
[mod] Loaded mod items for: SMR_CommunityFixPackTestKit, SMR_CommunityFixPack
[mod] [CommunityFixPack] NoHomeless: applied
						Lua 0:00:19:562
[Braze] SessionStart error The server name or address could not be resolved

[Braze] Failed sending launcher ev The server name or address could not be resolved

[Braze] Failed to init
						Lua 0:00:19:770
[Braze] SessionStart error The server name or address could not be resolved

[Braze] Failed sending launcher ev The server name or address could not be resolved

[Braze] Failed to init
						Lua 0:00:21:584
[mod] [U1C2] STEP 1-waiting-menu END 2500ms
[U1C2] STEP 1-waiting-menu END 2500ms
[mod] [U1C2] STEP 2-load-1-staged BEGIN
[U1C2] STEP 2-load-1-staged BEGIN
						Lua 0:00:21:690
Load Game: 
	lua_revision: 396349 
	assets_revision: 31031 

	mods: SMR_CommunityFixPackTestKit, SMR_CommunityFixPack 
						Lua 0:00:21:694
*** Reloading assets from folder 'BinAssets/'
							IO Task 0:00:21:721
[ResManager Error] Cannot find file with base path: Animations/LawOfficeDoor_idle.hgacl
[ResManager Error] Cannot find file with base path: Animations/LawOfficeDoor_opening.hgacl
						Lua 0:00:24:366
*** Assets reloaded in 2.7 s, read 202.1 MB, read speed 75.7 MB/s, average read 4948 bytes.
						Lua 0:00:30:396
[mod] [SMRTest] console enable requested (clean) — press Enter (or Alt-Shift-C) once in a colony
[SMRTest] console enable requested (clean) — press Enter (or Alt-Shift-C) once in a colony
						Lua 0:00:30:422
game_settings:
    sponsor: NASA
    profile: rocketscientist
    founding_faction: ProsperityForMars
    rival_colonies: paradox, Japan
    mystery_random: 
    game_rules: (none)
more_game_settings: save_game_id: HdmSxGs6kyd0uz6-, mystery: none, coordinates: 0N107E, landing_spot: , logo: USA
map_conditions: altitude: -583, temperature: -1, cold_wave: 0, dust_devils: 66, dust_storm: 102, meteors: 109
map_resources: concrete: 146, metals: 146, precious_metals: 146, water: 176
						Lua 0:00:30:439
Game Loaded in 8750 ms
						Lua 0:00:30:486
[mod] [SMRTest] console enable requested (clean) — press Enter (or Alt-Shift-C) once in a colony
[SMRTest] console enable requested (clean) — press Enter (or Alt-Shift-C) once in a colony
						Lua 0:00:31:333
Game loaded on map BlankBigCanyonCMix_09 in 9749 ms
[mod] [U1C2] LOAD OK #1 file=U1STAGE.savegame.sav — LoadGame returned no error
[U1C2] LOAD OK #1 file=U1STAGE.savegame.sav — LoadGame returned no error
						Lua 0:00:33:637
[mod] [SMRTest] console enable requested (clean) — press Enter (or Alt-Shift-C) once in a colony
[SMRTest] console enable requested (clean) — press Enter (or Alt-Shift-C) once in a colony
						Lua 0:00:46:832
[mod] [U1C2] READ speed: SetGameSpeed(3) call=true | before=0 after=3
[U1C2] READ speed: SetGameSpeed(3) call=true | before=0 after=3
[mod] [U1C2] STEP 2-load-1-staged END (no timing — this step blocks render mode; a load takes its number from the engine's own 'Game loaded on map ... in Nms' line, a save has none)
[U1C2] STEP 2-load-1-staged END (no timing — this step blocks render mode; a load takes its number from the engine's own 'Game loaded on map ... in Nms' line, a save has none)
[mod] [U1C2] STEP A1-read-before BEGIN
[U1C2] STEP A1-read-before BEGIN
[mod] [U1C2] CONDITIONS pack=81/81 active | map=BlankBigCanyonCMix_09 | speed=3 | loads_this_process=1 | note=leg A, load 1 — cold load of the staged copy, BEFORE any manual sanitizer call
[U1C2] CONDITIONS pack=81/81 active | map=BlankBigCanyonCMix_09 | speed=3 | loads_this_process=1 | note=leg A, load 1 — cold load of the staged copy, BEFORE any manual sanitizer call
[mod] [U1C2] PT35 label WindTurbine: 0 electricity_production modifier(s) []
[U1C2] PT35 label WindTurbine: 0 electricity_production modifier(s) []
[mod] [U1C2] PT35 label WindTurbine_Large: 0 electricity_production modifier(s) []
[U1C2] PT35 label WindTurbine_Large: 0 electricity_production modifier(s) []
[mod] [U1C2] PT35 label WindTurbine_Diffuser: 0 electricity_production modifier(s) []
[U1C2] PT35 label WindTurbine_Diffuser: 0 electricity_production modifier(s) []
[mod] [U1C2] PT35 fixture: FrictionlessComposites researched=false | 0 Large Wind Turbine(s) | 13 dome(s), 47 dome label modifier(s)
[U1C2] PT35 fixture: FrictionlessComposites researched=false | 0 Large Wind Turbine(s) | 13 dome(s), 47 dome label modifier(s)
[mod] [U1C2] STEP A1-read-before END 0ms
[U1C2] STEP A1-read-before END 0ms
[mod] [U1C2] STEP A2-call-both BEGIN
[U1C2] STEP A2-call-both BEGIN
[mod] [U1C2] PT35 CALL load 1: RepairTurbineBuff ok=true returned=0 | RepairLeakedUpgradeModifiers ok=true returned=0 | PREDICTION both 0
[U1C2] PT35 CALL load 1: RepairTurbineBuff ok=true returned=0 | RepairLeakedUpgradeModifiers ok=true returned=0 | PREDICTION both 0
[mod] [U1C2] STEP A2-call-both END 0ms
[U1C2] STEP A2-call-both END 0ms
[mod] [U1C2] STEP A3-read-after BEGIN
[U1C2] STEP A3-read-after BEGIN
[mod] [U1C2] PT35 label WindTurbine: 0 electricity_production modifier(s) []
[U1C2] PT35 label WindTurbine: 0 electricity_production modifier(s) []
[mod] [U1C2] PT35 label WindTurbine_Large: 0 electricity_production modifier(s) []
[U1C2] PT35 label WindTurbine_Large: 0 electricity_production modifier(s) []
[mod] [U1C2] PT35 label WindTurbine_Diffuser: 0 electricity_production modifier(s) []
[U1C2] PT35 label WindTurbine_Diffuser: 0 electricity_production modifier(s) []
[mod] [U1C2] PT35 fixture: FrictionlessComposites researched=false | 0 Large Wind Turbine(s) | 13 dome(s), 47 dome label modifier(s)
[U1C2] PT35 fixture: FrictionlessComposites researched=false | 0 Large Wind Turbine(s) | 13 dome(s), 47 dome label modifier(s)
[mod] [U1C2] PT35DIFF load1 before->after WindTurbine: SAME  [0[]] -> [0[]]
[U1C2] PT35DIFF load1 before->after WindTurbine: SAME  [0[]] -> [0[]]
[mod] [U1C2] PT35DIFF load1 before->after WindTurbine_Large: SAME  [0[]] -> [0[]]
[U1C2] PT35DIFF load1 before->after WindTurbine_Large: SAME  [0[]] -> [0[]]
[mod] [U1C2] PT35DIFF load1 before->after WindTurbine_Diffuser: SAME  [0[]] -> [0[]]
[U1C2] PT35DIFF load1 before->after WindTurbine_Diffuser: SAME  [0[]] -> [0[]]
[mod] [U1C2] PT35DIFF load1 before->after turbines: SAME  [0|] -> [0|]
[U1C2] PT35DIFF load1 before->after turbines: SAME  [0|] -> [0|]
[mod] [U1C2] PT35DIFF load1 before->after domes: SAME  [13] -> [13]
[U1C2] PT35DIFF load1 before->after domes: SAME  [13] -> [13]
[mod] [U1C2] PT35DIFF load1 before->after dome_mods: SAME  [47] -> [47]
[U1C2] PT35DIFF load1 before->after dome_mods: SAME  [47] -> [47]
[mod] [U1C2] PT35DIFF load1 before->after researched: SAME  [false] -> [false]
[U1C2] PT35DIFF load1 before->after researched: SAME  [false] -> [false]
[mod] [U1C2] PT35DIFF load1 before->after VERDICT: 0 of 7 readings changed (prediction: 0)
[U1C2] PT35DIFF load1 before->after VERDICT: 0 of 7 readings changed (prediction: 0)
[mod] [U1C2] STEP A3-read-after END 0ms
[U1C2] STEP A3-read-after END 0ms
[mod] [U1C2] STEP A4-save BEGIN
[U1C2] STEP A4-save BEGIN
						Lua 0:00:46:834
[mod] [U1C2] SAVE writing U1C2PT35.savegame.sav (59 savegame-tagged files before)
[U1C2] SAVE writing U1C2PT35.savegame.sav (59 savegame-tagged files before)
						Lua 0:00:47:415
[mod] [U1C2] SAVE returned err=false name=U1C2PT35.savegame.sav
[U1C2] SAVE returned err=false name=U1C2PT35.savegame.sav
[mod] [U1C2] SAVE listed-after=true (60 savegame-tagged files after)
[U1C2] SAVE listed-after=true (60 savegame-tagged files after)
[mod] [U1C2] STEP A4-save END (no timing — this step blocks render mode; a load takes its number from the engine's own 'Game loaded on map ... in Nms' line, a save has none)
[U1C2] STEP A4-save END (no timing — this step blocks render mode; a load takes its number from the engine's own 'Game loaded on map ... in Nms' line, a save has none)
[mod] [U1C2] STEP 3-load-2-reload BEGIN
[U1C2] STEP 3-load-2-reload BEGIN
						Lua 0:00:47:553
Load Game: 
	lua_revision: 396349 
	assets_revision: 31031 

	mods: SMR_CommunityFixPackTestKit, SMR_CommunityFixPack 
						Lua 0:00:52:809
[mod] [SMRTest] console enable requested (clean) — press Enter (or Alt-Shift-C) once in a colony
[SMRTest] console enable requested (clean) — press Enter (or Alt-Shift-C) once in a colony
						Lua 0:00:52:838
game_settings:
    sponsor: NASA
    profile: rocketscientist
    founding_faction: ProsperityForMars
    rival_colonies: paradox, Japan
    mystery_random: 
    game_rules: (none)
more_game_settings: save_game_id: HdmSxGs6kyd0uz6-, mystery: none, coordinates: 0N107E, landing_spot: , logo: USA
map_conditions: altitude: -583, temperature: -1, cold_wave: 0, dust_devils: 66, dust_storm: 102, meteors: 109
map_resources: concrete: 146, metals: 146, precious_metals: 146, water: 176
						Lua 0:00:52:856
Game Loaded in 5303 ms
						Lua 0:00:52:895
[mod] [SMRTest] console enable requested (clean) — press Enter (or Alt-Shift-C) once in a colony
[SMRTest] console enable requested (clean) — press Enter (or Alt-Shift-C) once in a colony
						Lua 0:00:53:416
Game loaded on map BlankBigCanyonCMix_09 in 6001 ms
[mod] [U1C2] LOAD OK #2 file=U1C2PT35.savegame.sav — LoadGame returned no error
[U1C2] LOAD OK #2 file=U1C2PT35.savegame.sav — LoadGame returned no error
						Lua 0:00:54:723
[mod] [SMRTest] console enable requested (clean) — press Enter (or Alt-Shift-C) once in a colony
[SMRTest] console enable requested (clean) — press Enter (or Alt-Shift-C) once in a colony
						Lua 0:00:55:723
[mod] [SMRTest] console enable requested (clean) — press Enter (or Alt-Shift-C) once in a colony
[SMRTest] console enable requested (clean) — press Enter (or Alt-Shift-C) once in a colony
						Lua 0:01:08:915
[mod] [U1C2] READ speed: SetGameSpeed(3) call=true | before=3 after=3
[U1C2] READ speed: SetGameSpeed(3) call=true | before=3 after=3
[mod] [U1C2] STEP 3-load-2-reload END (no timing — this step blocks render mode; a load takes its number from the engine's own 'Game loaded on map ... in Nms' line, a save has none)
[U1C2] STEP 3-load-2-reload END (no timing — this step blocks render mode; a load takes its number from the engine's own 'Game loaded on map ... in Nms' line, a save has none)
[mod] [U1C2] STEP A5-read-after-reload BEGIN
[U1C2] STEP A5-read-after-reload BEGIN
[mod] [U1C2] CONDITIONS pack=81/81 active | map=BlankBigCanyonCMix_09 | speed=3 | loads_this_process=2 | note=leg A, load 2 — reload of the save written after the manual calls
[U1C2] CONDITIONS pack=81/81 active | map=BlankBigCanyonCMix_09 | speed=3 | loads_this_process=2 | note=leg A, load 2 — reload of the save written after the manual calls
[mod] [U1C2] PT35 label WindTurbine: 0 electricity_production modifier(s) []
[U1C2] PT35 label WindTurbine: 0 electricity_production modifier(s) []
[mod] [U1C2] PT35 label WindTurbine_Large: 0 electricity_production modifier(s) []
[U1C2] PT35 label WindTurbine_Large: 0 electricity_production modifier(s) []
[mod] [U1C2] PT35 label WindTurbine_Diffuser: 0 electricity_production modifier(s) []
[U1C2] PT35 label WindTurbine_Diffuser: 0 electricity_production modifier(s) []
[mod] [U1C2] PT35 fixture: FrictionlessComposites researched=false | 0 Large Wind Turbine(s) | 13 dome(s), 47 dome label modifier(s)
[U1C2] PT35 fixture: FrictionlessComposites researched=false | 0 Large Wind Turbine(s) | 13 dome(s), 47 dome label modifier(s)
[mod] [U1C2] PT35DIFF load1-after->load2-before WindTurbine: SAME  [0[]] -> [0[]]
[U1C2] PT35DIFF load1-after->load2-before WindTurbine: SAME  [0[]] -> [0[]]
[mod] [U1C2] PT35DIFF load1-after->load2-before WindTurbine_Large: SAME  [0[]] -> [0[]]
[U1C2] PT35DIFF load1-after->load2-before WindTurbine_Large: SAME  [0[]] -> [0[]]
[mod] [U1C2] PT35DIFF load1-after->load2-before WindTurbine_Diffuser: SAME  [0[]] -> [0[]]
[U1C2] PT35DIFF load1-after->load2-before WindTurbine_Diffuser: SAME  [0[]] -> [0[]]
[mod] [U1C2] PT35DIFF load1-after->load2-before turbines: SAME  [0|] -> [0|]
[U1C2] PT35DIFF load1-after->load2-before turbines: SAME  [0|] -> [0|]
[mod] [U1C2] PT35DIFF load1-after->load2-before domes: SAME  [13] -> [13]
[U1C2] PT35DIFF load1-after->load2-before domes: SAME  [13] -> [13]
[mod] [U1C2] PT35DIFF load1-after->load2-before dome_mods: SAME  [47] -> [47]
[U1C2] PT35DIFF load1-after->load2-before dome_mods: SAME  [47] -> [47]
[mod] [U1C2] PT35DIFF load1-after->load2-before researched: SAME  [false] -> [false]
[U1C2] PT35DIFF load1-after->load2-before researched: SAME  [false] -> [false]
[mod] [U1C2] PT35DIFF load1-after->load2-before VERDICT: 0 of 7 readings changed (prediction: 0)
[U1C2] PT35DIFF load1-after->load2-before VERDICT: 0 of 7 readings changed (prediction: 0)
[mod] [U1C2] STEP A5-read-after-reload END 0ms
[U1C2] STEP A5-read-after-reload END 0ms
[mod] [U1C2] STEP A6-call-both-again BEGIN
[U1C2] STEP A6-call-both-again BEGIN
[mod] [U1C2] PT35 CALL load 2: RepairTurbineBuff ok=true returned=0 | RepairLeakedUpgradeModifiers ok=true returned=0 | PREDICTION both 0
[U1C2] PT35 CALL load 2: RepairTurbineBuff ok=true returned=0 | RepairLeakedUpgradeModifiers ok=true returned=0 | PREDICTION both 0
[mod] [U1C2] STEP A6-call-both-again END 0ms
[U1C2] STEP A6-call-both-again END 0ms
[mod] [U1C2] STEP A7-read-final BEGIN
[U1C2] STEP A7-read-final BEGIN
[mod] [U1C2] PT35 label WindTurbine: 0 electricity_production modifier(s) []
[U1C2] PT35 label WindTurbine: 0 electricity_production modifier(s) []
[mod] [U1C2] PT35 label WindTurbine_Large: 0 electricity_production modifier(s) []
[U1C2] PT35 label WindTurbine_Large: 0 electricity_production modifier(s) []
[mod] [U1C2] PT35 label WindTurbine_Diffuser: 0 electricity_production modifier(s) []
[U1C2] PT35 label WindTurbine_Diffuser: 0 electricity_production modifier(s) []
[mod] [U1C2] PT35 fixture: FrictionlessComposites researched=false | 0 Large Wind Turbine(s) | 13 dome(s), 47 dome label modifier(s)
[U1C2] PT35 fixture: FrictionlessComposites researched=false | 0 Large Wind Turbine(s) | 13 dome(s), 47 dome label modifier(s)
[mod] [U1C2] PT35DIFF load2 before->after WindTurbine: SAME  [0[]] -> [0[]]
[U1C2] PT35DIFF load2 before->after WindTurbine: SAME  [0[]] -> [0[]]
[mod] [U1C2] PT35DIFF load2 before->after WindTurbine_Large: SAME  [0[]] -> [0[]]
[U1C2] PT35DIFF load2 before->after WindTurbine_Large: SAME  [0[]] -> [0[]]
[mod] [U1C2] PT35DIFF load2 before->after WindTurbine_Diffuser: SAME  [0[]] -> [0[]]
[U1C2] PT35DIFF load2 before->after WindTurbine_Diffuser: SAME  [0[]] -> [0[]]
[mod] [U1C2] PT35DIFF load2 before->after turbines: SAME  [0|] -> [0|]
[U1C2] PT35DIFF load2 before->after turbines: SAME  [0|] -> [0|]
[mod] [U1C2] PT35DIFF load2 before->after domes: SAME  [13] -> [13]
[U1C2] PT35DIFF load2 before->after domes: SAME  [13] -> [13]
[mod] [U1C2] PT35DIFF load2 before->after dome_mods: SAME  [47] -> [47]
[U1C2] PT35DIFF load2 before->after dome_mods: SAME  [47] -> [47]
[mod] [U1C2] PT35DIFF load2 before->after researched: SAME  [false] -> [false]
[U1C2] PT35DIFF load2 before->after researched: SAME  [false] -> [false]
[mod] [U1C2] PT35DIFF load2 before->after VERDICT: 0 of 7 readings changed (prediction: 0)
[U1C2] PT35DIFF load2 before->after VERDICT: 0 of 7 readings changed (prediction: 0)
[mod] [U1C2] PT35DIFF start->finish WindTurbine: SAME  [0[]] -> [0[]]
[U1C2] PT35DIFF start->finish WindTurbine: SAME  [0[]] -> [0[]]
[mod] [U1C2] PT35DIFF start->finish WindTurbine_Large: SAME  [0[]] -> [0[]]
[U1C2] PT35DIFF start->finish WindTurbine_Large: SAME  [0[]] -> [0[]]
[mod] [U1C2] PT35DIFF start->finish WindTurbine_Diffuser: SAME  [0[]] -> [0[]]
[U1C2] PT35DIFF start->finish WindTurbine_Diffuser: SAME  [0[]] -> [0[]]
[mod] [U1C2] PT35DIFF start->finish turbines: SAME  [0|] -> [0|]
[U1C2] PT35DIFF start->finish turbines: SAME  [0|] -> [0|]
[mod] [U1C2] PT35DIFF start->finish domes: SAME  [13] -> [13]
[U1C2] PT35DIFF start->finish domes: SAME  [13] -> [13]
[mod] [U1C2] PT35DIFF start->finish dome_mods: SAME  [47] -> [47]
[U1C2] PT35DIFF start->finish dome_mods: SAME  [47] -> [47]
[mod] [U1C2] PT35DIFF start->finish researched: SAME  [false] -> [false]
[U1C2] PT35DIFF start->finish researched: SAME  [false] -> [false]
[mod] [U1C2] PT35DIFF start->finish VERDICT: 0 of 7 readings changed (prediction: 0)
[U1C2] PT35DIFF start->finish VERDICT: 0 of 7 readings changed (prediction: 0)
						Lua 0:01:08:916
[mod] [U1C2] PT35 SUMMARY returns: load1 turbine=0 upgrade=0 | load2 turbine=0 upgrade=0 | PASS requires all four = 0 AND every PT35DIFF VERDICT = 0 changed
[U1C2] PT35 SUMMARY returns: load1 turbine=0 upgrade=0 | load2 turbine=0 upgrade=0 | PASS requires all four = 0 AND every PT35DIFF VERDICT = 0 changed
[mod] [U1C2] STEP A7-read-final END 0ms
[U1C2] STEP A7-read-final END 0ms
[mod] [U1C2] ERRORWATCH U1C2 — every [LUA ERROR] in this log file between the '=== unattended-1 U1C2 ===' banner and this line happened inside this cycle. Attribute each one against the FORCED / ORGANIC window markers printed above; report every unexplained line verbatim with its position, never discount one. stage_at_close=A7-read-final loads_this_process=2
[U1C2] ERRORWATCH U1C2 — every [LUA ERROR] in this log file between the '=== unattended-1 U1C2 ===' banner and this line happened inside this cycle. Attribute each one against the FORCED / ORGANIC window markers printed above; report every unexplained line verbatim with its position, never discount one. stage_at_close=A7-read-final loads_this_process=2
[mod] [U1C2] === cycle 2 (leg A) complete ===
[U1C2] === cycle 2 (leg A) complete ===
[mod] [U1C2] SHUTDOWN done
[U1C2] SHUTDOWN done
						Lua 0:01:11:915


Stopping the game threads from the Lua side with exit code 0.

					Render 0:01:11:916


Stopping the game threads after receiving WM_QUIT.

					Render 0:01:12:263


*** Debug::Done()
Time (ms)	72263


