					Render 0:00:00:006
*** executable info
Timestamp:     	6a22b86d
Date:          	Fri Jun  5 07:52:13 2026
Command line:  	
Compiler:      	194435214, 142 (VS 2019) or newer


*** hardware info
CPU name      	Intel(R) Core(TM) i7-14700K
CPU MHz       	3418
CPU cores     	20/28
Phys. Memory   	65278 MBytes
Memory In Use  	35%
Disk Free      	756575 MBytes


*** OS info
OS:            	Windows 11
Version:       	10.0.26100 


*** Debug::Init()


					Render 0:00:00:073
Steam initialized (AppId 3215050, Beta branch ???)
					Render 0:00:00:076
Drive type for game installation: SSD, savegames: SSD
Language: English
					Render 0:00:01:444
*** graphics info
GPU                            	NVIDIA GeForce RTX 4080 Feature Level: 12.1 {  DoublePrecisionFloatShaderOps: 1 OutputMergerLogicOp: 1 MinPrecisionSupport: 2 TiledResourcesTier: 4 ResourceBindingTier: 3 PSSpecifiedStencilRefSupported: 0 TypedUAVLoadAdditionalFormats: 1 ROVsSupported: 1 ConservativeRasterizationTier: 3 MaxGPUVirtualAddressBitsPerResource: 40 StandardSwizzle64KBSupported: 0 CrossNodeSharingTier: 0 CrossAdapterRowMajorTextureSupported: 0 VPAndRTArrayIndexFromAnyShaderFeedingRasterizerSupportedWithoutGSEmulation: 1 ResourceHeapTier: 2 NotZeroedPools: 1 UMA: 0 UnalignedBlockTextures: 1}
API                            	d3d12
GPU Driver Version             	32.0.16.1074
GPU Driver Package Version     	610.74
GPU Dedicated Video Memory     	16048 MB
					Render 0:00:01:573

Libs: Network, Sequences, MouseTrackWin, DumbAI, MapGen, Paradox, TriggersAndEvents, Notifications, Research, Resources 

					Render 0:00:01:762

Platform: desktop, editor, goldmaster, paradox, pc, steam

					Render 0:00:02:418
*** audio info
Audio Endpoint                 	Speakers (Razer Leviathan V2)
						Lua 0:00:02:487
Lua revision: 396349
Assets revision: 31031
Steam AppID: 3215050
Build version: 1.0.7.396349
Build branch:  Release
						Lua 0:00:17:483
Account storage loaded successfully in 1 ms
						Lua 0:00:17:486
[mod] Loaded mod def Community Fix Pack — Test Kit (id SMR_CommunityFixPackTestKit, v0.00-001) unpacked from appdata
[mod] Loaded mod def Community Fix Pack (id SMR_CommunityFixPack, v1.00-001) unpacked from appdata
						Lua 0:00:17:826
[mod] [SMRTest] console enable requested (flag-only, UI was not up) — press Enter (or Alt-Shift-C) once in a colony
[SMRTest] console enable requested (flag-only, UI was not up) — press Enter (or Alt-Shift-C) once in a colony
[mod] [SMRTest] no debug.getinfo (mod sandbox) — [install] probes will SKIP
[SMRTest] no debug.getinfo (mod sandbox) — [install] probes will SKIP
[mod] [SMRTest] test kit loaded — SMRTest.RunAll(), SMRTest.List(), SMRTest.<ProbeId>()
[SMRTest] test kit loaded — SMRTest.RunAll(), SMRTest.List(), SMRTest.<ProbeId>()
						Lua 0:00:17:831
[mod] [SMRTest][carry] fixture-carry dump available — run SMRTest.FixtureCarry()
[mod] [CommunityFixPack] CaveInsNoDisasters: applied
[mod] [CommunityFixPack] MeteorFrequency: applied
[mod] [CommunityFixPack] UpgradeModifierLeak: applied
[mod] [CommunityFixPack] NightShiftWork: applied
[mod] [CommunityFixPack] MilestoneCrash: applied
[mod] [CommunityFixPack] WispRewards: applied
[mod] [CommunityFixPack] TouristApplicants: applied
						Lua 0:00:17:832
[mod] [CommunityFixPack] TrainsToVoid: applied
[mod] [CommunityFixPack] LanderEmptyLaunch: applied
[mod] [CommunityFixPack] LanderCargoRatchet: applied
[mod] [CommunityFixPack] LanderReturnFuel: applied
[mod] [CommunityFixPack] ShelterReflex: applied
[mod] [CommunityFixPack] BrokenTrackSalvage: applied
[mod] [CommunityFixPack] TrackSalvageWipe: applied
[mod] [CommunityFixPack] LakeEntombment: applied
[mod] [CommunityFixPack] GhostFarmOxygen: applied
[mod] [CommunityFixPack] RocketDroneChurn: applied
						Lua 0:00:17:833
[mod] [CommunityFixPack] ShuttleTransportCache: applied
[mod] [CommunityFixPack] VacuumWalks: applied
[mod] [CommunityFixPack] ArrivalDeaths: applied
[mod] [CommunityFixPack] DroneUnreachableForever: applied
[mod] [CommunityFixPack] StaleReservations: applied
[mod] [CommunityFixPack] CrystalMysteryHang: applied
[mod] [CommunityFixPack] TouristSatisfaction: applied
[mod] [CommunityFixPack] TrainPlatformWedge: applied
[mod] [CommunityFixPack] LowStorageWarning: applied
[mod] [CommunityFixPack] CommandCenterNumbers: applied
[mod] [CommunityFixPack] DomeOverviewHighlight: applied
						Lua 0:00:17:834
[mod] [CommunityFixPack] TrainCargoDumping: applied
[mod] [CommunityFixPack] UniversityOvertraining: applied
[mod] [CommunityFixPack] DestroyedTunnels: applied
[mod] [CommunityFixPack] DustSicknessBiorobots: applied
[mod] [CommunityFixPack] DustSicknessDamage: applied
[mod] [CommunityFixPack] GeneForging: applied
[mod] [CommunityFixPack] MirrorSphereSite: applied
[mod] [CommunityFixPack] PayloadTemplateRefill: applied
[mod] [CommunityFixPack] AsteroidLanderAvailable: applied
[mod] [CommunityFixPack] ShuttleHubOffAvailable: applied
						Lua 0:00:17:835
[mod] [CommunityFixPack] FreedHousingNotice: applied
[mod] [CommunityFixPack] DomeFreeSpaceMismatch: applied
[mod] [CommunityFixPack] SmallLandscapeSites: applied
[mod] [CommunityFixPack] LandscapeUnitFilter: applied
[mod] [CommunityFixPack] RocketInteractGuard: applied
[mod] [CommunityFixPack] TrackConnectorPingPong: applied
						Lua 0:00:17:836
[mod] [CommunityFixPack] TrackTunnelPowerBridge: applied
[mod] [CommunityFixPack] GridGlobalStorage: applied
[mod] [CommunityFixPack] LastTransmissionStorage: applied
[mod] [CommunityFixPack] GraphConsumedCaption: applied
[mod] [CommunityFixPack] MoraleComfortTooltip: applied
[mod] [CommunityFixPack] TrainWaitTime: applied
[mod] [CommunityFixPack] FounderTraitNotification: applied
[mod] [CommunityFixPack] StorageRateModifiers: applied
[mod] [CommunityFixPack] SequenceLatents: applied
[mod] [CommunityFixPack] IndependenceTerraforming: applied
						Lua 0:00:17:837
[mod] [CommunityFixPack] TrackSalvageRefund: applied
[mod] [CommunityFixPack] LayoutTechLock: applied
[mod] [CommunityFixPack] TrainMinors: applied
[mod] [CommunityFixPack] DroneTransportMinors: applied
[mod] [CommunityFixPack] AnomalyCaveInMap: applied
[mod] [CommunityFixPack] TechDescriptionBuilding: applied
[mod] [CommunityFixPack] BombardmentSpread: applied
[mod] [CommunityFixPack] ExtenderFlapChurn: applied
[mod] [CommunityFixPack] DisasterPredictionLeak: applied
[mod] [CommunityFixPack] MeteorStormWedge: applied
						Lua 0:00:17:838
[mod] [CommunityFixPack] RainsDeadlock: applied
[mod] [CommunityFixPack] FirstAsteroidPrefabs: applied
[mod] [CommunityFixPack] SaintBlessing: applied
[mod] [CommunityFixPack] DustDevilsDescrMap: applied
[mod] [CommunityFixPack] AstrogeologistExtractors: applied
[mod] [CommunityFixPack] SinkholeIndestructible: applied
[mod] [CommunityFixPack] DustStormUndergroundBreaks: applied
[mod] [CommunityFixPack] DustDevilSpawnGate: applied
[mod] [CommunityFixPack] SaveSanitizer: applied
[mod] [CommunityFixPack] ClassicRockets: applied
						Lua 0:00:17:839
[mod] [CommunityFixPack] AcknowledgedWarnings: applied
[mod] [CommunityFixPack] ResidencyControl: applied
[mod] [CommunityFixPack] MultipleSuns: applied
[mod] [CommunityFixPack] DroneOverhaul: applied
[mod] [CommunityFixPack] CohortHousing: applied
[mod] [CommunityFixPack] NoHomeless: self-check targets Community but Workforce declares HasFreeWorkplacesAround — authoring error, not a game update (FIX_POLICY §2)
[mod] [CommunityFixPack] NoHomeless: inactive (Community.HasFreeWorkplacesAround not found (game update changed the Workforce mixin?) — without it a flagged dome could never be staffed)
						Lua 0:00:17:840
[mod] [CommunityFixPack] DroneStatDials: applied
						Lua 0:00:18:381
[mod] [CommunityFixPack] SaintBlessing: inactive (no dome-colonists trait presets)
[mod] [CommunityFixPack] SinkholeIndestructible: the St. Elmo's Fire sinkhole is now indestructible, like every other mystery set-piece
						Lua 0:00:18:450
Reloading done in 955 ms
						Lua 0:00:18:771
[preset] Preset postprocess took 58 ms.
						Lua 0:00:18:831
479 / 479 particle streams loaded in 55 ms.
						Lua 0:00:18:832
[mod] [CommunityFixPack] LastTransmissionStorage: 6 storage condition(s) made effective, 1 retargeted
[mod] [CommunityFixPack] IndependenceTerraforming: Independence_TerraformingProjects now discounts special projects by 20% as its param1 says
[mod] [CommunityFixPack] AstrogeologistExtractors: added 2 missing extractor entr(y/ies) to the astrogeologist profile (10 already present)
[mod] [CommunityFixPack] MultipleSuns: BuildingTemplates.ArtificialSun not found — build limit NOT lifted (binding fix still active)
						Lua 0:00:19:013
[mod] [CommunityFixPack] SaintBlessing: corrected 1 dome-colonists trait modifier label(s) of 2
[mod] [CommunityFixPack] MultipleSuns: Artificial Sun build-once limit lifted
						Lua 0:00:19:068
[mod] [U1C5] === unattended-1 U1C5 === watchdog 540000ms
[U1C5] === unattended-1 U1C5 === watchdog 540000ms
[mod] [U1C5] STEP 1-waiting-menu BEGIN
[U1C5] STEP 1-waiting-menu BEGIN
[PdxSDK] Started up. Took 1574
						Lua 0:00:19:090
[mod] Loaded mod items for: SMR_CommunityFixPackTestKit, SMR_CommunityFixPack
[mod] [CommunityFixPack] NoHomeless: applied
						Lua 0:00:19:507
[Braze] SessionStart error The server name or address could not be resolved

[Braze] Failed sending launcher ev The server name or address could not be resolved

[Braze] Failed to init
						Lua 0:00:19:740
[Braze] SessionStart error The server name or address could not be resolved

[Braze] Failed sending launcher ev The server name or address could not be resolved

[Braze] Failed to init
						Lua 0:00:21:530
[mod] [U1C5] STEP 1-waiting-menu END 2500ms
[U1C5] STEP 1-waiting-menu END 2500ms
[mod] [U1C5] STEP 2-load-staged BEGIN
[U1C5] STEP 2-load-staged BEGIN
						Lua 0:00:21:631
Load Game: 
	lua_revision: 396349 
	assets_revision: 31031 

	mods: SMR_CommunityFixPackTestKit, SMR_CommunityFixPack 
						Lua 0:00:21:633
*** Reloading assets from folder 'BinAssets/'
							IO Task 0:00:21:659
[ResManager Error] Cannot find file with base path: Animations/LawOfficeDoor_idle.hgacl
[ResManager Error] Cannot find file with base path: Animations/LawOfficeDoor_opening.hgacl
						Lua 0:00:24:464
*** Assets reloaded in 2.8 s, read 202.1 MB, read speed 71.4 MB/s, average read 4948 bytes.
						Lua 0:00:30:345
[mod] [SMRTest] console enable requested (clean) — press Enter (or Alt-Shift-C) once in a colony
[SMRTest] console enable requested (clean) — press Enter (or Alt-Shift-C) once in a colony
						Lua 0:00:30:373
game_settings:
    sponsor: NASA
    profile: rocketscientist
    founding_faction: ProsperityForMars
    rival_colonies: Japan, paradox
    mystery_random: 
    game_rules: (none)
more_game_settings: save_game_id: HdmSxGs6kyd0uz6-, mystery: none, coordinates: 0N107E, landing_spot: , logo: USA
map_conditions: altitude: -583, temperature: -1, cold_wave: 0, dust_devils: 66, dust_storm: 102, meteors: 109
map_resources: concrete: 146, metals: 146, precious_metals: 146, water: 176
						Lua 0:00:30:390
Game Loaded in 8760 ms
						Lua 0:00:30:438
[mod] [SMRTest] console enable requested (clean) — press Enter (or Alt-Shift-C) once in a colony
[SMRTest] console enable requested (clean) — press Enter (or Alt-Shift-C) once in a colony
						Lua 0:00:31:262
Game loaded on map BlankBigCanyonCMix_09 in 9732 ms
[mod] [U1C5] LOAD OK #1 file=U1STAGE.savegame.sav — LoadGame returned no error
[U1C5] LOAD OK #1 file=U1STAGE.savegame.sav — LoadGame returned no error
						Lua 0:00:33:569
[mod] [SMRTest] console enable requested (clean) — press Enter (or Alt-Shift-C) once in a colony
[SMRTest] console enable requested (clean) — press Enter (or Alt-Shift-C) once in a colony
						Lua 0:00:46:761
[mod] [U1C5] READ speed: SetGameSpeed(3) call=true | before=0 after=3
[U1C5] READ speed: SetGameSpeed(3) call=true | before=0 after=3
[mod] [U1C5] STEP 2-load-staged END (no timing — this step blocks render mode; a load takes its number from the engine's own 'Game loaded on map ... in Nms' line, a save has none)
[U1C5] STEP 2-load-staged END (no timing — this step blocks render mode; a load takes its number from the engine's own 'Game loaded on map ... in Nms' line, a save has none)
[mod] [U1C5] STEP E0-baseline BEGIN
[U1C5] STEP E0-baseline BEGIN
[mod] [U1C5] CONDITIONS pack=81/81 active | map=BlankBigCanyonCMix_09 | speed=3 | loads_this_process=1 | note=leg E, cold load — before either [NEVER RUN] command
[U1C5] CONDITIONS pack=81/81 active | map=BlankBigCanyonCMix_09 | speed=3 | loads_this_process=1 | note=leg E, cold load — before either [NEVER RUN] command
[mod] [U1C5] E1 STORM STATE before: HasDustStorm=? | g_DustStorm=false type=great stopped=true start=false end=false duration=0
[U1C5] E1 STORM STATE before: HasDustStorm=? | g_DustStorm=false type=great stopped=true start=false end=false duration=0
[mod] [U1C5] STEP E0-baseline END 0ms
[U1C5] STEP E0-baseline END 0ms
[mod] [U1C5] STEP E1-duststorm BEGIN
[U1C5] STEP E1-duststorm BEGIN
[mod] [U1C5] E1 FIRST EXECUTION EVER of CheatDustStorm("normal", "DustStorm_High") — ⛔ it calls CheatStopDisaster() first, so anything already running ends here
[U1C5] E1 FIRST EXECUTION EVER of CheatDustStorm("normal", "DustStorm_High") — ⛔ it calls CheatStopDisaster() first, so anything already running ends here
[mod] [U1C5] E1 call ok=true
[U1C5] E1 call ok=true
						Lua 0:00:47:261
[mod] [U1C5] E1 STORM STARTED=true within 3 min
[U1C5] E1 STORM STARTED=true within 3 min
[mod] [U1C5] E1 STORM STATE after start attempt: HasDustStorm=table: 000002D5F2CD5508 | g_DustStorm=table: 000002D5F2CD5508 type=normal stopped=false start=239276368 end=240532593 duration=1254825
[U1C5] E1 STORM STATE after start attempt: HasDustStorm=table: 000002D5F2CD5508 | g_DustStorm=table: 000002D5F2CD5508 type=normal stopped=false start=239276368 end=240532593 duration=1254825
[mod] [U1C5] E1 now confirming the STOP half — StopDustStorm() sets g_DustStormStopped (DustStorm.lua:558) and the storm loop exits on it (:343)
[U1C5] E1 now confirming the STOP half — StopDustStorm() sets g_DustStormStopped (DustStorm.lua:558) and the storm loop exits on it (:343)
						Lua 0:00:47:761
[mod] [U1C5] E1 STORM STOPPED=true within 3 min
[U1C5] E1 STORM STOPPED=true within 3 min
[mod] [U1C5] E1 STORM STATE after stop attempt: HasDustStorm=? | g_DustStorm=false type=normal stopped=true start=false end=false duration=1254725
[U1C5] E1 STORM STATE after stop attempt: HasDustStorm=? | g_DustStorm=false type=normal stopped=true start=false end=false duration=1254725
[mod] [U1C5] STEP E1-duststorm END 1000ms
[U1C5] STEP E1-duststorm END 1000ms
[mod] [U1C5] STEP E2-electro-devil BEGIN
[U1C5] STEP E2-electro-devil BEGIN
[mod] [U1C5] E2 CONTROL — table.copy(preset).duration=nil vs preset.duration=240000 | table.copy(preset).electro_chance=nil vs preset.electro_chance=5. That difference IS the row's defect.
[U1C5] E2 CONTROL — table.copy(preset).duration=nil vs preset.duration=240000 | table.copy(preset).electro_chance=nil vs preset.electro_chance=5. That difference IS the row's defect.
[mod] [U1C5] E2 descr REBUILT by field read from DustDevils_Low (19 field(s); nil after read: none) | electro_chance 5 -> 100 (the roll at DustDevils.lua:138 is SessionRandom:Random(100) < electro_chance, so this removes the lottery)
[U1C5] E2 descr REBUILT by field read from DustDevils_Low (19 field(s); nil after read: none) | electro_chance 5 -> 100 (the roll at DustDevils.lua:138 is SessionRandom:Random(100) < electro_chance, so this removes the lottery)
						Lua 0:00:47:762
[mod] [U1C5] E2 attempt 1: pos=(448775, 123625) — DEVIL RETURNED
[U1C5] E2 attempt 1: pos=(448775, 123625) — DEVIL RETURNED
[mod] [U1C5] E2 ATTEMPT ACCOUNTING after 1 attempt(s): no-position=0, call-raised=0, returned-nil=0, devil=true
[U1C5] E2 ATTEMPT ACCOUNTING after 1 attempt(s): no-position=0, call-raised=0, returned-nil=0, devil=true
[mod] [U1C5] E2 DEVIL CREATED after 1 attempt(s): DustDevil2#5735121726 | Start() ok=true
[U1C5] E2 DEVIL CREATED after 1 attempt(s): DustDevil2#5735121726 | Start() ok=true
[mod] [U1C5] E2 ELECTRO CONFIRMATION (read off the object, not off the screen): fx_actor_class=DustDevilElectro drone_battery=5000 | ELECTRO=true
[U1C5] E2 ELECTRO CONFIRMATION (read off the object, not off the screen): fx_actor_class=DustDevilElectro drone_battery=5000 | ELECTRO=true
						Lua 0:01:07:762
[mod] [U1C5] E2 devil 20 s later: valid=true fx_actor_class=DustDevilElectro
[U1C5] E2 devil 20 s later: valid=true fx_actor_class=DustDevilElectro
[mod] [U1C5] STEP E2-electro-devil END 20000ms
[U1C5] STEP E2-electro-devil END 20000ms
[mod] [U1C5] STEP E-verdict BEGIN
[U1C5] STEP E-verdict BEGIN
[mod] [U1C5] CONDITIONS pack=81/81 active | map=BlankBigCanyonCMix_09 | speed=3 | loads_this_process=1 | note=leg E, after both commands
[U1C5] CONDITIONS pack=81/81 active | map=BlankBigCanyonCMix_09 | speed=3 | loads_this_process=1 | note=leg E, after both commands
[mod] [U1C5] LEG E ⛔ ROW-FLIP RULE: prompt 2 flips a [NEVER RUN] row to [RAN <date>, log <name>] ONLY for the command whose evidence is actually in this log — the storm needs BOTH a start and a stop reading, the devil needs a readable electro mark. A command that ran but produced nothing readable is recorded as run-with-no-confirmation and its row marker stays honest.
[U1C5] LEG E ⛔ ROW-FLIP RULE: prompt 2 flips a [NEVER RUN] row to [RAN <date>, log <name>] ONLY for the command whose evidence is actually in this log — the storm needs BOTH a start and a stop reading, the devil needs a readable electro mark. A command that ran but produced nothing readable is recorded as run-with-no-confirmation and its row marker stays honest.
						Lua 0:01:07:763
[mod] [U1C5] STEP E-verdict END 0ms
[U1C5] STEP E-verdict END 0ms
[mod] [U1C5] ERRORWATCH U1C5 — every [LUA ERROR] in this log file between the '=== unattended-1 U1C5 ===' banner and this line happened inside this cycle. Attribute each one against the FORCED / ORGANIC window markers printed above; report every unexplained line verbatim with its position, never discount one. stage_at_close=E-verdict loads_this_process=1
[U1C5] ERRORWATCH U1C5 — every [LUA ERROR] in this log file between the '=== unattended-1 U1C5 ===' banner and this line happened inside this cycle. Attribute each one against the FORCED / ORGANIC window markers printed above; report every unexplained line verbatim with its position, never discount one. stage_at_close=E-verdict loads_this_process=1
[mod] [U1C5] === cycle 5 (leg E) complete ===
[U1C5] === cycle 5 (leg E) complete ===
[mod] [U1C5] SHUTDOWN done
[U1C5] SHUTDOWN done
						Lua 0:01:10:761


Stopping the game threads from the Lua side with exit code 0.

					Render 0:01:10:763


Stopping the game threads after receiving WM_QUIT.

					Render 0:01:11:088


*** Debug::Done()
Time (ms)	71088


